Archive member included to satisfy reference by file (symbol)

C:/Users/gsvn0/Desktop/Do_an/dwm1001_Tag/DWM1001-Real-Time-Localization-System/dwm-simple/../../lib/libdwm.a(ble-server.o)
                              C:/Users/gsvn0/Desktop/Do_an/dwm1001_Tag/DWM1001-Real-Time-Localization-System/dwm-simple/../../lib/dwm.o (ble_add_shell_cmds)
C:/Users/gsvn0/Desktop/Do_an/dwm1001_Tag/DWM1001-Real-Time-Localization-System/dwm-simple/../../lib/libdwm.a(ble_srv_common.o)
                              C:/Users/gsvn0/Desktop/Do_an/dwm1001_Tag/DWM1001-Real-Time-Localization-System/dwm-simple/../../lib/libdwm.a(ble-server.o) (ble_srv_is_notification_enabled)
C:/Users/gsvn0/Desktop/Do_an/dwm1001_Tag/DWM1001-Real-Time-Localization-System/dwm-simple/../../lib/libdwm.a(dw1000.o)
                              C:/Users/gsvn0/Desktop/Do_an/dwm1001_Tag/DWM1001-Real-Time-Localization-System/dwm-simple/../../lib/libdwm.a(ble-server.o) (dw_rand)
C:/Users/gsvn0/Desktop/Do_an/dwm1001_Tag/DWM1001-Real-Time-Localization-System/dwm-simple/../../lib/libdwm.a(dwm-math.o)
                              C:/Users/gsvn0/Desktop/Do_an/dwm1001_Tag/DWM1001-Real-Time-Localization-System/dwm-simple/../../lib/libdwm.a(dw1000.o) (flog10)
C:/Users/gsvn0/Desktop/Do_an/dwm1001_Tag/DWM1001-Real-Time-Localization-System/dwm-simple/../../lib/libdwm.a(dwm.o)
                              C:/Users/gsvn0/Desktop/Do_an/dwm1001_Tag/DWM1001-Real-Time-Localization-System/dwm-simple/output/compiler/dwm-simple.o (dwm_systime_us_get)
C:/Users/gsvn0/Desktop/Do_an/dwm1001_Tag/DWM1001-Real-Time-Localization-System/dwm-simple/../../lib/libdwm.a(env-tlv.o)
                              C:/Users/gsvn0/Desktop/Do_an/dwm1001_Tag/DWM1001-Real-Time-Localization-System/dwm-simple/../../lib/dwm.o (env_load)
C:/Users/gsvn0/Desktop/Do_an/dwm1001_Tag/DWM1001-Real-Time-Localization-System/dwm-simple/../../lib/libdwm.a(fwup.o)
                              C:/Users/gsvn0/Desktop/Do_an/dwm1001_Tag/DWM1001-Real-Time-Localization-System/dwm-simple/../../lib/libdwm.a(ble-server.o) (fwup_rcvr_in_progress)
C:/Users/gsvn0/Desktop/Do_an/dwm1001_Tag/DWM1001-Real-Time-Localization-System/dwm-simple/../../lib/libdwm.a(hal.o)
                              C:/Users/gsvn0/Desktop/Do_an/dwm1001_Tag/DWM1001-Real-Time-Localization-System/dwm-simple/../../lib/libdwm.a(dwm.o) (hal_factory_reset)
C:/Users/gsvn0/Desktop/Do_an/dwm1001_Tag/DWM1001-Real-Time-Localization-System/dwm-simple/../../lib/libdwm.a(nrf_drv_rng.o)
                              C:/Users/gsvn0/Desktop/Do_an/dwm1001_Tag/DWM1001-Real-Time-Localization-System/dwm-simple/../../lib/libdwm.a(hal.o) (nrf_drv_rng_init)
C:/Users/gsvn0/Desktop/Do_an/dwm1001_Tag/DWM1001-Real-Time-Localization-System/dwm-simple/../../lib/libdwm.a(pm.o)
                              C:/Users/gsvn0/Desktop/Do_an/dwm1001_Tag/DWM1001-Real-Time-Localization-System/dwm-simple/../../lib/libdwm.a(ble-server.o) (pm_sched_signal)
C:/Users/gsvn0/Desktop/Do_an/dwm1001_Tag/DWM1001-Real-Time-Localization-System/dwm-simple/../../lib/libdwm.a(process-api.o)
                              C:/Users/gsvn0/Desktop/Do_an/dwm1001_Tag/DWM1001-Real-Time-Localization-System/dwm-simple/../../lib/dwm.o (api_thread_start)
C:/Users/gsvn0/Desktop/Do_an/dwm1001_Tag/DWM1001-Real-Time-Localization-System/dwm-simple/../../lib/libdwm.a(process-ble.o)
                              C:/Users/gsvn0/Desktop/Do_an/dwm1001_Tag/DWM1001-Real-Time-Localization-System/dwm-simple/../../lib/libdwm.a(ble-server.o) (ble_server_evt_put)
C:/Users/gsvn0/Desktop/Do_an/dwm1001_Tag/DWM1001-Real-Time-Localization-System/dwm-simple/../../lib/libdwm.a(process-le.o)
                              C:/Users/gsvn0/Desktop/Do_an/dwm1001_Tag/DWM1001-Real-Time-Localization-System/dwm-simple/../../lib/dwm.o (le_init)
C:/Users/gsvn0/Desktop/Do_an/dwm1001_Tag/DWM1001-Real-Time-Localization-System/dwm-simple/../../lib/libdwm.a(process-pm.o)
                              C:/Users/gsvn0/Desktop/Do_an/dwm1001_Tag/DWM1001-Real-Time-Localization-System/dwm-simple/../../lib/dwm.o (hal_pm_init)
C:/Users/gsvn0/Desktop/Do_an/dwm1001_Tag/DWM1001-Real-Time-Localization-System/dwm-simple/../../lib/libdwm.a(process-svc.o)
                              C:/Users/gsvn0/Desktop/Do_an/dwm1001_Tag/DWM1001-Real-Time-Localization-System/dwm-simple/../../lib/dwm.o (svc_init)
C:/Users/gsvn0/Desktop/Do_an/dwm1001_Tag/DWM1001-Real-Time-Localization-System/dwm-simple/../../lib/libdwm.a(process-uwbmac.o)
                              C:/Users/gsvn0/Desktop/Do_an/dwm1001_Tag/DWM1001-Real-Time-Localization-System/dwm-simple/../../lib/dwm.o (uwbmac_init)
C:/Users/gsvn0/Desktop/Do_an/dwm1001_Tag/DWM1001-Real-Time-Localization-System/dwm-simple/../../lib/libdwm.a(process-uwb.o)
                              C:/Users/gsvn0/Desktop/Do_an/dwm1001_Tag/DWM1001-Real-Time-Localization-System/dwm-simple/../../lib/dwm.o (uwb_init)
[...]
Memory Configuration

Name             Origin             Length             Attributes
sram             0x200035e0         0x0000ba20
flash            0x00044000         0x0003c000
*default*        0x00000000         0xffffffff

Linker script and memory map

LOAD C:/Users/gsvn0/Desktop/Do_an/dwm1001_Tag/DWM1001-Real-Time-Localization-System/dwm-simple/../../lib\vectors.o
LOAD C:/Users/gsvn0/Desktop/Do_an/dwm1001_Tag/DWM1001-Real-Time-Localization-System/dwm-simple/output/compiler/dwm-simple.o
LOAD C:/Users/gsvn0/Desktop/Do_an/dwm1001_Tag/DWM1001-Real-Time-Localization-System/dwm-simple/../../lib/dwm.o
LOAD C:/Users/gsvn0/Desktop/Do_an/dwm1001_Tag/DWM1001-Real-Time-Localization-System/dwm-simple/../../lib/libdwm.a
LOAD c:/program files (x86)/gnu arm embedded toolchain/10 2021.10/bin/../lib/gcc/arm-none-eabi/10.3.1/../../../../arm-none-eabi/lib/thumb/v7e-m+fp/hard\libm.a
LOAD c:/program files (x86)/gnu arm embedded toolchain/10 2021.10/bin/../lib/gcc/arm-none-eabi/10.3.1/thumb/v7e-m+fp/hard\libgcc.a
LOAD c:/program files (x86)/gnu arm embedded toolchain/10 2021.10/bin/../lib/gcc/arm-none-eabi/10.3.1/../../../../arm-none-eabi/lib/thumb/v7e-m+fp/hard\libc.a
LOAD c:/program files (x86)/gnu arm embedded toolchain/10 2021.10/bin/../lib/gcc/arm-none-eabi/10.3.1/../../../../arm-none-eabi/lib/thumb/v7e-m+fp/hard\libnosys.a
LOAD C:/Users/gsvn0/Desktop/Do_an/dwm1001_Tag/DWM1001-Real-Time-Localization-System/dwm-simple/../../lib\extras.o
START GROUP
LOAD C:/Users/gsvn0/Desktop/Do_an/dwm1001_Tag/DWM1001-Real-Time-Localization-System/dwm-simple/../../lib\libtarget.a
LOAD c:/program files (x86)/gnu arm embedded toolchain/10 2021.10/bin/../lib/gcc/arm-none-eabi/10.3.1/thumb/v7e-m+fp/hard\libgcc.a
LOAD c:/program files (x86)/gnu arm embedded toolchain/10 2021.10/bin/../lib/gcc/arm-none-eabi/10.3.1/../../../../arm-none-eabi/lib/thumb/v7e-m+fp/hard\libsupc++.a
END GROUP

.debug_aranges  0x00000000       0x48
 *(.debug_aranges)
 .debug_aranges
                0x00000000       0x48 C:/Users/gsvn0/Desktop/Do_an/dwm1001_Tag/DWM1001-Real-Time-Localization-System/dwm-simple/output/compiler/dwm-simple.o

.debug_pubnames
 *(.debug_pubnames)

.debug_info     0x00000000      0xae9
 *(.debug_info)
 .debug_info    0x00000000      0xae9 C:/Users/gsvn0/Desktop/Do_an/dwm1001_Tag/DWM1001-Real-Time-Localization-System/dwm-simple/output/compiler/dwm-simple.o

.debug_abbrev   0x00000000      0x286
 *(.debug_abbrev)
 .debug_abbrev  0x00000000      0x286 C:/Users/gsvn0/Desktop/Do_an/dwm1001_Tag/DWM1001-Real-Time-Localization-System/dwm-simple/output/compiler/dwm-simple.o

.debug_line     0x00000000      0x73f
 *(.debug_line)
 .debug_line    0x00000000      0x73f C:/Users/gsvn0/Desktop/Do_an/dwm1001_Tag/DWM1001-Real-Time-Localization-System/dwm-simple/output/compiler/dwm-simple.o

.debug_frame    0x00000000     0x1f38
 *(.debug_frame)
 .debug_frame   0x00000000       0xfc C:/Users/gsvn0/Desktop/Do_an/dwm1001_Tag/DWM1001-Real-Time-Localization-System/dwm-simple/output/compiler/dwm-simple.o
 .debug_frame   0x000000fc       0x30 c:/program files (x86)/gnu arm embedded toolchain/10 2021.10/bin/../lib/gcc/arm-none-eabi/10.3.1/../../../../arm-none-eabi/lib/thumb/v7e-m+fp/hard\libm.a(lib_a-s_ceil.o)
 .debug_frame   0x0000012c       0x30 c:/program files (x86)/gnu arm embedded toolchain/10 2021.10/bin/../lib/gcc/arm-none-eabi/10.3.1/../../../../arm-none-eabi/lib/thumb/v7e-m+fp/hard\libm.a(lib_a-s_floor.o)
 .debug_frame   0x0000015c       0x48 c:/program files (x86)/gnu arm embedded toolchain/10 2021.10/bin/../lib/gcc/arm-none-eabi/10.3.1/../../../../arm-none-eabi/lib/thumb/v7e-m+fp/hard\libm.a(lib_a-w_sqrt.o)
 .debug_frame   0x000001a4       0x30 c:/program files (x86)/gnu arm embedded toolchain/10 2021.10/bin/../lib/gcc/arm-none-eabi/10.3.1/../../../../arm-none-eabi/lib/thumb/v7e-m+fp/hard\libm.a(lib_a-e_sqrt.o)
 .debug_frame   0x000001d4       0xac c:/program files (x86)/gnu arm embedded toolchain/10 2021.10/bin/../lib/gcc/arm-none-eabi/10.3.1/thumb/v7e-m+fp/hard\libgcc.a(_arm_addsubdf3.o)
 .debug_frame   0x00000280       0x50 c:/program files (x86)/gnu arm embedded toolchain/10 2021.10/bin/../lib/gcc/arm-none-eabi/10.3.1/thumb/v7e-m+fp/hard\libgcc.a(_arm_muldivdf3.o)
 .debug_frame   0x000002d0       0xc4 c:/program files (x86)/gnu arm embedded toolchain/10 2021.10/bin/../lib/gcc/arm-none-eabi/10.3.1/thumb/v7e-m+fp/hard\libgcc.a(_arm_cmpdf2.o)
 .debug_frame   0x00000394       0x20 c:/program files (x86)/gnu arm embedded toolchain/10 2021.10/bin/../lib/gcc/arm-none-eabi/10.3.1/thumb/v7e-m+fp/hard\libgcc.a(_arm_unorddf2.o)
 .debug_frame   0x000003b4       0x24 c:/program files (x86)/gnu arm embedded toolchain/10 2021.10/bin/../lib/gcc/arm-none-eabi/10.3.1/thumb/v7e-m+fp/hard\libgcc.a(_arm_fixdfsi.o)
 .debug_frame   0x000003d8       0x24 c:/program files (x86)/gnu arm embedded toolchain/10 2021.10/bin/../lib/gcc/arm-none-eabi/10.3.1/thumb/v7e-m+fp/hard\libgcc.a(_arm_fixunsdfsi.o)
 .debug_frame   0x000003fc       0x24 c:/program files (x86)/gnu arm embedded toolchain/10 2021.10/bin/../lib/gcc/arm-none-eabi/10.3.1/thumb/v7e-m+fp/hard\libgcc.a(_arm_truncdfsf2.o)
 .debug_frame   0x00000420       0x4c c:/program files (x86)/gnu arm embedded toolchain/10 2021.10/bin/../lib/gcc/arm-none-eabi/10.3.1/thumb/v7e-m+fp/hard\libgcc.a(_arm_addsubsf3.o)
 .debug_frame   0x0000046c       0x44 c:/program files (x86)/gnu arm embedded toolchain/10 2021.10/bin/../lib/gcc/arm-none-eabi/10.3.1/thumb/v7e-m+fp/hard\libgcc.a(_aeabi_ldivmod.o)
 .debug_frame   0x000004b0       0x2c c:/program files (x86)/gnu arm embedded toolchain/10 2021.10/bin/../lib/gcc/arm-none-eabi/10.3.1/thumb/v7e-m+fp/hard\libgcc.a(_aeabi_uldivmod.o)
 .debug_frame   0x000004dc       0x2c c:/program files (x86)/gnu arm embedded toolchain/10 2021.10/bin/../lib/gcc/arm-none-eabi/10.3.1/thumb/v7e-m+fp/hard\libgcc.a(_fixunssfdi.o)
 .debug_frame   0x00000508       0x2c c:/program files (x86)/gnu arm embedded toolchain/10 2021.10/bin/../lib/gcc/arm-none-eabi/10.3.1/thumb/v7e-m+fp/hard\libgcc.a(_fixunsdfdi.o)
 .debug_frame   0x00000534       0x34 c:/program files (x86)/gnu arm embedded toolchain/10 2021.10/bin/../lib/gcc/arm-none-eabi/10.3.1/thumb/v7e-m+fp/hard\libgcc.a(_udivmoddi4.o)
 .debug_frame   0x00000568       0x30 c:/program files (x86)/gnu arm embedded toolchain/10 2021.10/bin/../lib/gcc/arm-none-eabi/10.3.1/../../../../arm-none-eabi/lib/thumb/v7e-m+fp/hard\libc.a(lib_a-atoi.o)
 .debug_frame   0x00000598       0x2c c:/program files (x86)/gnu arm embedded toolchain/10 2021.10/bin/../lib/gcc/arm-none-eabi/10.3.1/../../../../arm-none-eabi/lib/thumb/v7e-m+fp/hard\libc.a(lib_a-calloc.o)
 .debug_frame   0x000005c4       0x2c c:/program files (x86)/gnu arm embedded toolchain/10 2021.10/bin/../lib/gcc/arm-none-eabi/10.3.1/../../../../arm-none-eabi/lib/thumb/v7e-m+fp/hard\libc.a(lib_a-callocr.o)
 .debug_frame   0x000005f0       0x20 c:/program files (x86)/gnu arm embedded toolchain/10 2021.10/bin/../lib/gcc/arm-none-eabi/10.3.1/../../../../arm-none-eabi/lib/thumb/v7e-m+fp/hard\libc.a(lib_a-errno.o)
 .debug_frame   0x00000610       0x70 c:/program files (x86)/gnu arm embedded toolchain/10 2021.10/bin/../lib/gcc/arm-none-eabi/10.3.1/../../../../arm-none-eabi/lib/thumb/v7e-m+fp/hard\libc.a(lib_a-fflush.o)
 .debug_frame   0x00000680      0x154 c:/program files (x86)/gnu arm embedded toolchain/10 2021.10/bin/../lib/gcc/arm-none-eabi/10.3.1/../../../../arm-none-eabi/lib/thumb/v7e-m+fp/hard\libc.a(lib_a-findfp.o)
 .debug_frame   0x000007d4       0x8c c:/program files (x86)/gnu arm embedded toolchain/10 2021.10/bin/../lib/gcc/arm-none-eabi/10.3.1/../../../../arm-none-eabi/lib/thumb/v7e-m+fp/hard\libc.a(lib_a-freer.o)
 .debug_frame   0x00000860       0x54 c:/program files (x86)/gnu arm embedded toolchain/10 2021.10/bin/../lib/gcc/arm-none-eabi/10.3.1/../../../../arm-none-eabi/lib/thumb/v7e-m+fp/hard\libc.a(lib_a-fwalk.o)
 .debug_frame   0x000008b4       0xb0 c:/program files (x86)/gnu arm embedded toolchain/10 2021.10/bin/../lib/gcc/arm-none-eabi/10.3.1/../../../../arm-none-eabi/lib/thumb/v7e-m+fp/hard\libc.a(lib_a-lock.o)
 .debug_frame   0x00000964       0x30 c:/program files (x86)/gnu arm embedded toolchain/10 2021.10/bin/../lib/gcc/arm-none-eabi/10.3.1/../../../../arm-none-eabi/lib/thumb/v7e-m+fp/hard\libc.a(lib_a-malloc.o)
 .debug_frame   0x00000994       0x4c c:/program files (x86)/gnu arm embedded toolchain/10 2021.10/bin/../lib/gcc/arm-none-eabi/10.3.1/../../../../arm-none-eabi/lib/thumb/v7e-m+fp/hard\libc.a(lib_a-mallocr.o)
 .debug_frame   0x000009e0       0x2c c:/program files (x86)/gnu arm embedded toolchain/10 2021.10/bin/../lib/gcc/arm-none-eabi/10.3.1/../../../../arm-none-eabi/lib/thumb/v7e-m+fp/hard\libc.a(lib_a-memcmp.o)
 .debug_frame   0x00000a0c       0x2c c:/program files (x86)/gnu arm embedded toolchain/10 2021.10/bin/../lib/gcc/arm-none-eabi/10.3.1/../../../../arm-none-eabi/lib/thumb/v7e-m+fp/hard\libc.a(lib_a-memset.o)
 .debug_frame   0x00000a38       0x30 c:/program files (x86)/gnu arm embedded toolchain/10 2021.10/bin/../lib/gcc/arm-none-eabi/10.3.1/../../../../arm-none-eabi/lib/thumb/v7e-m+fp/hard\libc.a(lib_a-mlock.o)
 .debug_frame   0x00000a68       0x8c c:/program files (x86)/gnu arm embedded toolchain/10 2021.10/bin/../lib/gcc/arm-none-eabi/10.3.1/../../../../arm-none-eabi/lib/thumb/v7e-m+fp/hard\libc.a(lib_a-mstats.o)
 .debug_frame   0x00000af4       0x74 c:/program files (x86)/gnu arm embedded toolchain/10 2021.10/bin/../lib/gcc/arm-none-eabi/10.3.1/../../../../arm-none-eabi/lib/thumb/v7e-m+fp/hard\libc.a(lib_a-printf.o)
 .debug_frame   0x00000b68       0x30 c:/program files (x86)/gnu arm embedded toolchain/10 2021.10/bin/../lib/gcc/arm-none-eabi/10.3.1/../../../../arm-none-eabi/lib/thumb/v7e-m+fp/hard\libc.a(lib_a-putchar.o)
 .debug_frame   0x00000b98       0x4c c:/program files (x86)/gnu arm embedded toolchain/10 2021.10/bin/../lib/gcc/arm-none-eabi/10.3.1/../../../../arm-none-eabi/lib/thumb/v7e-m+fp/hard\libc.a(lib_a-puts.o)
 .debug_frame   0x00000be4       0x2c c:/program files (x86)/gnu arm embedded toolchain/10 2021.10/bin/../lib/gcc/arm-none-eabi/10.3.1/../../../../arm-none-eabi/lib/thumb/v7e-m+fp/hard\libc.a(lib_a-sbrkr.o)
 .debug_frame   0x00000c10       0x94 c:/program files (x86)/gnu arm embedded toolchain/10 2021.10/bin/../lib/gcc/arm-none-eabi/10.3.1/../../../../arm-none-eabi/lib/thumb/v7e-m+fp/hard\libc.a(lib_a-snprintf.o)
 .debug_frame   0x00000ca4       0x8c c:/program files (x86)/gnu arm embedded toolchain/10 2021.10/bin/../lib/gcc/arm-none-eabi/10.3.1/../../../../arm-none-eabi/lib/thumb/v7e-m+fp/hard\libc.a(lib_a-stdio.o)
 .debug_frame   0x00000d30       0x68 c:/program files (x86)/gnu arm embedded toolchain/10 2021.10/bin/../lib/gcc/arm-none-eabi/10.3.1/../../../../arm-none-eabi/lib/thumb/v7e-m+fp/hard\libc.a(lib_a-strcmp.o)
 .debug_frame   0x00000d98       0x38 c:/program files (x86)/gnu arm embedded toolchain/10 2021.10/bin/../lib/gcc/arm-none-eabi/10.3.1/../../../../arm-none-eabi/lib/thumb/v7e-m+fp/hard\libc.a(lib_a-strncmp.o)
 .debug_frame   0x00000dd0       0x20 c:/program files (x86)/gnu arm embedded toolchain/10 2021.10/bin/../lib/gcc/arm-none-eabi/10.3.1/../../../../arm-none-eabi/lib/thumb/v7e-m+fp/hard\libc.a(lib_a-strnlen.o)
 .debug_frame   0x00000df0       0x20 c:/program files (x86)/gnu arm embedded toolchain/10 2021.10/bin/../lib/gcc/arm-none-eabi/10.3.1/../../../../arm-none-eabi/lib/thumb/v7e-m+fp/hard\libc.a(lib_a-strtok.o)
 .debug_frame   0x00000e10       0x50 c:/program files (x86)/gnu arm embedded toolchain/10 2021.10/bin/../lib/gcc/arm-none-eabi/10.3.1/../../../../arm-none-eabi/lib/thumb/v7e-m+fp/hard\libc.a(lib_a-strtok_r.o)
 .debug_frame   0x00000e60       0x80 c:/program files (x86)/gnu arm embedded toolchain/10 2021.10/bin/../lib/gcc/arm-none-eabi/10.3.1/../../../../arm-none-eabi/lib/thumb/v7e-m+fp/hard\libc.a(lib_a-strtol.o)
 .debug_frame   0x00000ee0       0x7c c:/program files (x86)/gnu arm embedded toolchain/10 2021.10/bin/../lib/gcc/arm-none-eabi/10.3.1/../../../../arm-none-eabi/lib/thumb/v7e-m+fp/hard\libc.a(lib_a-strtoul.o)
 .debug_frame   0x00000f5c       0x7c c:/program files (x86)/gnu arm embedded toolchain/10 2021.10/bin/../lib/gcc/arm-none-eabi/10.3.1/../../../../arm-none-eabi/lib/thumb/v7e-m+fp/hard\libc.a(lib_a-svfprintf.o)
 .debug_frame   0x00000fd8       0xe4 c:/program files (x86)/gnu arm embedded toolchain/10 2021.10/bin/../lib/gcc/arm-none-eabi/10.3.1/../../../../arm-none-eabi/lib/thumb/v7e-m+fp/hard\libc.a(lib_a-vfprintf.o)
 .debug_frame   0x000010bc       0x2c c:/program files (x86)/gnu arm embedded toolchain/10 2021.10/bin/../lib/gcc/arm-none-eabi/10.3.1/../../../../arm-none-eabi/lib/thumb/v7e-m+fp/hard\libc.a(lib_a-writer.o)
 .debug_frame   0x000010e8       0x2c c:/program files (x86)/gnu arm embedded toolchain/10 2021.10/bin/../lib/gcc/arm-none-eabi/10.3.1/../../../../arm-none-eabi/lib/thumb/v7e-m+fp/hard\libc.a(lib_a-wsetup.o)
 .debug_frame   0x00001114       0x2c c:/program files (x86)/gnu arm embedded toolchain/10 2021.10/bin/../lib/gcc/arm-none-eabi/10.3.1/../../../../arm-none-eabi/lib/thumb/v7e-m+fp/hard\libc.a(lib_a-closer.o)
 .debug_frame   0x00001140       0xdc c:/program files (x86)/gnu arm embedded toolchain/10 2021.10/bin/../lib/gcc/arm-none-eabi/10.3.1/../../../../arm-none-eabi/lib/thumb/v7e-m+fp/hard\libc.a(lib_a-dtoa.o)
 .debug_frame   0x0000121c       0x3c c:/program files (x86)/gnu arm embedded toolchain/10 2021.10/bin/../lib/gcc/arm-none-eabi/10.3.1/../../../../arm-none-eabi/lib/thumb/v7e-m+fp/hard\libc.a(lib_a-fclose.o)
 .debug_frame   0x00001258       0x70 c:/program files (x86)/gnu arm embedded toolchain/10 2021.10/bin/../lib/gcc/arm-none-eabi/10.3.1/../../../../arm-none-eabi/lib/thumb/v7e-m+fp/hard\libc.a(lib_a-fiprintf.o)
 .debug_frame   0x000012c8       0x64 c:/program files (x86)/gnu arm embedded toolchain/10 2021.10/bin/../lib/gcc/arm-none-eabi/10.3.1/../../../../arm-none-eabi/lib/thumb/v7e-m+fp/hard\libc.a(lib_a-fvwrite.o)
 .debug_frame   0x0000132c       0x40 c:/program files (x86)/gnu arm embedded toolchain/10 2021.10/bin/../lib/gcc/arm-none-eabi/10.3.1/../../../../arm-none-eabi/lib/thumb/v7e-m+fp/hard\libc.a(lib_a-localeconv.o)
 .debug_frame   0x0000136c       0x2c c:/program files (x86)/gnu arm embedded toolchain/10 2021.10/bin/../lib/gcc/arm-none-eabi/10.3.1/../../../../arm-none-eabi/lib/thumb/v7e-m+fp/hard\libc.a(lib_a-lseekr.o)
 .debug_frame   0x00001398       0x70 c:/program files (x86)/gnu arm embedded toolchain/10 2021.10/bin/../lib/gcc/arm-none-eabi/10.3.1/../../../../arm-none-eabi/lib/thumb/v7e-m+fp/hard\libc.a(lib_a-makebuf.o)
 .debug_frame   0x00001408       0x44 c:/program files (x86)/gnu arm embedded toolchain/10 2021.10/bin/../lib/gcc/arm-none-eabi/10.3.1/../../../../arm-none-eabi/lib/thumb/v7e-m+fp/hard\libc.a(lib_a-mallinfor.o)
 .debug_frame   0x0000144c       0x40 c:/program files (x86)/gnu arm embedded toolchain/10 2021.10/bin/../lib/gcc/arm-none-eabi/10.3.1/../../../../arm-none-eabi/lib/thumb/v7e-m+fp/hard\libc.a(lib_a-memmove.o)
 .debug_frame   0x0000148c      0x280 c:/program files (x86)/gnu arm embedded toolchain/10 2021.10/bin/../lib/gcc/arm-none-eabi/10.3.1/../../../../arm-none-eabi/lib/thumb/v7e-m+fp/hard\libc.a(lib_a-mprec.o)
 .debug_frame   0x0000170c       0x48 c:/program files (x86)/gnu arm embedded toolchain/10 2021.10/bin/../lib/gcc/arm-none-eabi/10.3.1/../../../../arm-none-eabi/lib/thumb/v7e-m+fp/hard\libc.a(lib_a-putc.o)
 .debug_frame   0x00001754       0x2c c:/program files (x86)/gnu arm embedded toolchain/10 2021.10/bin/../lib/gcc/arm-none-eabi/10.3.1/../../../../arm-none-eabi/lib/thumb/v7e-m+fp/hard\libc.a(lib_a-readr.o)
 .debug_frame   0x00001780       0x48 c:/program files (x86)/gnu arm embedded toolchain/10 2021.10/bin/../lib/gcc/arm-none-eabi/10.3.1/../../../../arm-none-eabi/lib/thumb/v7e-m+fp/hard\libc.a(lib_a-reallocr.o)
 .debug_frame   0x000017c8       0x64 c:/program files (x86)/gnu arm embedded toolchain/10 2021.10/bin/../lib/gcc/arm-none-eabi/10.3.1/../../../../arm-none-eabi/lib/thumb/v7e-m+fp/hard\libc.a(lib_a-reent.o)
 .debug_frame   0x0000182c       0x2c c:/program files (x86)/gnu arm embedded toolchain/10 2021.10/bin/../lib/gcc/arm-none-eabi/10.3.1/../../../../arm-none-eabi/lib/thumb/v7e-m+fp/hard\libc.a(lib_a-s_frexp.o)
 .debug_frame   0x00001858       0x2c c:/program files (x86)/gnu arm embedded toolchain/10 2021.10/bin/../lib/gcc/arm-none-eabi/10.3.1/../../../../arm-none-eabi/lib/thumb/v7e-m+fp/hard\libc.a(lib_a-strncpy.o)
 .debug_frame   0x00001884       0x88 c:/program files (x86)/gnu arm embedded toolchain/10 2021.10/bin/../lib/gcc/arm-none-eabi/10.3.1/../../../../arm-none-eabi/lib/thumb/v7e-m+fp/hard\libc.a(lib_a-svfiprintf.o)
 .debug_frame   0x0000190c       0xf4 c:/program files (x86)/gnu arm embedded toolchain/10 2021.10/bin/../lib/gcc/arm-none-eabi/10.3.1/../../../../arm-none-eabi/lib/thumb/v7e-m+fp/hard\libc.a(lib_a-vfiprintf.o)
 .debug_frame   0x00001a00       0x4c c:/program files (x86)/gnu arm embedded toolchain/10 2021.10/bin/../lib/gcc/arm-none-eabi/10.3.1/../../../../arm-none-eabi/lib/thumb/v7e-m+fp/hard\libc.a(lib_a-wbuf.o)
 .debug_frame   0x00001a4c       0x40 c:/program files (x86)/gnu arm embedded toolchain/10 2021.10/bin/../lib/gcc/arm-none-eabi/10.3.1/../../../../arm-none-eabi/lib/thumb/v7e-m+fp/hard\libc.a(lib_a-assert.o)
 .debug_frame   0x00001a8c       0x8c c:/program files (x86)/gnu arm embedded toolchain/10 2021.10/bin/../lib/gcc/arm-none-eabi/10.3.1/../../../../arm-none-eabi/lib/thumb/v7e-m+fp/hard\libc.a(lib_a-fputwc.o)
 .debug_frame   0x00001b18       0x2c c:/program files (x86)/gnu arm embedded toolchain/10 2021.10/bin/../lib/gcc/arm-none-eabi/10.3.1/../../../../arm-none-eabi/lib/thumb/v7e-m+fp/hard\libc.a(lib_a-fstatr.o)
 .debug_frame   0x00001b44       0x2c c:/program files (x86)/gnu arm embedded toolchain/10 2021.10/bin/../lib/gcc/arm-none-eabi/10.3.1/../../../../arm-none-eabi/lib/thumb/v7e-m+fp/hard\libc.a(lib_a-isattyr.o)
 .debug_frame   0x00001b70       0x68 c:/program files (x86)/gnu arm embedded toolchain/10 2021.10/bin/../lib/gcc/arm-none-eabi/10.3.1/../../../../arm-none-eabi/lib/thumb/v7e-m+fp/hard\libc.a(lib_a-locale.o)
 .debug_frame   0x00001bd8       0x4c c:/program files (x86)/gnu arm embedded toolchain/10 2021.10/bin/../lib/gcc/arm-none-eabi/10.3.1/../../../../arm-none-eabi/lib/thumb/v7e-m+fp/hard\libc.a(lib_a-mbtowc_r.o)
 .debug_frame   0x00001c24       0x60 c:/program files (x86)/gnu arm embedded toolchain/10 2021.10/bin/../lib/gcc/arm-none-eabi/10.3.1/../../../../arm-none-eabi/lib/thumb/v7e-m+fp/hard\libc.a(lib_a-wcrtomb.o)
 .debug_frame   0x00001c84       0x3c c:/program files (x86)/gnu arm embedded toolchain/10 2021.10/bin/../lib/gcc/arm-none-eabi/10.3.1/../../../../arm-none-eabi/lib/thumb/v7e-m+fp/hard\libc.a(lib_a-wctomb_r.o)
 .debug_frame   0x00001cc0       0x28 c:/program files (x86)/gnu arm embedded toolchain/10 2021.10/bin/../lib/gcc/arm-none-eabi/10.3.1/../../../../arm-none-eabi/lib/thumb/v7e-m+fp/hard\libc.a(lib_a-abort.o)
 .debug_frame   0x00001ce8      0x114 c:/program files (x86)/gnu arm embedded toolchain/10 2021.10/bin/../lib/gcc/arm-none-eabi/10.3.1/../../../../arm-none-eabi/lib/thumb/v7e-m+fp/hard\libc.a(lib_a-signal.o)
 .debug_frame   0x00001dfc       0x3c c:/program files (x86)/gnu arm embedded toolchain/10 2021.10/bin/../lib/gcc/arm-none-eabi/10.3.1/../../../../arm-none-eabi/lib/thumb/v7e-m+fp/hard\libc.a(lib_a-signalr.o)
 .debug_frame   0x00001e38       0x20 c:/program files (x86)/gnu arm embedded toolchain/10 2021.10/bin/../lib/gcc/arm-none-eabi/10.3.1/../../../../arm-none-eabi/lib/thumb/v7e-m+fp/hard\libnosys.a(close.o)
 .debug_frame   0x00001e58       0x20 c:/program files (x86)/gnu arm embedded toolchain/10 2021.10/bin/../lib/gcc/arm-none-eabi/10.3.1/../../../../arm-none-eabi/lib/thumb/v7e-m+fp/hard\libnosys.a(fstat.o)
 .debug_frame   0x00001e78       0x20 c:/program files (x86)/gnu arm embedded toolchain/10 2021.10/bin/../lib/gcc/arm-none-eabi/10.3.1/../../../../arm-none-eabi/lib/thumb/v7e-m+fp/hard\libnosys.a(getpid.o)
 .debug_frame   0x00001e98       0x20 c:/program files (x86)/gnu arm embedded toolchain/10 2021.10/bin/../lib/gcc/arm-none-eabi/10.3.1/../../../../arm-none-eabi/lib/thumb/v7e-m+fp/hard\libnosys.a(isatty.o)
 .debug_frame   0x00001eb8       0x20 c:/program files (x86)/gnu arm embedded toolchain/10 2021.10/bin/../lib/gcc/arm-none-eabi/10.3.1/../../../../arm-none-eabi/lib/thumb/v7e-m+fp/hard\libnosys.a(kill.o)
 .debug_frame   0x00001ed8       0x20 c:/program files (x86)/gnu arm embedded toolchain/10 2021.10/bin/../lib/gcc/arm-none-eabi/10.3.1/../../../../arm-none-eabi/lib/thumb/v7e-m+fp/hard\libnosys.a(lseek.o)
 .debug_frame   0x00001ef8       0x20 c:/program files (x86)/gnu arm embedded toolchain/10 2021.10/bin/../lib/gcc/arm-none-eabi/10.3.1/../../../../arm-none-eabi/lib/thumb/v7e-m+fp/hard\libnosys.a(_exit.o)
 .debug_frame   0x00001f18       0x20 c:/program files (x86)/gnu arm embedded toolchain/10 2021.10/bin/../lib/gcc/arm-none-eabi/10.3.1/../../../../arm-none-eabi/lib/thumb/v7e-m+fp/hard\libsupc++.a(atexit_arm.o)

.debug_str      0x00000000      0x62c
 *(.debug_str)
 .debug_str     0x00000000      0x62c C:/Users/gsvn0/Desktop/Do_an/dwm1001_Tag/DWM1001-Real-Time-Localization-System/dwm-simple/output/compiler/dwm-simple.o
                                0x6b9 (size before relaxing)

.debug_loc
 *(.debug_loc)

.debug_macinfo
 *(.debug_macinfo)

.note.arm.ident
 *(.note.arm.ident)

/DISCARD/
 *(.fini_array*)

.rom_vectors    0x00044000        0x8
                0x00044000                __rom_vectors_vma = ABSOLUTE (.)
                0x00044000                . = .
 *(.vectors)
 .vectors       0x00044000        0x8 C:/Users/gsvn0/Desktop/Do_an/dwm1001_Tag/DWM1001-Real-Time-Localization-System/dwm-simple/../../lib\vectors.o
                0x00044000                __rom_vectors_lma = LOADADDR (.rom_vectors)

.rel.text
 *(.rel.text)
 *(.rel.text.*)
 *(.rel.gnu.linkonce.t*)

.rela.text
 *(.rela.text)
 *(.rela.text.*)
 *(.rela.gnu.linkonce.t*)

.rel.data
 *(.rel.data)
 *(.rel.data.*)
 *(.rel.gnu.linkonce.d*)

.rela.data
 *(.rela.data)
 *(.rela.data.*)
 *(.rela.gnu.linkonce.d*)

.rel.rodata
 *(.rel.rodata)
 *(.rel.rodata.*)
 *(.rel.gnu.linkonce.r*)

.rela.rodata
 *(.rela.rodata)
 *(.rela.rodata.*)
 *(.rela.gnu.linkonce.r*)

.rel.got
 *(.rel.got)

.rela.got
 *(.rela.got)

.rel.ctors
 *(.rel.ctors)

.rela.ctors
 *(.rela.ctors)

.rel.dtors
 *(.rel.dtors)

.rela.dtors
 *(.rela.dtors)

.rel.init
 *(.rel.init)

.rela.init
 *(.rela.init)

.rel.fini
 *(.rel.fini)

.rela.fini
 *(.rela.fini)

.rel.bss
 *(.rel.bss)

.rela.bss
 *(.rela.bss)

.rel.plt
 *(.rel.plt)

.rela.plt
 *(.rela.plt)

.rel.dyn        0x00044008        0x0
 *(.rel.dyn)
 .rel.iplt      0x00044008        0x0 C:/Users/gsvn0/Desktop/Do_an/dwm1001_Tag/DWM1001-Real-Time-Localization-System/dwm-simple/../../lib\vectors.o

.ARM.extab      0x00044008        0x0
                [!provide]                PROVIDE (__stext = ABSOLUTE (.))
                0x00044008                _stext = ABSOLUTE (.)
                0x00044008                . = .
 *(.ARM.extab* .gnu.linkonce.armextab.*)
                0x00044008                . = ALIGN (0x8)
                0x00044008                __exidx_start = ABSOLUTE (.)

.ARM.exidx      0x00044008        0x8
 *(.ARM.exidx* .gnu.linkonce.armexidx.*)
 .ARM.exidx     0x00044008        0x8 c:/program files (x86)/gnu arm embedded toolchain/10 2021.10/bin/../lib/gcc/arm-none-eabi/10.3.1/thumb/v7e-m+fp/hard\libgcc.a(_udivmoddi4.o)
 .ARM.exidx.text.__aeabi_atexit
                0x00044010        0x0 c:/program files (x86)/gnu arm embedded toolchain/10 2021.10/bin/../lib/gcc/arm-none-eabi/10.3.1/../../../../arm-none-eabi/lib/thumb/v7e-m+fp/hard\libsupc++.a(atexit_arm.o)
                                  0x8 (size before relaxing)
                0x00044010                . = .
                0x00044010                __exidx_end = ABSOLUTE (.)

.text           0x00044010    0x2bec0
 *(.text*)
 .text          0x00044010       0xec C:/Users/gsvn0/Desktop/Do_an/dwm1001_Tag/DWM1001-Real-Time-Localization-System/dwm-simple/../../lib\vectors.o
                0x00044010                reset_vector
                0x0004401c                hal_switch_state_vsr
                0x0004403c                hal_default_exception_vsr
                0x0004406e                hal_default_interrupt_vsr
                0x00044082                hal_pendable_svc_vsr
                0x000440a8                hal_interrupt_end_done
                0x000440ac                hal_interrupt_end_vsr
                0x000440ba                hal_call_dsrs_vsr
                0x000440be                hal_default_svc_vsr
                0x000440cc                hal_usagefault_exception_vsr
                0x000440f4                hal_boot_jump_asm
 .text.kalman_init
                0x000440fc       0x3a C:/Users/gsvn0/Desktop/Do_an/dwm1001_Tag/DWM1001-Real-Time-Localization-System/dwm-simple/output/compiler/dwm-simple.o
                0x000440fc                kalman_init
 *fill*         0x00044136        0x2 
 .text.adaptive_kalman_update
                0x00044138       0xe4 C:/Users/gsvn0/Desktop/Do_an/dwm1001_Tag/DWM1001-Real-Time-Localization-System/dwm-simple/output/compiler/dwm-simple.o
                0x00044138                adaptive_kalman_update
 .text.app_thread_entry
                0x0004421c      0x9d0 C:/Users/gsvn0/Desktop/Do_an/dwm1001_Tag/DWM1001-Real-Time-Localization-System/dwm-simple/output/compiler/dwm-simple.o
                0x0004421c                app_thread_entry
 .text.dwm_user_start
                0x00044bec       0x58 C:/Users/gsvn0/Desktop/Do_an/dwm1001_Tag/DWM1001-Real-Time-Localization-System/dwm-simple/output/compiler/dwm-simple.o
                0x00044bec                dwm_user_start
 .text.user_thread_create
                0x00044c44       0x84 C:/Users/gsvn0/Desktop/Do_an/dwm1001_Tag/DWM1001-Real-Time-Localization-System/dwm-simple/../../lib/dwm.o
                0x00044c44                user_thread_create
 .text.user_thread_resume
                0x00044cc8       0x38 C:/Users/gsvn0/Desktop/Do_an/dwm1001_Tag/DWM1001-Real-Time-Localization-System/dwm-simple/../../lib/dwm.o
                0x00044cc8                user_thread_resume
 .text.dwm_shell_add_commands
                0x00044d00       0x6c C:/Users/gsvn0/Desktop/Do_an/dwm1001_Tag/DWM1001-Real-Time-Localization-System/dwm-simple/../../lib/dwm.o
                0x00044d00                dwm_shell_add_commands
 .text.cyg_user_start
                0x00044d6c      0x13c C:/Users/gsvn0/Desktop/Do_an/dwm1001_Tag/DWM1001-Real-Time-Localization-System/dwm-simple/../../lib/dwm.o
                0x00044d6c                cyg_user_start
 .text.ble_adv_is_enabled
                0x00044ea8        0xc C:/Users/gsvn0/Desktop/Do_an/dwm1001_Tag/DWM1001-Real-Time-Localization-System/dwm-simple/../../lib/libdwm.a(ble-server.o)
                0x00044ea8                ble_adv_is_enabled
 .text.ble_add_shell_cmds
                0x00044eb4       0x10 C:/Users/gsvn0/Desktop/Do_an/dwm1001_Tag/DWM1001-Real-Time-Localization-System/dwm-simple/../../lib/libdwm.a(ble-server.o)
                0x00044eb4                ble_add_shell_cmds
 .text.ble_start
                0x00044ec4       0x10 C:/Users/gsvn0/Desktop/Do_an/dwm1001_Tag/DWM1001-Real-Time-Localization-System/dwm-simple/../../lib/libdwm.a(ble-server.o)
                0x00044ec4                ble_start
 .text.ble_stop
                0x00044ed4       0x10 C:/Users/gsvn0/Desktop/Do_an/dwm1001_Tag/DWM1001-Real-Time-Localization-System/dwm-simple/../../lib/libdwm.a(ble-server.o)
                0x00044ed4                ble_stop
 .text.ble_req_stop
                0x00044ee4       0x10 C:/Users/gsvn0/Desktop/Do_an/dwm1001_Tag/DWM1001-Real-Time-Localization-System/dwm-simple/../../lib/libdwm.a(ble-server.o)
                0x00044ee4                ble_req_stop
 .text.ble_stop_is_needed
                0x00044ef4        0xc C:/Users/gsvn0/Desktop/Do_an/dwm1001_Tag/DWM1001-Real-Time-Localization-System/dwm-simple/../../lib/libdwm.a(ble-server.o)
                0x00044ef4                ble_stop_is_needed
 .text.ble_autosuspend_disable
                0x00044f00        0xc C:/Users/gsvn0/Desktop/Do_an/dwm1001_Tag/DWM1001-Real-Time-Localization-System/dwm-simple/../../lib/libdwm.a(ble-server.o)
                0x00044f00                ble_autosuspend_disable
 .text.ble_autosuspend_enable
                0x00044f0c        0xc C:/Users/gsvn0/Desktop/Do_an/dwm1001_Tag/DWM1001-Real-Time-Localization-System/dwm-simple/../../lib/libdwm.a(ble-server.o)
                0x00044f0c                ble_autosuspend_enable
 .text.ble_label_set
                0x00044f18       0x10 C:/Users/gsvn0/Desktop/Do_an/dwm1001_Tag/DWM1001-Real-Time-Localization-System/dwm-simple/../../lib/libdwm.a(ble-server.o)
                0x00044f18                ble_label_set
 .text.ble_ur_set
                0x00044f28       0x10 C:/Users/gsvn0/Desktop/Do_an/dwm1001_Tag/DWM1001-Real-Time-Localization-System/dwm-simple/../../lib/libdwm.a(ble-server.o)
                0x00044f28                ble_ur_set
 .text.ble_pan_id_set
                0x00044f38       0x10 C:/Users/gsvn0/Desktop/Do_an/dwm1001_Tag/DWM1001-Real-Time-Localization-System/dwm-simple/../../lib/libdwm.a(ble-server.o)
                0x00044f38                ble_pan_id_set
 .text.ble_addr_set
                0x00044f48       0x14 C:/Users/gsvn0/Desktop/Do_an/dwm1001_Tag/DWM1001-Real-Time-Localization-System/dwm-simple/../../lib/libdwm.a(ble-server.o)
                0x00044f48                ble_addr_set
 .text.ble_addr_get
                0x00044f5c       0x14 C:/Users/gsvn0/Desktop/Do_an/dwm1001_Tag/DWM1001-Real-Time-Localization-System/dwm-simple/../../lib/libdwm.a(ble-server.o)
                0x00044f5c                ble_addr_get
 .text.ble_an_list_set
                0x00044f70       0x10 C:/Users/gsvn0/Desktop/Do_an/dwm1001_Tag/DWM1001-Real-Time-Localization-System/dwm-simple/../../lib/libdwm.a(ble-server.o)
                0x00044f70                ble_an_list_set
 .text.ble_mac_cl_info_set
                0x00044f80       0x10 C:/Users/gsvn0/Desktop/Do_an/dwm1001_Tag/DWM1001-Real-Time-Localization-System/dwm-simple/../../lib/libdwm.a(ble-server.o)
                0x00044f80                ble_mac_cl_info_set
 .text.ble_mac_stat_set
                0x00044f90       0x10 C:/Users/gsvn0/Desktop/Do_an/dwm1001_Tag/DWM1001-Real-Time-Localization-System/dwm-simple/../../lib/libdwm.a(ble-server.o)
                0x00044f90                ble_mac_stat_set
 .text.ble_proxy_set
                0x00044fa0       0x14 C:/Users/gsvn0/Desktop/Do_an/dwm1001_Tag/DWM1001-Real-Time-Localization-System/dwm-simple/../../lib/libdwm.a(ble-server.o)
                0x00044fa0                ble_proxy_set
 .text.ble_sys_info
                0x00044fb4       0x10 C:/Users/gsvn0/Desktop/Do_an/dwm1001_Tag/DWM1001-Real-Time-Localization-System/dwm-simple/../../lib/libdwm.a(ble-server.o)
                0x00044fb4                ble_sys_info
 *fill*         0x00044fc4        0x4 
 .text.dw_usec_to_devt
                0x00044fc8       0x20 C:/Users/gsvn0/Desktop/Do_an/dwm1001_Tag/DWM1001-Real-Time-Localization-System/dwm-simple/../../lib/libdwm.a(dw1000.o)
                0x00044fc8                dw_usec_to_devt
 .text.dw_read_sys_time
                0x00044fe8       0x40 C:/Users/gsvn0/Desktop/Do_an/dwm1001_Tag/DWM1001-Real-Time-Localization-System/dwm-simple/../../lib/libdwm.a(dw1000.o)
                0x00044fe8                dw_read_sys_time
 .text.dw_rand  0x00045028       0x18 C:/Users/gsvn0/Desktop/Do_an/dwm1001_Tag/DWM1001-Real-Time-Localization-System/dwm-simple/../../lib/libdwm.a(dw1000.o)
                0x00045028                dw_rand
 .text.dw_near_timeout
                0x00045040       0x50 C:/Users/gsvn0/Desktop/Do_an/dwm1001_Tag/DWM1001-Real-Time-Localization-System/dwm-simple/../../lib/libdwm.a(dw1000.o)
                0x00045040                dw_near_timeout
 .text.dw_tx_reset
                0x00045090       0x3a C:/Users/gsvn0/Desktop/Do_an/dwm1001_Tag/DWM1001-Real-Time-Localization-System/dwm-simple/../../lib/libdwm.a(dw1000.o)
                0x00045090                dw_tx_reset
 .text.dw_buf_write
                0x000450ca       0xd4 C:/Users/gsvn0/Desktop/Do_an/dwm1001_Tag/DWM1001-Real-Time-Localization-System/dwm-simple/../../lib/libdwm.a(dw1000.o)
                0x000450ca                dw_buf_write
 .text.dw_buf_start
                0x0004519e       0x90 C:/Users/gsvn0/Desktop/Do_an/dwm1001_Tag/DWM1001-Real-Time-Localization-System/dwm-simple/../../lib/libdwm.a(dw1000.o)
                0x0004519e                dw_buf_start
 .text.dw_buf_await_send
                0x0004522e       0x54 C:/Users/gsvn0/Desktop/Do_an/dwm1001_Tag/DWM1001-Real-Time-Localization-System/dwm-simple/../../lib/libdwm.a(dw1000.o)
                0x0004522e                dw_buf_await_send
 .text.dw_buf_send
                0x00045282       0x1e C:/Users/gsvn0/Desktop/Do_an/dwm1001_Tag/DWM1001-Real-Time-Localization-System/dwm-simple/../../lib/libdwm.a(dw1000.o)
                0x00045282                dw_buf_send
 .text.dw_rx_on
                0x000452a0       0x20 C:/Users/gsvn0/Desktop/Do_an/dwm1001_Tag/DWM1001-Real-Time-Localization-System/dwm-simple/../../lib/libdwm.a(dw1000.o)
                0x000452a0                dw_rx_on
 .text.dw_rxto_on
                0x000452c0       0x40 C:/Users/gsvn0/Desktop/Do_an/dwm1001_Tag/DWM1001-Real-Time-Localization-System/dwm-simple/../../lib/libdwm.a(dw1000.o)
                0x000452c0                dw_rxto_on
 .text.dw_get_preamble_len
                0x00045300       0x18 C:/Users/gsvn0/Desktop/Do_an/dwm1001_Tag/DWM1001-Real-Time-Localization-System/dwm-simple/../../lib/libdwm.a(dw1000.o)
                0x00045300                dw_get_preamble_len
 .text.dw_get_frame_len
                0x00045318      0x124 C:/Users/gsvn0/Desktop/Do_an/dwm1001_Tag/DWM1001-Real-Time-Localization-System/dwm-simple/../../lib/libdwm.a(dw1000.o)
                0x00045318                dw_get_frame_len
 *fill*         0x0004543c        0x4 
 .text.dw_get_qf
                0x00045440      0x16c C:/Users/gsvn0/Desktop/Do_an/dwm1001_Tag/DWM1001-Real-Time-Localization-System/dwm-simple/../../lib/libdwm.a(dw1000.o)
                0x00045440                dw_get_qf
 *fill*         0x000455ac        0x4 
 .text.dw_get_rssi
                0x000455b0       0xb8 C:/Users/gsvn0/Desktop/Do_an/dwm1001_Tag/DWM1001-Real-Time-Localization-System/dwm-simple/../../lib/libdwm.a(dw1000.o)
                0x000455b0                dw_get_rssi
 .text.dw_set_ch_cfg
                0x00045668        0xa C:/Users/gsvn0/Desktop/Do_an/dwm1001_Tag/DWM1001-Real-Time-Localization-System/dwm-simple/../../lib/libdwm.a(dw1000.o)
                0x00045668                dw_set_ch_cfg
 .text.dw_set_tx_cfg
                0x00045672       0x1a C:/Users/gsvn0/Desktop/Do_an/dwm1001_Tag/DWM1001-Real-Time-Localization-System/dwm-simple/../../lib/libdwm.a(dw1000.o)
                0x00045672                dw_set_tx_cfg
 .text.dw_set_ant_tx_delay
                0x0004568c        0x8 C:/Users/gsvn0/Desktop/Do_an/dwm1001_Tag/DWM1001-Real-Time-Localization-System/dwm-simple/../../lib/libdwm.a(dw1000.o)
                0x0004568c                dw_set_ant_tx_delay
 .text.dw_get_temp
                0x00045694       0x36 C:/Users/gsvn0/Desktop/Do_an/dwm1001_Tag/DWM1001-Real-Time-Localization-System/dwm-simple/../../lib/libdwm.a(dw1000.o)
                0x00045694                dw_get_temp
 .text.dw_rsl_workaround
                0x000456ca       0x1c C:/Users/gsvn0/Desktop/Do_an/dwm1001_Tag/DWM1001-Real-Time-Localization-System/dwm-simple/../../lib/libdwm.a(dw1000.o)
                0x000456ca                dw_rsl_workaround
 *fill*         0x000456e6        0x2 
 .text.dw_bw_txpwr_comp
                0x000456e8      0x1f8 C:/Users/gsvn0/Desktop/Do_an/dwm1001_Tag/DWM1001-Real-Time-Localization-System/dwm-simple/../../lib/libdwm.a(dw1000.o)
                0x000456e8                dw_bw_txpwr_comp
 .text.dw_tx_cb
                0x000458e0       0x7c C:/Users/gsvn0/Desktop/Do_an/dwm1001_Tag/DWM1001-Real-Time-Localization-System/dwm-simple/../../lib/libdwm.a(dw1000.o)
                0x000458e0                dw_tx_cb
 .text.dw_rx_cb
                0x0004595c      0x18a C:/Users/gsvn0/Desktop/Do_an/dwm1001_Tag/DWM1001-Real-Time-Localization-System/dwm-simple/../../lib/libdwm.a(dw1000.o)
                0x0004595c                dw_rx_cb
 .text.dw_sleep
                0x00045ae6       0x54 C:/Users/gsvn0/Desktop/Do_an/dwm1001_Tag/DWM1001-Real-Time-Localization-System/dwm-simple/../../lib/libdwm.a(dw1000.o)
                0x00045ae6                dw_sleep
 .text.dw_rxdata_read
                0x00045b3a       0x10 C:/Users/gsvn0/Desktop/Do_an/dwm1001_Tag/DWM1001-Real-Time-Localization-System/dwm-simple/../../lib/libdwm.a(dw1000.o)
                0x00045b3a                dw_rxdata_read
 *fill*         0x00045b4a        0x2 
 .text.dw_init  0x00045b4c       0xac C:/Users/gsvn0/Desktop/Do_an/dwm1001_Tag/DWM1001-Real-Time-Localization-System/dwm-simple/../../lib/libdwm.a(dw1000.o)
                0x00045b4c                dw_init
 .text.dw_set_src_addr
                0x00045bf8       0x7a C:/Users/gsvn0/Desktop/Do_an/dwm1001_Tag/DWM1001-Real-Time-Localization-System/dwm-simple/../../lib/libdwm.a(dw1000.o)
                0x00045bf8                dw_set_src_addr
 .text.dw_get_src_addr
                0x00045c72        0xc C:/Users/gsvn0/Desktop/Do_an/dwm1001_Tag/DWM1001-Real-Time-Localization-System/dwm-simple/../../lib/libdwm.a(dw1000.o)
                0x00045c72                dw_get_src_addr
 .text.dw_get_event
                0x00045c7e       0x70 C:/Users/gsvn0/Desktop/Do_an/dwm1001_Tag/DWM1001-Real-Time-Localization-System/dwm-simple/../../lib/libdwm.a(dw1000.o)
                0x00045c7e                dw_get_event
 *fill*         0x00045cee        0x2 
 .text.uwb_get_if
                0x00045cf0       0x10 C:/Users/gsvn0/Desktop/Do_an/dwm1001_Tag/DWM1001-Real-Time-Localization-System/dwm-simple/../../lib/libdwm.a(dw1000.o)
                0x00045cf0                uwb_get_if
 .text.dw1000_init
                0x00045d00       0xd8 C:/Users/gsvn0/Desktop/Do_an/dwm1001_Tag/DWM1001-Real-Time-Localization-System/dwm-simple/../../lib/libdwm.a(dw1000.o)
                0x00045d00                dw1000_init
 .text.dw_dump_cfg
                0x00045dd8      0x278 C:/Users/gsvn0/Desktop/Do_an/dwm1001_Tag/DWM1001-Real-Time-Localization-System/dwm-simple/../../lib/libdwm.a(dw1000.o)
                0x00045dd8                dw_dump_cfg
 .text.uwb_sys_info
                0x00046050      0x100 C:/Users/gsvn0/Desktop/Do_an/dwm1001_Tag/DWM1001-Real-Time-Localization-System/dwm-simple/../../lib/libdwm.a(dw1000.o)
                0x00046050                uwb_sys_info
 .text.fact     0x00046150       0x12 C:/Users/gsvn0/Desktop/Do_an/dwm1001_Tag/DWM1001-Real-Time-Localization-System/dwm-simple/../../lib/libdwm.a(dwm-math.o)
                0x00046150                fact
 *fill*         0x00046162        0x2 
 .text.flog10   0x00046164       0x28 C:/Users/gsvn0/Desktop/Do_an/dwm1001_Tag/DWM1001-Real-Time-Localization-System/dwm-simple/../../lib/libdwm.a(dwm-math.o)
                0x00046164                flog10
 .text.get_dist
                0x0004618c       0xc4 C:/Users/gsvn0/Desktop/Do_an/dwm1001_Tag/DWM1001-Real-Time-Localization-System/dwm-simple/../../lib/libdwm.a(dwm-math.o)
                0x0004618c                get_dist
 .text.dwm_thread_create
                0x00046250       0x20 C:/Users/gsvn0/Desktop/Do_an/dwm1001_Tag/DWM1001-Real-Time-Localization-System/dwm-simple/../../lib/libdwm.a(dwm.o)
                0x00046250                dwm_thread_create
 .text.dwm_thread_resume
                0x00046270       0x10 C:/Users/gsvn0/Desktop/Do_an/dwm1001_Tag/DWM1001-Real-Time-Localization-System/dwm-simple/../../lib/libdwm.a(dwm.o)
                0x00046270                dwm_thread_resume
 .text.dwm_ver_get
                0x00046280       0x4a C:/Users/gsvn0/Desktop/Do_an/dwm1001_Tag/DWM1001-Real-Time-Localization-System/dwm-simple/../../lib/libdwm.a(dwm.o)
                0x00046280                dwm_ver_get
 .text.dwm_cfg_anchor_set
                0x000462ca       0x52 C:/Users/gsvn0/Desktop/Do_an/dwm1001_Tag/DWM1001-Real-Time-Localization-System/dwm-simple/../../lib/libdwm.a(dwm.o)
                0x000462ca                dwm_cfg_anchor_set
 .text.dwm_cfg_tag_set
                0x0004631c       0x66 C:/Users/gsvn0/Desktop/Do_an/dwm1001_Tag/DWM1001-Real-Time-Localization-System/dwm-simple/../../lib/libdwm.a(dwm.o)
                0x0004631c                dwm_cfg_tag_set
 .text.dwm_cfg_get
                0x00046382       0x72 C:/Users/gsvn0/Desktop/Do_an/dwm1001_Tag/DWM1001-Real-Time-Localization-System/dwm-simple/../../lib/libdwm.a(dwm.o)
                0x00046382                dwm_cfg_get
 .text.dwm_pos_set
                0x000463f4       0x2e C:/Users/gsvn0/Desktop/Do_an/dwm1001_Tag/DWM1001-Real-Time-Localization-System/dwm-simple/../../lib/libdwm.a(dwm.o)
                0x000463f4                dwm_pos_set
 .text.dwm_pos_get
                0x00046422       0x36 C:/Users/gsvn0/Desktop/Do_an/dwm1001_Tag/DWM1001-Real-Time-Localization-System/dwm-simple/../../lib/libdwm.a(dwm.o)
                0x00046422                dwm_pos_get
 .text.dwm_loc_get
                0x00046458       0xee C:/Users/gsvn0/Desktop/Do_an/dwm1001_Tag/DWM1001-Real-Time-Localization-System/dwm-simple/../../lib/libdwm.a(dwm.o)
                0x00046458                dwm_loc_get
 .text.dwm_anchor_list_get
                0x00046546       0xb4 C:/Users/gsvn0/Desktop/Do_an/dwm1001_Tag/DWM1001-Real-Time-Localization-System/dwm-simple/../../lib/libdwm.a(dwm.o)
                0x00046546                dwm_anchor_list_get
 .text.dwm_upd_rate_set
                0x000465fa       0x20 C:/Users/gsvn0/Desktop/Do_an/dwm1001_Tag/DWM1001-Real-Time-Localization-System/dwm-simple/../../lib/libdwm.a(dwm.o)
                0x000465fa                dwm_upd_rate_set
 .text.dwm_upd_rate_get
                0x0004661a       0x34 C:/Users/gsvn0/Desktop/Do_an/dwm1001_Tag/DWM1001-Real-Time-Localization-System/dwm-simple/../../lib/libdwm.a(dwm.o)
                0x0004661a                dwm_upd_rate_get
 .text.dwm_panid_set
                0x0004664e       0x22 C:/Users/gsvn0/Desktop/Do_an/dwm1001_Tag/DWM1001-Real-Time-Localization-System/dwm-simple/../../lib/libdwm.a(dwm.o)
                0x0004664e                dwm_panid_set
 .text.dwm_nvm_usr_data_get
                0x00046670       0x2c C:/Users/gsvn0/Desktop/Do_an/dwm1001_Tag/DWM1001-Real-Time-Localization-System/dwm-simple/../../lib/libdwm.a(dwm.o)
                0x00046670                dwm_nvm_usr_data_get
 .text.dwm_nvm_usr_data_set
                0x0004669c       0x22 C:/Users/gsvn0/Desktop/Do_an/dwm1001_Tag/DWM1001-Real-Time-Localization-System/dwm-simple/../../lib/libdwm.a(dwm.o)
                0x0004669c                dwm_nvm_usr_data_set
 .text.dwm_le_compile
                0x000466be        0x4 C:/Users/gsvn0/Desktop/Do_an/dwm1001_Tag/DWM1001-Real-Time-Localization-System/dwm-simple/../../lib/libdwm.a(dwm.o)
                0x000466be                dwm_le_compile
 .text.dwm_serial_spi_compile
                0x000466c2        0x4 C:/Users/gsvn0/Desktop/Do_an/dwm1001_Tag/DWM1001-Real-Time-Localization-System/dwm-simple/../../lib/libdwm.a(dwm.o)
                0x000466c2                dwm_serial_spi_compile
 .text.dwm_shell_compile
                0x000466c6        0x4 C:/Users/gsvn0/Desktop/Do_an/dwm1001_Tag/DWM1001-Real-Time-Localization-System/dwm-simple/../../lib/libdwm.a(dwm.o)
                0x000466c6                dwm_shell_compile
 *fill*         0x000466ca        0x2 
 .text.env_get_end
                0x000466cc       0x28 C:/Users/gsvn0/Desktop/Do_an/dwm1001_Tag/DWM1001-Real-Time-Localization-System/dwm-simple/../../lib/libdwm.a(env-tlv.o)
 .text.env_save
                0x000466f4       0x60 C:/Users/gsvn0/Desktop/Do_an/dwm1001_Tag/DWM1001-Real-Time-Localization-System/dwm-simple/../../lib/libdwm.a(env-tlv.o)
                0x000466f4                env_save
 .text.env_load
                0x00046754       0xe4 C:/Users/gsvn0/Desktop/Do_an/dwm1001_Tag/DWM1001-Real-Time-Localization-System/dwm-simple/../../lib/libdwm.a(env-tlv.o)
                0x00046754                env_load
 .text.env_clear
                0x00046838       0x48 C:/Users/gsvn0/Desktop/Do_an/dwm1001_Tag/DWM1001-Real-Time-Localization-System/dwm-simple/../../lib/libdwm.a(env-tlv.o)
                0x00046838                env_clear
 .text.env_get  0x00046880       0x30 C:/Users/gsvn0/Desktop/Do_an/dwm1001_Tag/DWM1001-Real-Time-Localization-System/dwm-simple/../../lib/libdwm.a(env-tlv.o)
                0x00046880                env_get
 .text.env_set  0x000468b0       0xa8 C:/Users/gsvn0/Desktop/Do_an/dwm1001_Tag/DWM1001-Real-Time-Localization-System/dwm-simple/../../lib/libdwm.a(env-tlv.o)
                0x000468b0                env_set
 .text.fwup_reset
                0x00046958        0x8 C:/Users/gsvn0/Desktop/Do_an/dwm1001_Tag/DWM1001-Real-Time-Localization-System/dwm-simple/../../lib/libdwm.a(fwup.o)
                0x00046958                fwup_reset
 .text.fwup_sndr_init
                0x00046960       0x6a C:/Users/gsvn0/Desktop/Do_an/dwm1001_Tag/DWM1001-Real-Time-Localization-System/dwm-simple/../../lib/libdwm.a(fwup.o)
                0x00046960                fwup_sndr_init
 .text.fwup_rcvr_in_progress
                0x000469ca       0x1a C:/Users/gsvn0/Desktop/Do_an/dwm1001_Tag/DWM1001-Real-Time-Localization-System/dwm-simple/../../lib/libdwm.a(fwup.o)
                0x000469ca                fwup_rcvr_in_progress
 .text.fwup_rcvr_stop
                0x000469e4       0x16 C:/Users/gsvn0/Desktop/Do_an/dwm1001_Tag/DWM1001-Real-Time-Localization-System/dwm-simple/../../lib/libdwm.a(fwup.o)
                0x000469e4                fwup_rcvr_stop
 .text.fwup_rcvr_start
                0x000469fa       0x4c C:/Users/gsvn0/Desktop/Do_an/dwm1001_Tag/DWM1001-Real-Time-Localization-System/dwm-simple/../../lib/libdwm.a(fwup.o)
                0x000469fa                fwup_rcvr_start
 .text.fwup_rcvr_rxbuf_space
                0x00046a46       0x12 C:/Users/gsvn0/Desktop/Do_an/dwm1001_Tag/DWM1001-Real-Time-Localization-System/dwm-simple/../../lib/libdwm.a(fwup.o)
                0x00046a46                fwup_rcvr_rxbuf_space
 .text.fwup_rcvr_data_handler
                0x00046a58       0x60 C:/Users/gsvn0/Desktop/Do_an/dwm1001_Tag/DWM1001-Real-Time-Localization-System/dwm-simple/../../lib/libdwm.a(fwup.o)
                0x00046a58                fwup_rcvr_data_handler
 .text.fwup_rcvr_data_write
                0x00046ab8      0x160 C:/Users/gsvn0/Desktop/Do_an/dwm1001_Tag/DWM1001-Real-Time-Localization-System/dwm-simple/../../lib/libdwm.a(fwup.o)
                0x00046ab8                fwup_rcvr_data_write
 .text.fwup_rcvr_is_finished
                0x00046c18       0x36 C:/Users/gsvn0/Desktop/Do_an/dwm1001_Tag/DWM1001-Real-Time-Localization-System/dwm-simple/../../lib/libdwm.a(fwup.o)
                0x00046c18                fwup_rcvr_is_finished
 .text.nrf_gpio_pins_toggle
                0x00046c4e       0x18 C:/Users/gsvn0/Desktop/Do_an/dwm1001_Tag/DWM1001-Real-Time-Localization-System/dwm-simple/../../lib/libdwm.a(hal.o)
 .text.sd_rand_application_bytes_available_get
                0x00046c66        0x4 C:/Users/gsvn0/Desktop/Do_an/dwm1001_Tag/DWM1001-Real-Time-Localization-System/dwm-simple/../../lib/libdwm.a(hal.o)
 .text.sd_rand_application_vector_get
                0x00046c6a        0x4 C:/Users/gsvn0/Desktop/Do_an/dwm1001_Tag/DWM1001-Real-Time-Localization-System/dwm-simple/../../lib/libdwm.a(hal.o)
 .text.sd_clock_hfclk_request
                0x00046c6e        0x4 C:/Users/gsvn0/Desktop/Do_an/dwm1001_Tag/DWM1001-Real-Time-Localization-System/dwm-simple/../../lib/libdwm.a(hal.o)
 .text.sd_clock_hfclk_release
                0x00046c72        0x4 C:/Users/gsvn0/Desktop/Do_an/dwm1001_Tag/DWM1001-Real-Time-Localization-System/dwm-simple/../../lib/libdwm.a(hal.o)
 .text.sd_app_evt_wait
                0x00046c76        0x4 C:/Users/gsvn0/Desktop/Do_an/dwm1001_Tag/DWM1001-Real-Time-Localization-System/dwm-simple/../../lib/libdwm.a(hal.o)
 .text.sd_ecb_block_encrypt
                0x00046c7a        0x4 C:/Users/gsvn0/Desktop/Do_an/dwm1001_Tag/DWM1001-Real-Time-Localization-System/dwm-simple/../../lib/libdwm.a(hal.o)
 .text.sd_temp_get
                0x00046c7e        0x4 C:/Users/gsvn0/Desktop/Do_an/dwm1001_Tag/DWM1001-Real-Time-Localization-System/dwm-simple/../../lib/libdwm.a(hal.o)
 .text._led_dummy
                0x00046c82        0x2 C:/Users/gsvn0/Desktop/Do_an/dwm1001_Tag/DWM1001-Real-Time-Localization-System/dwm-simple/../../lib/libdwm.a(hal.o)
 .text._led_orange_on
                0x00046c84        0xe C:/Users/gsvn0/Desktop/Do_an/dwm1001_Tag/DWM1001-Real-Time-Localization-System/dwm-simple/../../lib/libdwm.a(hal.o)
 .text._led_orange_off
                0x00046c92        0xe C:/Users/gsvn0/Desktop/Do_an/dwm1001_Tag/DWM1001-Real-Time-Localization-System/dwm-simple/../../lib/libdwm.a(hal.o)
 .text._led_orange_toggle
                0x00046ca0        0x8 C:/Users/gsvn0/Desktop/Do_an/dwm1001_Tag/DWM1001-Real-Time-Localization-System/dwm-simple/../../lib/libdwm.a(hal.o)
 .text._led_red_on
                0x00046ca8        0xe C:/Users/gsvn0/Desktop/Do_an/dwm1001_Tag/DWM1001-Real-Time-Localization-System/dwm-simple/../../lib/libdwm.a(hal.o)
 .text._led_red_off
                0x00046cb6        0xe C:/Users/gsvn0/Desktop/Do_an/dwm1001_Tag/DWM1001-Real-Time-Localization-System/dwm-simple/../../lib/libdwm.a(hal.o)
 .text._led_red_toggle
                0x00046cc4        0x8 C:/Users/gsvn0/Desktop/Do_an/dwm1001_Tag/DWM1001-Real-Time-Localization-System/dwm-simple/../../lib/libdwm.a(hal.o)
 .text._led_green_on
                0x00046ccc        0xe C:/Users/gsvn0/Desktop/Do_an/dwm1001_Tag/DWM1001-Real-Time-Localization-System/dwm-simple/../../lib/libdwm.a(hal.o)
 .text._led_green_off
                0x00046cda        0xe C:/Users/gsvn0/Desktop/Do_an/dwm1001_Tag/DWM1001-Real-Time-Localization-System/dwm-simple/../../lib/libdwm.a(hal.o)
 .text._led_green_toggle
                0x00046ce8        0x8 C:/Users/gsvn0/Desktop/Do_an/dwm1001_Tag/DWM1001-Real-Time-Localization-System/dwm-simple/../../lib/libdwm.a(hal.o)
 .text.wdt_handler
                0x00046cf0        0x2 C:/Users/gsvn0/Desktop/Do_an/dwm1001_Tag/DWM1001-Real-Time-Localization-System/dwm-simple/../../lib/libdwm.a(hal.o)
 *fill*         0x00046cf2        0x2 
 .text.hal_factory_reset
                0x00046cf4       0x30 C:/Users/gsvn0/Desktop/Do_an/dwm1001_Tag/DWM1001-Real-Time-Localization-System/dwm-simple/../../lib/libdwm.a(hal.o)
                0x00046cf4                hal_factory_reset
 .text.is_user_app_pin
                0x00046d24       0x5c C:/Users/gsvn0/Desktop/Do_an/dwm1001_Tag/DWM1001-Real-Time-Localization-System/dwm-simple/../../lib/libdwm.a(hal.o)
                0x00046d24                is_user_app_pin
 .text.hal_sd_enabled
                0x00046d80        0x8 C:/Users/gsvn0/Desktop/Do_an/dwm1001_Tag/DWM1001-Real-Time-Localization-System/dwm-simple/../../lib/libdwm.a(hal.o)
                0x00046d80                hal_sd_enabled
 .text.hal_flash_erase
                0x00046d88       0x14 C:/Users/gsvn0/Desktop/Do_an/dwm1001_Tag/DWM1001-Real-Time-Localization-System/dwm-simple/../../lib/libdwm.a(hal.o)
                0x00046d88                hal_flash_erase
 .text.hal_flash_write_page
                0x00046d9c        0x6 C:/Users/gsvn0/Desktop/Do_an/dwm1001_Tag/DWM1001-Real-Time-Localization-System/dwm-simple/../../lib/libdwm.a(hal.o)
                0x00046d9c                hal_flash_write_page
 .text.hal_fw_get_chksum
                0x00046da2       0x42 C:/Users/gsvn0/Desktop/Do_an/dwm1001_Tag/DWM1001-Real-Time-Localization-System/dwm-simple/../../lib/libdwm.a(hal.o)
                0x00046da2                hal_fw_get_chksum
 .text.hal_fw_is_compat
                0x00046de4       0x10 C:/Users/gsvn0/Desktop/Do_an/dwm1001_Tag/DWM1001-Real-Time-Localization-System/dwm-simple/../../lib/libdwm.a(hal.o)
                0x00046de4                hal_fw_is_compat
 .text.hal_time_hfclk_start
                0x00046df4       0x1a C:/Users/gsvn0/Desktop/Do_an/dwm1001_Tag/DWM1001-Real-Time-Localization-System/dwm-simple/../../lib/libdwm.a(hal.o)
                0x00046df4                hal_time_hfclk_start
 .text.hal_time_hfclk_stop
                0x00046e0e       0x1c C:/Users/gsvn0/Desktop/Do_an/dwm1001_Tag/DWM1001-Real-Time-Localization-System/dwm-simple/../../lib/libdwm.a(hal.o)
                0x00046e0e                hal_time_hfclk_stop
 *fill*         0x00046e2a        0x2 
 .text.hal_wdt_app_init
                0x00046e2c       0x10 C:/Users/gsvn0/Desktop/Do_an/dwm1001_Tag/DWM1001-Real-Time-Localization-System/dwm-simple/../../lib/libdwm.a(hal.o)
                0x00046e2c                hal_wdt_app_init
 .text.hal_wdt_app_reset
                0x00046e3c        0x4 C:/Users/gsvn0/Desktop/Do_an/dwm1001_Tag/DWM1001-Real-Time-Localization-System/dwm-simple/../../lib/libdwm.a(hal.o)
                0x00046e3c                hal_wdt_app_reset
 .text.hal_temp_get
                0x00046e40       0x80 C:/Users/gsvn0/Desktop/Do_an/dwm1001_Tag/DWM1001-Real-Time-Localization-System/dwm-simple/../../lib/libdwm.a(hal.o)
                0x00046e40                hal_temp_get
 .text.hal_sleep
                0x00046ec0       0xe4 C:/Users/gsvn0/Desktop/Do_an/dwm1001_Tag/DWM1001-Real-Time-Localization-System/dwm-simple/../../lib/libdwm.a(hal.o)
                0x00046ec0                hal_sleep
 .text.hal_uptime
                0x00046fa4       0x20 C:/Users/gsvn0/Desktop/Do_an/dwm1001_Tag/DWM1001-Real-Time-Localization-System/dwm-simple/../../lib/libdwm.a(hal.o)
                0x00046fa4                hal_uptime
 .text.hal_print_ps
                0x00046fc4       0x80 C:/Users/gsvn0/Desktop/Do_an/dwm1001_Tag/DWM1001-Real-Time-Localization-System/dwm-simple/../../lib/libdwm.a(hal.o)
                0x00046fc4                hal_print_ps
 .text.hal_print_free
                0x00047044       0x50 C:/Users/gsvn0/Desktop/Do_an/dwm1001_Tag/DWM1001-Real-Time-Localization-System/dwm-simple/../../lib/libdwm.a(hal.o)
                0x00047044                hal_print_free
 .text.hal_print_uptime
                0x00047094       0xbc C:/Users/gsvn0/Desktop/Do_an/dwm1001_Tag/DWM1001-Real-Time-Localization-System/dwm-simple/../../lib/libdwm.a(hal.o)
                0x00047094                hal_print_uptime
 .text.hal_print_sys_info
                0x00047150      0x130 C:/Users/gsvn0/Desktop/Do_an/dwm1001_Tag/DWM1001-Real-Time-Localization-System/dwm-simple/../../lib/libdwm.a(hal.o)
                0x00047150                hal_print_sys_info
 .text.hal_critical_region_enter
                0x00047280       0x58 C:/Users/gsvn0/Desktop/Do_an/dwm1001_Tag/DWM1001-Real-Time-Localization-System/dwm-simple/../../lib/libdwm.a(hal.o)
                0x00047280                hal_critical_region_enter
 .text.hal_critical_region_exit
                0x000472d8       0x38 C:/Users/gsvn0/Desktop/Do_an/dwm1001_Tag/DWM1001-Real-Time-Localization-System/dwm-simple/../../lib/libdwm.a(hal.o)
                0x000472d8                hal_critical_region_exit
 .text.leds_enable
                0x00047310       0xbc C:/Users/gsvn0/Desktop/Do_an/dwm1001_Tag/DWM1001-Real-Time-Localization-System/dwm-simple/../../lib/libdwm.a(hal.o)
                0x00047310                leds_enable
 .text.leds_disable
                0x000473cc       0x74 C:/Users/gsvn0/Desktop/Do_an/dwm1001_Tag/DWM1001-Real-Time-Localization-System/dwm-simple/../../lib/libdwm.a(hal.o)
                0x000473cc                leds_disable
 .text.hal_crypto_rng_get
                0x00047440       0xa8 C:/Users/gsvn0/Desktop/Do_an/dwm1001_Tag/DWM1001-Real-Time-Localization-System/dwm-simple/../../lib/libdwm.a(hal.o)
                0x00047440                hal_crypto_rng_get
 .text.hal_crypto_set_key
                0x000474e8       0x60 C:/Users/gsvn0/Desktop/Do_an/dwm1001_Tag/DWM1001-Real-Time-Localization-System/dwm-simple/../../lib/libdwm.a(hal.o)
                0x000474e8                hal_crypto_set_key
 .text.hal_crypto_mac_get
                0x00047548      0x128 C:/Users/gsvn0/Desktop/Do_an/dwm1001_Tag/DWM1001-Real-Time-Localization-System/dwm-simple/../../lib/libdwm.a(hal.o)
                0x00047548                hal_crypto_mac_get
 .text.hal_crypto_crypt
                0x00047670       0xc8 C:/Users/gsvn0/Desktop/Do_an/dwm1001_Tag/DWM1001-Real-Time-Localization-System/dwm-simple/../../lib/libdwm.a(hal.o)
                0x00047670                hal_crypto_crypt
 .text._read    0x00047738        0x8 C:/Users/gsvn0/Desktop/Do_an/dwm1001_Tag/DWM1001-Real-Time-Localization-System/dwm-simple/../../lib/libdwm.a(hal.o)
                0x00047738                _read
 .text._write   0x00047740       0x2a C:/Users/gsvn0/Desktop/Do_an/dwm1001_Tag/DWM1001-Real-Time-Localization-System/dwm-simple/../../lib/libdwm.a(hal.o)
                0x00047740                _write
 *fill*         0x0004776a        0x2 
 .text._sbrk    0x0004776c       0x2c C:/Users/gsvn0/Desktop/Do_an/dwm1001_Tag/DWM1001-Real-Time-Localization-System/dwm-simple/../../lib/libdwm.a(hal.o)
                0x0004776c                _sbrk
 .text.rng_isr  0x00047798       0x14 C:/Users/gsvn0/Desktop/Do_an/dwm1001_Tag/DWM1001-Real-Time-Localization-System/dwm-simple/../../lib/libdwm.a(nrf_drv_rng.o)
 .text.rng_start
                0x000477ac       0x38 C:/Users/gsvn0/Desktop/Do_an/dwm1001_Tag/DWM1001-Real-Time-Localization-System/dwm-simple/../../lib/libdwm.a(nrf_drv_rng.o)
 .text.nrf_drv_rng_init
                0x000477e4       0x98 C:/Users/gsvn0/Desktop/Do_an/dwm1001_Tag/DWM1001-Real-Time-Localization-System/dwm-simple/../../lib/libdwm.a(nrf_drv_rng.o)
                0x000477e4                nrf_drv_rng_init
 .text.nrf_drv_rng_bytes_available
                0x0004787c       0x14 C:/Users/gsvn0/Desktop/Do_an/dwm1001_Tag/DWM1001-Real-Time-Localization-System/dwm-simple/../../lib/libdwm.a(nrf_drv_rng.o)
                0x0004787c                nrf_drv_rng_bytes_available
 .text.nrf_drv_rng_rand
                0x00047890       0x3c C:/Users/gsvn0/Desktop/Do_an/dwm1001_Tag/DWM1001-Real-Time-Localization-System/dwm-simple/../../lib/libdwm.a(nrf_drv_rng.o)
                0x00047890                nrf_drv_rng_rand
 .text.RNG_IRQHandler
                0x000478cc       0x54 C:/Users/gsvn0/Desktop/Do_an/dwm1001_Tag/DWM1001-Real-Time-Localization-System/dwm-simple/../../lib/libdwm.a(nrf_drv_rng.o)
                0x000478cc                RNG_IRQHandler
 .text.rng_dsr  0x00047920       0x10 C:/Users/gsvn0/Desktop/Do_an/dwm1001_Tag/DWM1001-Real-Time-Localization-System/dwm-simple/../../lib/libdwm.a(nrf_drv_rng.o)
 .text.pm_can_sleep
                0x00047930       0x44 C:/Users/gsvn0/Desktop/Do_an/dwm1001_Tag/DWM1001-Real-Time-Localization-System/dwm-simple/../../lib/libdwm.a(pm.o)
                0x00047930                pm_can_sleep
 .text.pm_task_get_next
                0x00047974       0x54 C:/Users/gsvn0/Desktop/Do_an/dwm1001_Tag/DWM1001-Real-Time-Localization-System/dwm-simple/../../lib/libdwm.a(pm.o)
                0x00047974                pm_task_get_next
 .text.pm_sched_signal
                0x000479c8        0xc C:/Users/gsvn0/Desktop/Do_an/dwm1001_Tag/DWM1001-Real-Time-Localization-System/dwm-simple/../../lib/libdwm.a(pm.o)
                0x000479c8                pm_sched_signal
 .text.pm_sched_wait
                0x000479d4        0xc C:/Users/gsvn0/Desktop/Do_an/dwm1001_Tag/DWM1001-Real-Time-Localization-System/dwm-simple/../../lib/libdwm.a(pm.o)
                0x000479d4                pm_sched_wait
 .text.pm_task_lock
                0x000479e0       0x26 C:/Users/gsvn0/Desktop/Do_an/dwm1001_Tag/DWM1001-Real-Time-Localization-System/dwm-simple/../../lib/libdwm.a(pm.o)
                0x000479e0                pm_task_lock
 .text.pm_task_unlock
                0x00047a06       0x2c C:/Users/gsvn0/Desktop/Do_an/dwm1001_Tag/DWM1001-Real-Time-Localization-System/dwm-simple/../../lib/libdwm.a(pm.o)
                0x00047a06                pm_task_unlock
 *fill*         0x00047a32        0x2 
 .text.pm_task_unlock_set_alarm
                0x00047a34       0x98 C:/Users/gsvn0/Desktop/Do_an/dwm1001_Tag/DWM1001-Real-Time-Localization-System/dwm-simple/../../lib/libdwm.a(pm.o)
                0x00047a34                pm_task_unlock_set_alarm
 .text.pm_task_wakeup
                0x00047acc        0x4 C:/Users/gsvn0/Desktop/Do_an/dwm1001_Tag/DWM1001-Real-Time-Localization-System/dwm-simple/../../lib/libdwm.a(pm.o)
                0x00047acc                pm_task_wakeup
 .text.pm_task_alloc
                0x00047ad0       0x64 C:/Users/gsvn0/Desktop/Do_an/dwm1001_Tag/DWM1001-Real-Time-Localization-System/dwm-simple/../../lib/libdwm.a(pm.o)
                0x00047ad0                pm_task_alloc
 .text.pm_task_free
                0x00047b34       0x58 C:/Users/gsvn0/Desktop/Do_an/dwm1001_Tag/DWM1001-Real-Time-Localization-System/dwm-simple/../../lib/libdwm.a(pm.o)
                0x00047b34                pm_task_free
 .text.pm_init  0x00047b8c       0x54 C:/Users/gsvn0/Desktop/Do_an/dwm1001_Tag/DWM1001-Real-Time-Localization-System/dwm-simple/../../lib/libdwm.a(pm.o)
                0x00047b8c                pm_init
 .text.pm_dump  0x00047be0       0x84 C:/Users/gsvn0/Desktop/Do_an/dwm1001_Tag/DWM1001-Real-Time-Localization-System/dwm-simple/../../lib/libdwm.a(pm.o)
                0x00047be0                pm_dump
 .text.api_thread_start
                0x00047c64       0x10 C:/Users/gsvn0/Desktop/Do_an/dwm1001_Tag/DWM1001-Real-Time-Localization-System/dwm-simple/../../lib/libdwm.a(process-api.o)
                0x00047c64                api_thread_start
 .text.api_thread_init
                0x00047c74       0x3c C:/Users/gsvn0/Desktop/Do_an/dwm1001_Tag/DWM1001-Real-Time-Localization-System/dwm-simple/../../lib/libdwm.a(process-api.o)
                0x00047c74                api_thread_init
 .text.ble_init_ready
                0x00047cb0        0xc C:/Users/gsvn0/Desktop/Do_an/dwm1001_Tag/DWM1001-Real-Time-Localization-System/dwm-simple/../../lib/libdwm.a(process-ble.o)
                0x00047cb0                ble_init_ready
 .text.le_print_disable
                0x00047cbc       0x10 C:/Users/gsvn0/Desktop/Do_an/dwm1001_Tag/DWM1001-Real-Time-Localization-System/dwm-simple/../../lib/libdwm.a(process-le.o)
 .text.nole_thread_entry
                0x00047ccc      0x2a8 C:/Users/gsvn0/Desktop/Do_an/dwm1001_Tag/DWM1001-Real-Time-Localization-System/dwm-simple/../../lib/libdwm.a(process-le.o)
 *fill*         0x00047f74        0x4 
 .text.le_thread_entry
                0x00047f78      0x48c C:/Users/gsvn0/Desktop/Do_an/dwm1001_Tag/DWM1001-Real-Time-Localization-System/dwm-simple/../../lib/libdwm.a(process-le.o)
 .text.le_post_loc_data
                0x00048404       0x60 C:/Users/gsvn0/Desktop/Do_an/dwm1001_Tag/DWM1001-Real-Time-Localization-System/dwm-simple/../../lib/libdwm.a(process-le.o)
                0x00048404                le_post_loc_data
 .text.le_init  0x00048464       0x7c C:/Users/gsvn0/Desktop/Do_an/dwm1001_Tag/DWM1001-Real-Time-Localization-System/dwm-simple/../../lib/libdwm.a(process-le.o)
                0x00048464                le_init
 .text.le_start
                0x000484e0       0x18 C:/Users/gsvn0/Desktop/Do_an/dwm1001_Tag/DWM1001-Real-Time-Localization-System/dwm-simple/../../lib/libdwm.a(process-le.o)
                0x000484e0                le_start
 .text.le_post_meas
                0x000484f8       0x78 C:/Users/gsvn0/Desktop/Do_an/dwm1001_Tag/DWM1001-Real-Time-Localization-System/dwm-simple/../../lib/libdwm.a(process-le.o)
                0x000484f8                le_post_meas
 .text.le_pos_get
                0x00048570       0x64 C:/Users/gsvn0/Desktop/Do_an/dwm1001_Tag/DWM1001-Real-Time-Localization-System/dwm-simple/../../lib/libdwm.a(process-le.o)
                0x00048570                le_pos_get
 .text.le_loc_get
                0x000485d4      0x104 C:/Users/gsvn0/Desktop/Do_an/dwm1001_Tag/DWM1001-Real-Time-Localization-System/dwm-simple/../../lib/libdwm.a(process-le.o)
                0x000485d4                le_loc_get
 .text.le_loc_print_toggle
                0x000486d8       0x28 C:/Users/gsvn0/Desktop/Do_an/dwm1001_Tag/DWM1001-Real-Time-Localization-System/dwm-simple/../../lib/libdwm.a(process-le.o)
                0x000486d8                le_loc_print_toggle
 .text.le_loc_ts_print_toggle
                0x00048700       0x24 C:/Users/gsvn0/Desktop/Do_an/dwm1001_Tag/DWM1001-Real-Time-Localization-System/dwm-simple/../../lib/libdwm.a(process-le.o)
                0x00048700                le_loc_ts_print_toggle
 .text.le_loc_csv_print_toggle
                0x00048724       0x28 C:/Users/gsvn0/Desktop/Do_an/dwm1001_Tag/DWM1001-Real-Time-Localization-System/dwm-simple/../../lib/libdwm.a(process-le.o)
                0x00048724                le_loc_csv_print_toggle
 .text.le_loc_csv_ts_print_toggle
                0x0004874c       0x28 C:/Users/gsvn0/Desktop/Do_an/dwm1001_Tag/DWM1001-Real-Time-Localization-System/dwm-simple/../../lib/libdwm.a(process-le.o)
                0x0004874c                le_loc_csv_ts_print_toggle
 .text.le_pos_csv_print_toggle
                0x00048774       0x24 C:/Users/gsvn0/Desktop/Do_an/dwm1001_Tag/DWM1001-Real-Time-Localization-System/dwm-simple/../../lib/libdwm.a(process-le.o)
                0x00048774                le_pos_csv_print_toggle
 .text.le_compile
                0x00048798       0x18 C:/Users/gsvn0/Desktop/Do_an/dwm1001_Tag/DWM1001-Real-Time-Localization-System/dwm-simple/../../lib/libdwm.a(process-le.o)
                0x00048798                le_compile
 .text.pm_thread_entry
                0x000487b0       0x98 C:/Users/gsvn0/Desktop/Do_an/dwm1001_Tag/DWM1001-Real-Time-Localization-System/dwm-simple/../../lib/libdwm.a(process-pm.o)
 .text.hal_pm_init
                0x00048848       0x70 C:/Users/gsvn0/Desktop/Do_an/dwm1001_Tag/DWM1001-Real-Time-Localization-System/dwm-simple/../../lib/libdwm.a(process-pm.o)
                0x00048848                hal_pm_init
 .text.hal_pm_start
                0x000488b8        0xc C:/Users/gsvn0/Desktop/Do_an/dwm1001_Tag/DWM1001-Real-Time-Localization-System/dwm-simple/../../lib/libdwm.a(process-pm.o)
                0x000488b8                hal_pm_start
 .text.uwb0_recover.part.0
                0x000488c4       0x1c C:/Users/gsvn0/Desktop/Do_an/dwm1001_Tag/DWM1001-Real-Time-Localization-System/dwm-simple/../../lib/libdwm.a(process-svc.o)
 .text.svc_thread_entry
                0x000488e0      0x2b0 C:/Users/gsvn0/Desktop/Do_an/dwm1001_Tag/DWM1001-Real-Time-Localization-System/dwm-simple/../../lib/libdwm.a(process-svc.o)
 .text.svc_init
                0x00048b90       0x3c C:/Users/gsvn0/Desktop/Do_an/dwm1001_Tag/DWM1001-Real-Time-Localization-System/dwm-simple/../../lib/libdwm.a(process-svc.o)
                0x00048b90                svc_init
 .text.svc_start
                0x00048bcc        0xc C:/Users/gsvn0/Desktop/Do_an/dwm1001_Tag/DWM1001-Real-Time-Localization-System/dwm-simple/../../lib/libdwm.a(process-svc.o)
                0x00048bcc                svc_start
 .text.svc_post_event
                0x00048bd8       0x64 C:/Users/gsvn0/Desktop/Do_an/dwm1001_Tag/DWM1001-Real-Time-Localization-System/dwm-simple/../../lib/libdwm.a(process-svc.o)
                0x00048bd8                svc_post_event
 .text.svc_suspend
                0x00048c3c       0x30 C:/Users/gsvn0/Desktop/Do_an/dwm1001_Tag/DWM1001-Real-Time-Localization-System/dwm-simple/../../lib/libdwm.a(process-svc.o)
                0x00048c3c                svc_suspend
 .text.svc_resume
                0x00048c6c       0x28 C:/Users/gsvn0/Desktop/Do_an/dwm1001_Tag/DWM1001-Real-Time-Localization-System/dwm-simple/../../lib/libdwm.a(process-svc.o)
                0x00048c6c                svc_resume
 .text.uwbmac_wkr_thread_entry
                0x00048c94       0x1c C:/Users/gsvn0/Desktop/Do_an/dwm1001_Tag/DWM1001-Real-Time-Localization-System/dwm-simple/../../lib/libdwm.a(process-uwbmac.o)
 .text.uwbmac_thread_entry
                0x00048cb0      0x12c C:/Users/gsvn0/Desktop/Do_an/dwm1001_Tag/DWM1001-Real-Time-Localization-System/dwm-simple/../../lib/libdwm.a(process-uwbmac.o)
 .text.uwbmac_init
                0x00048ddc       0x6c C:/Users/gsvn0/Desktop/Do_an/dwm1001_Tag/DWM1001-Real-Time-Localization-System/dwm-simple/../../lib/libdwm.a(process-uwbmac.o)
                0x00048ddc                uwbmac_init
 .text.uwbmac_start
                0x00048e48       0x18 C:/Users/gsvn0/Desktop/Do_an/dwm1001_Tag/DWM1001-Real-Time-Localization-System/dwm-simple/../../lib/libdwm.a(process-uwbmac.o)
                0x00048e48                uwbmac_start
 .text.dw_intr  0x00048e60        0xc C:/Users/gsvn0/Desktop/Do_an/dwm1001_Tag/DWM1001-Real-Time-Localization-System/dwm-simple/../../lib/libdwm.a(process-uwb.o)
                0x00048e60                dw_intr
 .text.uwb_init_uwb0
                0x00048e6c      0x42c C:/Users/gsvn0/Desktop/Do_an/dwm1001_Tag/DWM1001-Real-Time-Localization-System/dwm-simple/../../lib/libdwm.a(process-uwb.o)
                0x00048e6c                uwb_init_uwb0
 .text.uwb_thread_entry
                0x00049298       0xac C:/Users/gsvn0/Desktop/Do_an/dwm1001_Tag/DWM1001-Real-Time-Localization-System/dwm-simple/../../lib/libdwm.a(process-uwb.o)
 .text.uwb_init
                0x00049344       0x3c C:/Users/gsvn0/Desktop/Do_an/dwm1001_Tag/DWM1001-Real-Time-Localization-System/dwm-simple/../../lib/libdwm.a(process-uwb.o)
                0x00049344                uwb_init
 .text.uwb_start
                0x00049380        0xc C:/Users/gsvn0/Desktop/Do_an/dwm1001_Tag/DWM1001-Real-Time-Localization-System/dwm-simple/../../lib/libdwm.a(process-uwb.o)
                0x00049380                uwb_start
 .text.uwb_init_ready_await
                0x0004938c       0x18 C:/Users/gsvn0/Desktop/Do_an/dwm1001_Tag/DWM1001-Real-Time-Localization-System/dwm-simple/../../lib/libdwm.a(process-uwb.o)
                0x0004938c                uwb_init_ready_await
 .text.uart_timeout_handler
                0x000493a4       0x10 C:/Users/gsvn0/Desktop/Do_an/dwm1001_Tag/DWM1001-Real-Time-Localization-System/dwm-simple/../../lib/libdwm.a(serial.o)
 .text.uart_init
                0x000493b4       0x10 C:/Users/gsvn0/Desktop/Do_an/dwm1001_Tag/DWM1001-Real-Time-Localization-System/dwm-simple/../../lib/libdwm.a(serial.o)
 .text.spis_gpio_set
                0x000493c4       0x20 C:/Users/gsvn0/Desktop/Do_an/dwm1001_Tag/DWM1001-Real-Time-Localization-System/dwm-simple/../../lib/libdwm.a(serial.o)
 .text.spis_init
                0x000493e4       0x10 C:/Users/gsvn0/Desktop/Do_an/dwm1001_Tag/DWM1001-Real-Time-Localization-System/dwm-simple/../../lib/libdwm.a(serial.o)
 .text.pm_serial_suspend
                0x000493f4       0x58 C:/Users/gsvn0/Desktop/Do_an/dwm1001_Tag/DWM1001-Real-Time-Localization-System/dwm-simple/../../lib/libdwm.a(serial.o)
 .text.gpio_wakeup_intr
                0x0004944c        0xc C:/Users/gsvn0/Desktop/Do_an/dwm1001_Tag/DWM1001-Real-Time-Localization-System/dwm-simple/../../lib/libdwm.a(serial.o)
 .text._serial_status_change_ntfy
                0x00049458       0x3c C:/Users/gsvn0/Desktop/Do_an/dwm1001_Tag/DWM1001-Real-Time-Localization-System/dwm-simple/../../lib/libdwm.a(serial.o)
 .text._serial_start
                0x00049494       0x1c C:/Users/gsvn0/Desktop/Do_an/dwm1001_Tag/DWM1001-Real-Time-Localization-System/dwm-simple/../../lib/libdwm.a(serial.o)
 .text._on_spis_evt
                0x000494b0       0x78 C:/Users/gsvn0/Desktop/Do_an/dwm1001_Tag/DWM1001-Real-Time-Localization-System/dwm-simple/../../lib/libdwm.a(serial.o)
 .text.spis_api_cb
                0x00049528       0x60 C:/Users/gsvn0/Desktop/Do_an/dwm1001_Tag/DWM1001-Real-Time-Localization-System/dwm-simple/../../lib/libdwm.a(serial.o)
 .text._spis_init
                0x00049588       0x2c C:/Users/gsvn0/Desktop/Do_an/dwm1001_Tag/DWM1001-Real-Time-Localization-System/dwm-simple/../../lib/libdwm.a(serial.o)
 .text._serial_sleep
                0x000495b4       0x1c C:/Users/gsvn0/Desktop/Do_an/dwm1001_Tag/DWM1001-Real-Time-Localization-System/dwm-simple/../../lib/libdwm.a(serial.o)
 .text.spis_event_handler
                0x000495d0      0x1d0 C:/Users/gsvn0/Desktop/Do_an/dwm1001_Tag/DWM1001-Real-Time-Localization-System/dwm-simple/../../lib/libdwm.a(serial.o)
 .text.serial_sleep
                0x000497a0       0x10 C:/Users/gsvn0/Desktop/Do_an/dwm1001_Tag/DWM1001-Real-Time-Localization-System/dwm-simple/../../lib/libdwm.a(serial.o)
                0x000497a0                serial_sleep
 .text.serial_uart_reinit
                0x000497b0       0x10 C:/Users/gsvn0/Desktop/Do_an/dwm1001_Tag/DWM1001-Real-Time-Localization-System/dwm-simple/../../lib/libdwm.a(serial.o)
                0x000497b0                serial_uart_reinit
 .text.serial_status_change_ntfy
                0x000497c0       0x10 C:/Users/gsvn0/Desktop/Do_an/dwm1001_Tag/DWM1001-Real-Time-Localization-System/dwm-simple/../../lib/libdwm.a(serial.o)
                0x000497c0                serial_status_change_ntfy
 .text.serial_thread_entry
                0x000497d0      0x168 C:/Users/gsvn0/Desktop/Do_an/dwm1001_Tag/DWM1001-Real-Time-Localization-System/dwm-simple/../../lib/libdwm.a(serial.o)
                0x000497d0                serial_thread_entry
 .text.serial_start
                0x00049938       0x10 C:/Users/gsvn0/Desktop/Do_an/dwm1001_Tag/DWM1001-Real-Time-Localization-System/dwm-simple/../../lib/libdwm.a(serial.o)
                0x00049938                serial_start
 .text.serial_compile_spi
                0x00049948       0x58 C:/Users/gsvn0/Desktop/Do_an/dwm1001_Tag/DWM1001-Real-Time-Localization-System/dwm-simple/../../lib/libdwm.a(serial.o)
                0x00049948                serial_compile_spi
 .text.serial_is_uart_compiled
                0x000499a0        0xc C:/Users/gsvn0/Desktop/Do_an/dwm1001_Tag/DWM1001-Real-Time-Localization-System/dwm-simple/../../lib/libdwm.a(serial.o)
                0x000499a0                serial_is_uart_compiled
 .text.serial_is_compiled
                0x000499ac        0xc C:/Users/gsvn0/Desktop/Do_an/dwm1001_Tag/DWM1001-Real-Time-Localization-System/dwm-simple/../../lib/libdwm.a(serial.o)
                0x000499ac                serial_is_compiled
 .text.cmd_enc_key_clear
                0x000499b8       0x34 C:/Users/gsvn0/Desktop/Do_an/dwm1001_Tag/DWM1001-Real-Time-Localization-System/dwm-simple/../../lib/libdwm.a(shell-api.o)
                0x000499b8                cmd_enc_key_clear
 .text.cmd_nvm_usr_data_clear
                0x000499ec       0x38 C:/Users/gsvn0/Desktop/Do_an/dwm1001_Tag/DWM1001-Real-Time-Localization-System/dwm-simple/../../lib/libdwm.a(shell-api.o)
 .text.cmd_nvm_usr_data_set
                0x00049a24       0xb8 C:/Users/gsvn0/Desktop/Do_an/dwm1001_Tag/DWM1001-Real-Time-Localization-System/dwm-simple/../../lib/libdwm.a(shell-api.o)
 .text.cmd_tlv  0x00049adc       0xb0 C:/Users/gsvn0/Desktop/Do_an/dwm1001_Tag/DWM1001-Real-Time-Localization-System/dwm-simple/../../lib/libdwm.a(shell-api.o)
 .text.api_cb   0x00049b8c       0x44 C:/Users/gsvn0/Desktop/Do_an/dwm1001_Tag/DWM1001-Real-Time-Localization-System/dwm-simple/../../lib/libdwm.a(shell-api.o)
 .text.cmd_enc_key_set
                0x00049bd0       0x94 C:/Users/gsvn0/Desktop/Do_an/dwm1001_Tag/DWM1001-Real-Time-Localization-System/dwm-simple/../../lib/libdwm.a(shell-api.o)
                0x00049bd0                cmd_enc_key_set
 .text.cmd_nvm_usr_data_get
                0x00049c64       0x64 C:/Users/gsvn0/Desktop/Do_an/dwm1001_Tag/DWM1001-Real-Time-Localization-System/dwm-simple/../../lib/libdwm.a(shell-api.o)
 .text.cmd_cfg_tn_set
                0x00049cc8      0x120 C:/Users/gsvn0/Desktop/Do_an/dwm1001_Tag/DWM1001-Real-Time-Localization-System/dwm-simple/../../lib/libdwm.a(shell-api.o)
 .text.cmd_cfg_an_set
                0x00049de8       0xf4 C:/Users/gsvn0/Desktop/Do_an/dwm1001_Tag/DWM1001-Real-Time-Localization-System/dwm-simple/../../lib/libdwm.a(shell-api.o)
 .text.cmd_pos_set
                0x00049edc       0x88 C:/Users/gsvn0/Desktop/Do_an/dwm1001_Tag/DWM1001-Real-Time-Localization-System/dwm-simple/../../lib/libdwm.a(shell-api.o)
 .text.cmd_pos_get
                0x00049f64       0x48 C:/Users/gsvn0/Desktop/Do_an/dwm1001_Tag/DWM1001-Real-Time-Localization-System/dwm-simple/../../lib/libdwm.a(shell-api.o)
 .text.cmd_ur_get
                0x00049fac       0x4c C:/Users/gsvn0/Desktop/Do_an/dwm1001_Tag/DWM1001-Real-Time-Localization-System/dwm-simple/../../lib/libdwm.a(shell-api.o)
 .text.cmd_ur_set
                0x00049ff8       0x7c C:/Users/gsvn0/Desktop/Do_an/dwm1001_Tag/DWM1001-Real-Time-Localization-System/dwm-simple/../../lib/libdwm.a(shell-api.o)
 .text.cmd_le_show_loc
                0x0004a074       0x2c C:/Users/gsvn0/Desktop/Do_an/dwm1001_Tag/DWM1001-Real-Time-Localization-System/dwm-simple/../../lib/libdwm.a(shell-le.o)
                0x0004a074                cmd_le_show_loc
 .text.cmd_le_show_loc_csv
                0x0004a0a0       0x2c C:/Users/gsvn0/Desktop/Do_an/dwm1001_Tag/DWM1001-Real-Time-Localization-System/dwm-simple/../../lib/libdwm.a(shell-le.o)
                0x0004a0a0                cmd_le_show_loc_csv
 .text.cmd_le_show_pos_csv
                0x0004a0cc        0x4 C:/Users/gsvn0/Desktop/Do_an/dwm1001_Tag/DWM1001-Real-Time-Localization-System/dwm-simple/../../lib/libdwm.a(shell-le.o)
                0x0004a0cc                cmd_le_show_pos_csv
 .text._shell_stop
                0x0004a0d0        0xc C:/Users/gsvn0/Desktop/Do_an/dwm1001_Tag/DWM1001-Real-Time-Localization-System/dwm-simple/../../lib/libdwm.a(shell.o)
 .text._shell_add_cmds
                0x0004a0dc       0x24 C:/Users/gsvn0/Desktop/Do_an/dwm1001_Tag/DWM1001-Real-Time-Localization-System/dwm-simple/../../lib/libdwm.a(shell.o)
 .text._get_argc
                0x0004a100       0x1c C:/Users/gsvn0/Desktop/Do_an/dwm1001_Tag/DWM1001-Real-Time-Localization-System/dwm-simple/../../lib/libdwm.a(shell.o)
 .text._shell_get_arg
                0x0004a11c       0x14 C:/Users/gsvn0/Desktop/Do_an/dwm1001_Tag/DWM1001-Real-Time-Localization-System/dwm-simple/../../lib/libdwm.a(shell.o)
 .text._shell_set_init_print
                0x0004a130        0xc C:/Users/gsvn0/Desktop/Do_an/dwm1001_Tag/DWM1001-Real-Time-Localization-System/dwm-simple/../../lib/libdwm.a(shell.o)
 .text._shell_show_hidden
                0x0004a13c        0xc C:/Users/gsvn0/Desktop/Do_an/dwm1001_Tag/DWM1001-Real-Time-Localization-System/dwm-simple/../../lib/libdwm.a(shell.o)
 .text._shell_init_ready_await
                0x0004a148       0x18 C:/Users/gsvn0/Desktop/Do_an/dwm1001_Tag/DWM1001-Real-Time-Localization-System/dwm-simple/../../lib/libdwm.a(shell.o)
 .text.shell_init_print_fnc
                0x0004a160        0xc C:/Users/gsvn0/Desktop/Do_an/dwm1001_Tag/DWM1001-Real-Time-Localization-System/dwm-simple/../../lib/libdwm.a(shell.o)
 .text._shell_print_hex
                0x0004a16c       0x48 C:/Users/gsvn0/Desktop/Do_an/dwm1001_Tag/DWM1001-Real-Time-Localization-System/dwm-simple/../../lib/libdwm.a(shell.o)
 .text._shell_get_arg_int
                0x0004a1b4       0x4c C:/Users/gsvn0/Desktop/Do_an/dwm1001_Tag/DWM1001-Real-Time-Localization-System/dwm-simple/../../lib/libdwm.a(shell.o)
 .text._shell_start
                0x0004a200        0x4 C:/Users/gsvn0/Desktop/Do_an/dwm1001_Tag/DWM1001-Real-Time-Localization-System/dwm-simple/../../lib/libdwm.a(shell.o)
 .text._shell_uninit
                0x0004a204       0x3c C:/Users/gsvn0/Desktop/Do_an/dwm1001_Tag/DWM1001-Real-Time-Localization-System/dwm-simple/../../lib/libdwm.a(shell.o)
 .text._shell_init
                0x0004a240       0x44 C:/Users/gsvn0/Desktop/Do_an/dwm1001_Tag/DWM1001-Real-Time-Localization-System/dwm-simple/../../lib/libdwm.a(shell.o)
 .text.shell_fsm_entry
                0x0004a284      0x29c C:/Users/gsvn0/Desktop/Do_an/dwm1001_Tag/DWM1001-Real-Time-Localization-System/dwm-simple/../../lib/libdwm.a(shell.o)
 .text.shell_thread_entry
                0x0004a520       0x88 C:/Users/gsvn0/Desktop/Do_an/dwm1001_Tag/DWM1001-Real-Time-Localization-System/dwm-simple/../../lib/libdwm.a(shell.o)
                0x0004a520                shell_thread_entry
 .text.dwm_shell_init
                0x0004a5a8       0x10 C:/Users/gsvn0/Desktop/Do_an/dwm1001_Tag/DWM1001-Real-Time-Localization-System/dwm-simple/../../lib/libdwm.a(shell.o)
                0x0004a5a8                dwm_shell_init
 .text.shell_init
                0x0004a5b8       0x10 C:/Users/gsvn0/Desktop/Do_an/dwm1001_Tag/DWM1001-Real-Time-Localization-System/dwm-simple/../../lib/libdwm.a(shell.o)
                0x0004a5b8                shell_init
 .text.shell_uninit
                0x0004a5c8       0x10 C:/Users/gsvn0/Desktop/Do_an/dwm1001_Tag/DWM1001-Real-Time-Localization-System/dwm-simple/../../lib/libdwm.a(shell.o)
                0x0004a5c8                shell_uninit
 .text._shell_delete_if_unused
                0x0004a5d8       0x2c C:/Users/gsvn0/Desktop/Do_an/dwm1001_Tag/DWM1001-Real-Time-Localization-System/dwm-simple/../../lib/libdwm.a(shell.o)
 .text.shell_start
                0x0004a604       0x10 C:/Users/gsvn0/Desktop/Do_an/dwm1001_Tag/DWM1001-Real-Time-Localization-System/dwm-simple/../../lib/libdwm.a(shell.o)
                0x0004a604                shell_start
 .text.shell_stop
                0x0004a614       0x10 C:/Users/gsvn0/Desktop/Do_an/dwm1001_Tag/DWM1001-Real-Time-Localization-System/dwm-simple/../../lib/libdwm.a(shell.o)
                0x0004a614                shell_stop
 .text.shell_quit
                0x0004a624       0x14 C:/Users/gsvn0/Desktop/Do_an/dwm1001_Tag/DWM1001-Real-Time-Localization-System/dwm-simple/../../lib/libdwm.a(shell.o)
 .text.shell_delete_if_unused
                0x0004a638       0x10 C:/Users/gsvn0/Desktop/Do_an/dwm1001_Tag/DWM1001-Real-Time-Localization-System/dwm-simple/../../lib/libdwm.a(shell.o)
                0x0004a638                shell_delete_if_unused
 .text.shell_add_cmds
                0x0004a648       0x10 C:/Users/gsvn0/Desktop/Do_an/dwm1001_Tag/DWM1001-Real-Time-Localization-System/dwm-simple/../../lib/libdwm.a(shell.o)
                0x0004a648                shell_add_cmds
 .text.get_argc
                0x0004a658       0x10 C:/Users/gsvn0/Desktop/Do_an/dwm1001_Tag/DWM1001-Real-Time-Localization-System/dwm-simple/../../lib/libdwm.a(shell.o)
                0x0004a658                get_argc
 .text.shell_get_arg
                0x0004a668       0x10 C:/Users/gsvn0/Desktop/Do_an/dwm1001_Tag/DWM1001-Real-Time-Localization-System/dwm-simple/../../lib/libdwm.a(shell.o)
                0x0004a668                shell_get_arg
 .text._get_argv
                0x0004a678        0x4 C:/Users/gsvn0/Desktop/Do_an/dwm1001_Tag/DWM1001-Real-Time-Localization-System/dwm-simple/../../lib/libdwm.a(shell.o)
 .text.shell_get_arg_int
                0x0004a67c       0x10 C:/Users/gsvn0/Desktop/Do_an/dwm1001_Tag/DWM1001-Real-Time-Localization-System/dwm-simple/../../lib/libdwm.a(shell.o)
                0x0004a67c                shell_get_arg_int
 .text.shell_set_init_print
                0x0004a68c       0x10 C:/Users/gsvn0/Desktop/Do_an/dwm1001_Tag/DWM1001-Real-Time-Localization-System/dwm-simple/../../lib/libdwm.a(shell.o)
                0x0004a68c                shell_set_init_print
 .text._dwm_shell_init
                0x0004a69c       0x70 C:/Users/gsvn0/Desktop/Do_an/dwm1001_Tag/DWM1001-Real-Time-Localization-System/dwm-simple/../../lib/libdwm.a(shell.o)
                0x0004a69c                _dwm_shell_init
 .text.shell_show_hidden
                0x0004a70c       0x10 C:/Users/gsvn0/Desktop/Do_an/dwm1001_Tag/DWM1001-Real-Time-Localization-System/dwm-simple/../../lib/libdwm.a(shell.o)
                0x0004a70c                shell_show_hidden
 .text.shell_help
                0x0004a71c       0xa8 C:/Users/gsvn0/Desktop/Do_an/dwm1001_Tag/DWM1001-Real-Time-Localization-System/dwm-simple/../../lib/libdwm.a(shell.o)
 .text.shell_show_hidden_enabled
                0x0004a7c4       0x14 C:/Users/gsvn0/Desktop/Do_an/dwm1001_Tag/DWM1001-Real-Time-Localization-System/dwm-simple/../../lib/libdwm.a(shell.o)
                0x0004a7c4                shell_show_hidden_enabled
 .text.shell_is_compiled
                0x0004a7d8        0xc C:/Users/gsvn0/Desktop/Do_an/dwm1001_Tag/DWM1001-Real-Time-Localization-System/dwm-simple/../../lib/libdwm.a(shell.o)
                0x0004a7d8                shell_is_compiled
 .text.shell_compile
                0x0004a7e4       0xe0 C:/Users/gsvn0/Desktop/Do_an/dwm1001_Tag/DWM1001-Real-Time-Localization-System/dwm-simple/../../lib/libdwm.a(shell.o)
                0x0004a7e4                shell_compile
 .text.cmd_twi  0x0004a8c4       0xc4 C:/Users/gsvn0/Desktop/Do_an/dwm1001_Tag/DWM1001-Real-Time-Localization-System/dwm-simple/../../lib/libdwm.a(shell-sens.o)
                0x0004a8c4                cmd_twi
 .text.cmd_stnry_cfg_get
                0x0004a988       0x2c C:/Users/gsvn0/Desktop/Do_an/dwm1001_Tag/DWM1001-Real-Time-Localization-System/dwm-simple/../../lib/libdwm.a(shell-sens.o)
                0x0004a988                cmd_stnry_cfg_get
 .text.cmd_acc_xyz
                0x0004a9b4       0x48 C:/Users/gsvn0/Desktop/Do_an/dwm1001_Tag/DWM1001-Real-Time-Localization-System/dwm-simple/../../lib/libdwm.a(shell-sens.o)
 .text.cmd_acc_id
                0x0004a9fc       0x24 C:/Users/gsvn0/Desktop/Do_an/dwm1001_Tag/DWM1001-Real-Time-Localization-System/dwm-simple/../../lib/libdwm.a(shell-sens.o)
 .text.cmd_stnry_cfg_set
                0x0004aa20       0x60 C:/Users/gsvn0/Desktop/Do_an/dwm1001_Tag/DWM1001-Real-Time-Localization-System/dwm-simple/../../lib/libdwm.a(shell-sens.o)
                0x0004aa20                cmd_stnry_cfg_set
 .text.NVIC_SystemReset
                0x0004aa80       0x24 C:/Users/gsvn0/Desktop/Do_an/dwm1001_Tag/DWM1001-Real-Time-Localization-System/dwm-simple/../../lib/libdwm.a(shell-sys.o)
 .text.cmd_reset
                0x0004aaa4        0x6 C:/Users/gsvn0/Desktop/Do_an/dwm1001_Tag/DWM1001-Real-Time-Localization-System/dwm-simple/../../lib/libdwm.a(shell-sys.o)
                0x0004aaa4                cmd_reset
 .text.cmd_free
                0x0004aaaa        0x4 C:/Users/gsvn0/Desktop/Do_an/dwm1001_Tag/DWM1001-Real-Time-Localization-System/dwm-simple/../../lib/libdwm.a(shell-sys.o)
                0x0004aaaa                cmd_free
 .text.cmd_ps   0x0004aaae        0x4 C:/Users/gsvn0/Desktop/Do_an/dwm1001_Tag/DWM1001-Real-Time-Localization-System/dwm-simple/../../lib/libdwm.a(shell-sys.o)
                0x0004aaae                cmd_ps
 .text.cmd_pm_show
                0x0004aab2        0x4 C:/Users/gsvn0/Desktop/Do_an/dwm1001_Tag/DWM1001-Real-Time-Localization-System/dwm-simple/../../lib/libdwm.a(shell-sys.o)
                0x0004aab2                cmd_pm_show
 .text.cmd_uptime
                0x0004aab6        0x4 C:/Users/gsvn0/Desktop/Do_an/dwm1001_Tag/DWM1001-Real-Time-Localization-System/dwm-simple/../../lib/libdwm.a(shell-sys.o)
                0x0004aab6                cmd_uptime
 *fill*         0x0004aaba        0x2 
 .text.cmd_boot_addr_toggle
                0x0004aabc       0x38 C:/Users/gsvn0/Desktop/Do_an/dwm1001_Tag/DWM1001-Real-Time-Localization-System/dwm-simple/../../lib/libdwm.a(shell-sys.o)
                0x0004aabc                cmd_boot_addr_toggle
 .text.cmd_shutdown_uwb
                0x0004aaf4       0x54 C:/Users/gsvn0/Desktop/Do_an/dwm1001_Tag/DWM1001-Real-Time-Localization-System/dwm-simple/../../lib/libdwm.a(shell-sys.o)
                0x0004aaf4                cmd_shutdown_uwb
 .text.cmd_shutdown_ble
                0x0004ab48        0xe C:/Users/gsvn0/Desktop/Do_an/dwm1001_Tag/DWM1001-Real-Time-Localization-System/dwm-simple/../../lib/libdwm.a(shell-sys.o)
                0x0004ab48                cmd_shutdown_ble
 *fill*         0x0004ab56        0x2 
 .text.cmd_shutdown_misc
                0x0004ab58       0x50 C:/Users/gsvn0/Desktop/Do_an/dwm1001_Tag/DWM1001-Real-Time-Localization-System/dwm-simple/../../lib/libdwm.a(shell-sys.o)
                0x0004ab58                cmd_shutdown_misc
 .text.cmd_shutdown_all
                0x0004aba8        0xe C:/Users/gsvn0/Desktop/Do_an/dwm1001_Tag/DWM1001-Real-Time-Localization-System/dwm-simple/../../lib/libdwm.a(shell-sys.o)
                0x0004aba8                cmd_shutdown_all
 .text.cmd_factory_reset
                0x0004abb6        0x4 C:/Users/gsvn0/Desktop/Do_an/dwm1001_Tag/DWM1001-Real-Time-Localization-System/dwm-simple/../../lib/libdwm.a(shell-sys.o)
                0x0004abb6                cmd_factory_reset
 .text.cmd_sys_info
                0x0004abba       0x30 C:/Users/gsvn0/Desktop/Do_an/dwm1001_Tag/DWM1001-Real-Time-Localization-System/dwm-simple/../../lib/libdwm.a(shell-sys.o)
 *fill*         0x0004abea        0x2 
 .text.NVIC_SystemReset
                0x0004abec       0x24 C:/Users/gsvn0/Desktop/Do_an/dwm1001_Tag/DWM1001-Real-Time-Localization-System/dwm-simple/../../lib/libdwm.a(shell-uwbmac.o)
 .text.cmd_uwbmac_stats_clear
                0x0004ac10       0x28 C:/Users/gsvn0/Desktop/Do_an/dwm1001_Tag/DWM1001-Real-Time-Localization-System/dwm-simple/../../lib/libdwm.a(shell-uwbmac.o)
 .text.cmd_test_udi
                0x0004ac38       0x38 C:/Users/gsvn0/Desktop/Do_an/dwm1001_Tag/DWM1001-Real-Time-Localization-System/dwm-simple/../../lib/libdwm.a(shell-uwbmac.o)
 .text.cmd_uwbmac_stats_get
                0x0004ac70        0xe C:/Users/gsvn0/Desktop/Do_an/dwm1001_Tag/DWM1001-Real-Time-Localization-System/dwm-simple/../../lib/libdwm.a(shell-uwbmac.o)
 *fill*         0x0004ac7e        0x2 
 .text.cmd_test_uui
                0x0004ac80      0x170 C:/Users/gsvn0/Desktop/Do_an/dwm1001_Tag/DWM1001-Real-Time-Localization-System/dwm-simple/../../lib/libdwm.a(shell-uwbmac.o)
 .text.cmd_uwbmac_lrn
                0x0004adf0       0xf4 C:/Users/gsvn0/Desktop/Do_an/dwm1001_Tag/DWM1001-Real-Time-Localization-System/dwm-simple/../../lib/libdwm.a(shell-uwbmac.o)
 .text.cmd_uwbmac_lr
                0x0004aee4       0xf4 C:/Users/gsvn0/Desktop/Do_an/dwm1001_Tag/DWM1001-Real-Time-Localization-System/dwm-simple/../../lib/libdwm.a(shell-uwbmac.o)
 .text.cmd_uwbmac_lb
                0x0004afd8       0x18 C:/Users/gsvn0/Desktop/Do_an/dwm1001_Tag/DWM1001-Real-Time-Localization-System/dwm-simple/../../lib/libdwm.a(shell-uwbmac.o)
 .text.cmd_uwbmac_la
                0x0004aff0       0x18 C:/Users/gsvn0/Desktop/Do_an/dwm1001_Tag/DWM1001-Real-Time-Localization-System/dwm-simple/../../lib/libdwm.a(shell-uwbmac.o)
 .text.cmd_uwbmac_reinit
                0x0004b008       0x64 C:/Users/gsvn0/Desktop/Do_an/dwm1001_Tag/DWM1001-Real-Time-Localization-System/dwm-simple/../../lib/libdwm.a(shell-uwbmac.o)
 .text.cmd_acf_toggle
                0x0004b06c       0x58 C:/Users/gsvn0/Desktop/Do_an/dwm1001_Tag/DWM1001-Real-Time-Localization-System/dwm-simple/../../lib/libdwm.a(shell-uwbmac.o)
 .text.cmd_bpc_toggle
                0x0004b0c4       0x58 C:/Users/gsvn0/Desktop/Do_an/dwm1001_Tag/DWM1001-Real-Time-Localization-System/dwm-simple/../../lib/libdwm.a(shell-uwbmac.o)
 .text.cmd_node_mode_set_bn
                0x0004b11c        0xe C:/Users/gsvn0/Desktop/Do_an/dwm1001_Tag/DWM1001-Real-Time-Localization-System/dwm-simple/../../lib/libdwm.a(shell-uwbmac.o)
 .text.cmd_node_mode_set_tn_lp
                0x0004b12a        0xe C:/Users/gsvn0/Desktop/Do_an/dwm1001_Tag/DWM1001-Real-Time-Localization-System/dwm-simple/../../lib/libdwm.a(shell-uwbmac.o)
 .text.cmd_node_mode_set_tn
                0x0004b138        0xe C:/Users/gsvn0/Desktop/Do_an/dwm1001_Tag/DWM1001-Real-Time-Localization-System/dwm-simple/../../lib/libdwm.a(shell-uwbmac.o)
 .text.cmd_node_mode_set_ani
                0x0004b146        0xe C:/Users/gsvn0/Desktop/Do_an/dwm1001_Tag/DWM1001-Real-Time-Localization-System/dwm-simple/../../lib/libdwm.a(shell-uwbmac.o)
 .text.cmd_node_mode_set_an
                0x0004b154        0xe C:/Users/gsvn0/Desktop/Do_an/dwm1001_Tag/DWM1001-Real-Time-Localization-System/dwm-simple/../../lib/libdwm.a(shell-uwbmac.o)
 .text.cmd_node_mode_set_pn_off
                0x0004b162       0x10 C:/Users/gsvn0/Desktop/Do_an/dwm1001_Tag/DWM1001-Real-Time-Localization-System/dwm-simple/../../lib/libdwm.a(shell-uwbmac.o)
 .text.cmd_node_mode_set_pn_pasv
                0x0004b172       0x10 C:/Users/gsvn0/Desktop/Do_an/dwm1001_Tag/DWM1001-Real-Time-Localization-System/dwm-simple/../../lib/libdwm.a(shell-uwbmac.o)
 *fill*         0x0004b182        0x2 
 .text.cmd_node_mode_get
                0x0004b184       0x24 C:/Users/gsvn0/Desktop/Do_an/dwm1001_Tag/DWM1001-Real-Time-Localization-System/dwm-simple/../../lib/libdwm.a(shell-uwbmac.o)
 .text.cmd_uwbmac_nls
                0x0004b1a8       0x7c C:/Users/gsvn0/Desktop/Do_an/dwm1001_Tag/DWM1001-Real-Time-Localization-System/dwm-simple/../../lib/libdwm.a(shell-uwbmac.o)
 .text.cmd_uwbmac_nis
                0x0004b224       0x78 C:/Users/gsvn0/Desktop/Do_an/dwm1001_Tag/DWM1001-Real-Time-Localization-System/dwm-simple/../../lib/libdwm.a(shell-uwbmac.o)
 .text.sd_softdevice_disable
                0x0004b29c        0x4 C:/Users/gsvn0/Desktop/Do_an/dwm1001_Tag/DWM1001-Real-Time-Localization-System/dwm-simple/../../lib/libdwm.a(softdevice_handler.o)
 .text.softdevice_handler_is_enabled