Archive member included to satisfy reference by file (symbol)

C:/Users/gsvn0/Desktop/Do_an/dwm1001_anchor/DWM1001-Real-Time-Localization-System/dwm-simple/../../lib/libdwm.a(ble-server.o)
                              C:/Users/gsvn0/Desktop/Do_an/dwm1001_anchor/DWM1001-Real-Time-Localization-System/dwm-simple/../../lib/dwm.o (ble_add_shell_cmds)
C:/Users/gsvn0/Desktop/Do_an/dwm1001_anchor/DWM1001-Real-Time-Localization-System/dwm-simple/../../lib/libdwm.a(ble_srv_common.o)
                              C:/Users/gsvn0/Desktop/Do_an/dwm1001_anchor/DWM1001-Real-Time-Localization-System/dwm-simple/../../lib/libdwm.a(ble-server.o) (ble_srv_is_notification_enabled)
C:/Users/gsvn0/Desktop/Do_an/dwm1001_anchor/DWM1001-Real-Time-Localization-System/dwm-simple/../../lib/libdwm.a(dw1000.o)
                              C:/Users/gsvn0/Desktop/Do_an/dwm1001_anchor/DWM1001-Real-Time-Localization-System/dwm-simple/../../lib/libdwm.a(ble-server.o) (dw_rand)
C:/Users/gsvn0/Desktop/Do_an/dwm1001_anchor/DWM1001-Real-Time-Localization-System/dwm-simple/../../lib/libdwm.a(dwm-math.o)
                              C:/Users/gsvn0/Desktop/Do_an/dwm1001_anchor/DWM1001-Real-Time-Localization-System/dwm-simple/../../lib/libdwm.a(dw1000.o) (flog10)
C:/Users/gsvn0/Desktop/Do_an/dwm1001_anchor/DWM1001-Real-Time-Localization-System/dwm-simple/../../lib/libdwm.a(dwm.o)
                              C:/Users/gsvn0/Desktop/Do_an/dwm1001_anchor/DWM1001-Real-Time-Localization-System/dwm-simple/output/compiler/dwm-simple.o (dwm_systime_us_get)
C:/Users/gsvn0/Desktop/Do_an/dwm1001_anchor/DWM1001-Real-Time-Localization-System/dwm-simple/../../lib/libdwm.a(env-tlv.o)
                              C:/Users/gsvn0/Desktop/Do_an/dwm1001_anchor/DWM1001-Real-Time-Localization-System/dwm-simple/../../lib/dwm.o (env_load)
C:/Users/gsvn0/Desktop/Do_an/dwm1001_anchor/DWM1001-Real-Time-Localization-System/dwm-simple/../../lib/libdwm.a(fwup.o)
                              C:/Users/gsvn0/Desktop/Do_an/dwm1001_anchor/DWM1001-Real-Time-Localization-System/dwm-simple/../../lib/libdwm.a(ble-server.o) (fwup_rcvr_in_progress)
C:/Users/gsvn0/Desktop/Do_an/dwm1001_anchor/DWM1001-Real-Time-Localization-System/dwm-simple/../../lib/libdwm.a(hal.o)
                              C:/Users/gsvn0/Desktop/Do_an/dwm1001_anchor/DWM1001-Real-Time-Localization-System/dwm-simple/../../lib/libdwm.a(dwm.o) (hal_factory_reset)
C:/Users/gsvn0/Desktop/Do_an/dwm1001_anchor/DWM1001-Real-Time-Localization-System/dwm-simple/../../lib/libdwm.a(nrf_drv_rng.o)
                              C:/Users/gsvn0/Desktop/Do_an/dwm1001_anchor/DWM1001-Real-Time-Localization-System/dwm-simple/../../lib/libdwm.a(hal.o) (nrf_drv_rng_init)
C:/Users/gsvn0/Desktop/Do_an/dwm1001_anchor/DWM1001-Real-Time-Localization-System/dwm-simple/../../lib/libdwm.a(pm.o)
                              C:/Users/gsvn0/Desktop/Do_an/dwm1001_anchor/DWM1001-Real-Time-Localization-System/dwm-simple/../../lib/libdwm.a(ble-server.o) (pm_sched_signal)
C:/Users/gsvn0/Desktop/Do_an/dwm1001_anchor/DWM1001-Real-Time-Localization-System/dwm-simple/../../lib/libdwm.a(process-api.o)
                              C:/Users/gsvn0/Desktop/Do_an/dwm1001_anchor/DWM1001-Real-Time-Localization-System/dwm-simple/../../lib/dwm.o (api_thread_start)
C:/Users/gsvn0/Desktop/Do_an/dwm1001_anchor/DWM1001-Real-Time-Localization-System/dwm-simple/../../lib/libdwm.a(process-ble.o)
                              C:/Users/gsvn0/Desktop/Do_an/dwm1001_anchor/DWM1001-Real-Time-Localization-System/dwm-simple/../../lib/libdwm.a(ble-server.o) (ble_server_evt_put)
C:/Users/gsvn0/Desktop/Do_an/dwm1001_anchor/DWM1001-Real-Time-Localization-System/dwm-simple/../../lib/libdwm.a(process-le.o)
                              C:/Users/gsvn0/Desktop/Do_an/dwm1001_anchor/DWM1001-Real-Time-Localization-System/dwm-simple/../../lib/dwm.o (le_init)
C:/Users/gsvn0/Desktop/Do_an/dwm1001_anchor/DWM1001-Real-Time-Localization-System/dwm-simple/../../lib/libdwm.a(process-pm.o)
                              C:/Users/gsvn0/Desktop/Do_an/dwm1001_anchor/DWM1001-Real-Time-Localization-System/dwm-simple/../../lib/dwm.o (hal_pm_init)
C:/Users/gsvn0/Desktop/Do_an/dwm1001_anchor/DWM1001-Real-Time-Localization-System/dwm-simple/../../lib/libdwm.a(process-svc.o)
                              C:/Users/gsvn0/Desktop/Do_an/dwm1001_anchor/DWM1001-Real-Time-Localization-System/dwm-simple/../../lib/dwm.o (svc_init)
C:/Users/gsvn0/Desktop/Do_an/dwm1001_anchor/DWM1001-Real-Time-Localization-System/dwm-simple/../../lib/libdwm.a(process-uwbmac.o)
                              C:/Users/gsvn0/Desktop/Do_an/dwm1001_anchor/DWM1001-Real-Time-Localization-System/dwm-simple/../../lib/dwm.o (uwbmac_init)
C:/Users/gsvn0/Desktop/Do_an/dwm1001_anchor/DWM1001-Real-Time-Localization-System/dwm-simple/../../lib/libdwm.a(process-uwb.o)
                              C:/Users/gsvn0/Desktop/Do_an/dwm1001_anchor/DWM1001-Real-Time-Localization-System/dwm-simple/../../lib/dwm.o (uwb_init)
[...]
Memory Configuration

Name             Origin             Length             Attributes
sram             0x200035e0         0x0000ba20
flash            0x00044000         0x0003c000
*default*        0x00000000         0xffffffff

Linker script and memory map

LOAD C:/Users/gsvn0/Desktop/Do_an/dwm1001_anchor/DWM1001-Real-Time-Localization-System/dwm-simple/../../lib\vectors.o
LOAD C:/Users/gsvn0/Desktop/Do_an/dwm1001_anchor/DWM1001-Real-Time-Localization-System/dwm-simple/output/compiler/dwm-simple.o
LOAD C:/Users/gsvn0/Desktop/Do_an/dwm1001_anchor/DWM1001-Real-Time-Localization-System/dwm-simple/../../lib/dwm.o
LOAD C:/Users/gsvn0/Desktop/Do_an/dwm1001_anchor/DWM1001-Real-Time-Localization-System/dwm-simple/../../lib/libdwm.a
LOAD c:/program files (x86)/gnu arm embedded toolchain/10 2021.10/bin/../lib/gcc/arm-none-eabi/10.3.1/../../../../arm-none-eabi/lib/thumb/v7e-m+fp/hard\libm.a
LOAD c:/program files (x86)/gnu arm embedded toolchain/10 2021.10/bin/../lib/gcc/arm-none-eabi/10.3.1/thumb/v7e-m+fp/hard\libgcc.a
LOAD c:/program files (x86)/gnu arm embedded toolchain/10 2021.10/bin/../lib/gcc/arm-none-eabi/10.3.1/../../../../arm-none-eabi/lib/thumb/v7e-m+fp/hard\libc.a
LOAD c:/program files (x86)/gnu arm embedded toolchain/10 2021.10/bin/../lib/gcc/arm-none-eabi/10.3.1/../../../../arm-none-eabi/lib/thumb/v7e-m+fp/hard\libnosys.a
LOAD C:/Users/gsvn0/Desktop/Do_an/dwm1001_anchor/DWM1001-Real-Time-Localization-System/dwm-simple/../../lib\extras.o
START GROUP
LOAD C:/Users/gsvn0/Desktop/Do_an/dwm1001_anchor/DWM1001-Real-Time-Localization-System/dwm-simple/../../lib\libtarget.a
LOAD c:/program files (x86)/gnu arm embedded toolchain/10 2021.10/bin/../lib/gcc/arm-none-eabi/10.3.1/thumb/v7e-m+fp/hard\libgcc.a
LOAD c:/program files (x86)/gnu arm embedded toolchain/10 2021.10/bin/../lib/gcc/arm-none-eabi/10.3.1/../../../../arm-none-eabi/lib/thumb/v7e-m+fp/hard\libsupc++.a
END GROUP

.debug_aranges  0x00000000       0x30
 *(.debug_aranges)
 .debug_aranges
                0x00000000       0x30 C:/Users/gsvn0/Desktop/Do_an/dwm1001_anchor/DWM1001-Real-Time-Localization-System/dwm-simple/output/compiler/dwm-simple.o

.debug_pubnames
 *(.debug_pubnames)

.debug_info     0x00000000      0x917
 *(.debug_info)
 .debug_info    0x00000000      0x917 C:/Users/gsvn0/Desktop/Do_an/dwm1001_anchor/DWM1001-Real-Time-Localization-System/dwm-simple/output/compiler/dwm-simple.o

.debug_abbrev   0x00000000      0x212
 *(.debug_abbrev)
 .debug_abbrev  0x00000000      0x212 C:/Users/gsvn0/Desktop/Do_an/dwm1001_anchor/DWM1001-Real-Time-Localization-System/dwm-simple/output/compiler/dwm-simple.o

.debug_line     0x00000000      0x61f
 *(.debug_line)
 .debug_line    0x00000000      0x61f C:/Users/gsvn0/Desktop/Do_an/dwm1001_anchor/DWM1001-Real-Time-Localization-System/dwm-simple/output/compiler/dwm-simple.o

.debug_frame    0x00000000     0x1bb4
 *(.debug_frame)
 .debug_frame   0x00000000       0x84 C:/Users/gsvn0/Desktop/Do_an/dwm1001_anchor/DWM1001-Real-Time-Localization-System/dwm-simple/output/compiler/dwm-simple.o
 .debug_frame   0x00000084       0x30 c:/program files (x86)/gnu arm embedded toolchain/10 2021.10/bin/../lib/gcc/arm-none-eabi/10.3.1/../../../../arm-none-eabi/lib/thumb/v7e-m+fp/hard\libm.a(lib_a-s_ceil.o)
 .debug_frame   0x000000b4       0x30 c:/program files (x86)/gnu arm embedded toolchain/10 2021.10/bin/../lib/gcc/arm-none-eabi/10.3.1/../../../../arm-none-eabi/lib/thumb/v7e-m+fp/hard\libm.a(lib_a-s_floor.o)
 .debug_frame   0x000000e4       0x48 c:/program files (x86)/gnu arm embedded toolchain/10 2021.10/bin/../lib/gcc/arm-none-eabi/10.3.1/../../../../arm-none-eabi/lib/thumb/v7e-m+fp/hard\libm.a(lib_a-w_sqrt.o)
 .debug_frame   0x0000012c       0x30 c:/program files (x86)/gnu arm embedded toolchain/10 2021.10/bin/../lib/gcc/arm-none-eabi/10.3.1/../../../../arm-none-eabi/lib/thumb/v7e-m+fp/hard\libm.a(lib_a-e_sqrt.o)
 .debug_frame   0x0000015c       0xac c:/program files (x86)/gnu arm embedded toolchain/10 2021.10/bin/../lib/gcc/arm-none-eabi/10.3.1/thumb/v7e-m+fp/hard\libgcc.a(_arm_addsubdf3.o)
 .debug_frame   0x00000208       0x50 c:/program files (x86)/gnu arm embedded toolchain/10 2021.10/bin/../lib/gcc/arm-none-eabi/10.3.1/thumb/v7e-m+fp/hard\libgcc.a(_arm_muldivdf3.o)
 .debug_frame   0x00000258       0xc4 c:/program files (x86)/gnu arm embedded toolchain/10 2021.10/bin/../lib/gcc/arm-none-eabi/10.3.1/thumb/v7e-m+fp/hard\libgcc.a(_arm_cmpdf2.o)
 .debug_frame   0x0000031c       0x20 c:/program files (x86)/gnu arm embedded toolchain/10 2021.10/bin/../lib/gcc/arm-none-eabi/10.3.1/thumb/v7e-m+fp/hard\libgcc.a(_arm_unorddf2.o)
 .debug_frame   0x0000033c       0x24 c:/program files (x86)/gnu arm embedded toolchain/10 2021.10/bin/../lib/gcc/arm-none-eabi/10.3.1/thumb/v7e-m+fp/hard\libgcc.a(_arm_fixdfsi.o)
 .debug_frame   0x00000360       0x24 c:/program files (x86)/gnu arm embedded toolchain/10 2021.10/bin/../lib/gcc/arm-none-eabi/10.3.1/thumb/v7e-m+fp/hard\libgcc.a(_arm_fixunsdfsi.o)
 .debug_frame   0x00000384       0x24 c:/program files (x86)/gnu arm embedded toolchain/10 2021.10/bin/../lib/gcc/arm-none-eabi/10.3.1/thumb/v7e-m+fp/hard\libgcc.a(_arm_truncdfsf2.o)
 .debug_frame   0x000003a8       0x4c c:/program files (x86)/gnu arm embedded toolchain/10 2021.10/bin/../lib/gcc/arm-none-eabi/10.3.1/thumb/v7e-m+fp/hard\libgcc.a(_arm_addsubsf3.o)
 .debug_frame   0x000003f4       0x44 c:/program files (x86)/gnu arm embedded toolchain/10 2021.10/bin/../lib/gcc/arm-none-eabi/10.3.1/thumb/v7e-m+fp/hard\libgcc.a(_aeabi_ldivmod.o)
 .debug_frame   0x00000438       0x2c c:/program files (x86)/gnu arm embedded toolchain/10 2021.10/bin/../lib/gcc/arm-none-eabi/10.3.1/thumb/v7e-m+fp/hard\libgcc.a(_aeabi_uldivmod.o)
 .debug_frame   0x00000464       0x2c c:/program files (x86)/gnu arm embedded toolchain/10 2021.10/bin/../lib/gcc/arm-none-eabi/10.3.1/thumb/v7e-m+fp/hard\libgcc.a(_fixunssfdi.o)
 .debug_frame   0x00000490       0x2c c:/program files (x86)/gnu arm embedded toolchain/10 2021.10/bin/../lib/gcc/arm-none-eabi/10.3.1/thumb/v7e-m+fp/hard\libgcc.a(_fixunsdfdi.o)
 .debug_frame   0x000004bc       0x34 c:/program files (x86)/gnu arm embedded toolchain/10 2021.10/bin/../lib/gcc/arm-none-eabi/10.3.1/thumb/v7e-m+fp/hard\libgcc.a(_udivmoddi4.o)
 .debug_frame   0x000004f0       0x2c c:/program files (x86)/gnu arm embedded toolchain/10 2021.10/bin/../lib/gcc/arm-none-eabi/10.3.1/../../../../arm-none-eabi/lib/thumb/v7e-m+fp/hard\libc.a(lib_a-calloc.o)
 .debug_frame   0x0000051c       0x2c c:/program files (x86)/gnu arm embedded toolchain/10 2021.10/bin/../lib/gcc/arm-none-eabi/10.3.1/../../../../arm-none-eabi/lib/thumb/v7e-m+fp/hard\libc.a(lib_a-callocr.o)
 .debug_frame   0x00000548       0x20 c:/program files (x86)/gnu arm embedded toolchain/10 2021.10/bin/../lib/gcc/arm-none-eabi/10.3.1/../../../../arm-none-eabi/lib/thumb/v7e-m+fp/hard\libc.a(lib_a-errno.o)
 .debug_frame   0x00000568       0x70 c:/program files (x86)/gnu arm embedded toolchain/10 2021.10/bin/../lib/gcc/arm-none-eabi/10.3.1/../../../../arm-none-eabi/lib/thumb/v7e-m+fp/hard\libc.a(lib_a-fflush.o)
 .debug_frame   0x000005d8      0x154 c:/program files (x86)/gnu arm embedded toolchain/10 2021.10/bin/../lib/gcc/arm-none-eabi/10.3.1/../../../../arm-none-eabi/lib/thumb/v7e-m+fp/hard\libc.a(lib_a-findfp.o)
 .debug_frame   0x0000072c       0x8c c:/program files (x86)/gnu arm embedded toolchain/10 2021.10/bin/../lib/gcc/arm-none-eabi/10.3.1/../../../../arm-none-eabi/lib/thumb/v7e-m+fp/hard\libc.a(lib_a-freer.o)
 .debug_frame   0x000007b8       0x54 c:/program files (x86)/gnu arm embedded toolchain/10 2021.10/bin/../lib/gcc/arm-none-eabi/10.3.1/../../../../arm-none-eabi/lib/thumb/v7e-m+fp/hard\libc.a(lib_a-fwalk.o)
 .debug_frame   0x0000080c       0xb0 c:/program files (x86)/gnu arm embedded toolchain/10 2021.10/bin/../lib/gcc/arm-none-eabi/10.3.1/../../../../arm-none-eabi/lib/thumb/v7e-m+fp/hard\libc.a(lib_a-lock.o)
 .debug_frame   0x000008bc       0x30 c:/program files (x86)/gnu arm embedded toolchain/10 2021.10/bin/../lib/gcc/arm-none-eabi/10.3.1/../../../../arm-none-eabi/lib/thumb/v7e-m+fp/hard\libc.a(lib_a-malloc.o)
 .debug_frame   0x000008ec       0x4c c:/program files (x86)/gnu arm embedded toolchain/10 2021.10/bin/../lib/gcc/arm-none-eabi/10.3.1/../../../../arm-none-eabi/lib/thumb/v7e-m+fp/hard\libc.a(lib_a-mallocr.o)
 .debug_frame   0x00000938       0x2c c:/program files (x86)/gnu arm embedded toolchain/10 2021.10/bin/../lib/gcc/arm-none-eabi/10.3.1/../../../../arm-none-eabi/lib/thumb/v7e-m+fp/hard\libc.a(lib_a-memcmp.o)
 .debug_frame   0x00000964       0x2c c:/program files (x86)/gnu arm embedded toolchain/10 2021.10/bin/../lib/gcc/arm-none-eabi/10.3.1/../../../../arm-none-eabi/lib/thumb/v7e-m+fp/hard\libc.a(lib_a-memset.o)
 .debug_frame   0x00000990       0x30 c:/program files (x86)/gnu arm embedded toolchain/10 2021.10/bin/../lib/gcc/arm-none-eabi/10.3.1/../../../../arm-none-eabi/lib/thumb/v7e-m+fp/hard\libc.a(lib_a-mlock.o)
 .debug_frame   0x000009c0       0x74 c:/program files (x86)/gnu arm embedded toolchain/10 2021.10/bin/../lib/gcc/arm-none-eabi/10.3.1/../../../../arm-none-eabi/lib/thumb/v7e-m+fp/hard\libc.a(lib_a-printf.o)
 .debug_frame   0x00000a34       0x30 c:/program files (x86)/gnu arm embedded toolchain/10 2021.10/bin/../lib/gcc/arm-none-eabi/10.3.1/../../../../arm-none-eabi/lib/thumb/v7e-m+fp/hard\libc.a(lib_a-putchar.o)
 .debug_frame   0x00000a64       0x4c c:/program files (x86)/gnu arm embedded toolchain/10 2021.10/bin/../lib/gcc/arm-none-eabi/10.3.1/../../../../arm-none-eabi/lib/thumb/v7e-m+fp/hard\libc.a(lib_a-puts.o)
 .debug_frame   0x00000ab0       0x2c c:/program files (x86)/gnu arm embedded toolchain/10 2021.10/bin/../lib/gcc/arm-none-eabi/10.3.1/../../../../arm-none-eabi/lib/thumb/v7e-m+fp/hard\libc.a(lib_a-sbrkr.o)
 .debug_frame   0x00000adc       0x94 c:/program files (x86)/gnu arm embedded toolchain/10 2021.10/bin/../lib/gcc/arm-none-eabi/10.3.1/../../../../arm-none-eabi/lib/thumb/v7e-m+fp/hard\libc.a(lib_a-snprintf.o)
 .debug_frame   0x00000b70       0x8c c:/program files (x86)/gnu arm embedded toolchain/10 2021.10/bin/../lib/gcc/arm-none-eabi/10.3.1/../../../../arm-none-eabi/lib/thumb/v7e-m+fp/hard\libc.a(lib_a-stdio.o)
 .debug_frame   0x00000bfc       0x20 c:/program files (x86)/gnu arm embedded toolchain/10 2021.10/bin/../lib/gcc/arm-none-eabi/10.3.1/../../../../arm-none-eabi/lib/thumb/v7e-m+fp/hard\libc.a(lib_a-strnlen.o)
 .debug_frame   0x00000c1c       0x7c c:/program files (x86)/gnu arm embedded toolchain/10 2021.10/bin/../lib/gcc/arm-none-eabi/10.3.1/../../../../arm-none-eabi/lib/thumb/v7e-m+fp/hard\libc.a(lib_a-svfprintf.o)
 .debug_frame   0x00000c98       0xe4 c:/program files (x86)/gnu arm embedded toolchain/10 2021.10/bin/../lib/gcc/arm-none-eabi/10.3.1/../../../../arm-none-eabi/lib/thumb/v7e-m+fp/hard\libc.a(lib_a-vfprintf.o)
 .debug_frame   0x00000d7c       0x2c c:/program files (x86)/gnu arm embedded toolchain/10 2021.10/bin/../lib/gcc/arm-none-eabi/10.3.1/../../../../arm-none-eabi/lib/thumb/v7e-m+fp/hard\libc.a(lib_a-writer.o)
 .debug_frame   0x00000da8       0x2c c:/program files (x86)/gnu arm embedded toolchain/10 2021.10/bin/../lib/gcc/arm-none-eabi/10.3.1/../../../../arm-none-eabi/lib/thumb/v7e-m+fp/hard\libc.a(lib_a-wsetup.o)
 .debug_frame   0x00000dd4       0x2c c:/program files (x86)/gnu arm embedded toolchain/10 2021.10/bin/../lib/gcc/arm-none-eabi/10.3.1/../../../../arm-none-eabi/lib/thumb/v7e-m+fp/hard\libc.a(lib_a-closer.o)
 .debug_frame   0x00000e00       0xdc c:/program files (x86)/gnu arm embedded toolchain/10 2021.10/bin/../lib/gcc/arm-none-eabi/10.3.1/../../../../arm-none-eabi/lib/thumb/v7e-m+fp/hard\libc.a(lib_a-dtoa.o)
 .debug_frame   0x00000edc       0x3c c:/program files (x86)/gnu arm embedded toolchain/10 2021.10/bin/../lib/gcc/arm-none-eabi/10.3.1/../../../../arm-none-eabi/lib/thumb/v7e-m+fp/hard\libc.a(lib_a-fclose.o)
 .debug_frame   0x00000f18       0x70 c:/program files (x86)/gnu arm embedded toolchain/10 2021.10/bin/../lib/gcc/arm-none-eabi/10.3.1/../../../../arm-none-eabi/lib/thumb/v7e-m+fp/hard\libc.a(lib_a-fiprintf.o)
 .debug_frame   0x00000f88       0x64 c:/program files (x86)/gnu arm embedded toolchain/10 2021.10/bin/../lib/gcc/arm-none-eabi/10.3.1/../../../../arm-none-eabi/lib/thumb/v7e-m+fp/hard\libc.a(lib_a-fvwrite.o)
 .debug_frame   0x00000fec       0x40 c:/program files (x86)/gnu arm embedded toolchain/10 2021.10/bin/../lib/gcc/arm-none-eabi/10.3.1/../../../../arm-none-eabi/lib/thumb/v7e-m+fp/hard\libc.a(lib_a-localeconv.o)
 .debug_frame   0x0000102c       0x2c c:/program files (x86)/gnu arm embedded toolchain/10 2021.10/bin/../lib/gcc/arm-none-eabi/10.3.1/../../../../arm-none-eabi/lib/thumb/v7e-m+fp/hard\libc.a(lib_a-lseekr.o)
 .debug_frame   0x00001058       0x70 c:/program files (x86)/gnu arm embedded toolchain/10 2021.10/bin/../lib/gcc/arm-none-eabi/10.3.1/../../../../arm-none-eabi/lib/thumb/v7e-m+fp/hard\libc.a(lib_a-makebuf.o)
 .debug_frame   0x000010c8       0x40 c:/program files (x86)/gnu arm embedded toolchain/10 2021.10/bin/../lib/gcc/arm-none-eabi/10.3.1/../../../../arm-none-eabi/lib/thumb/v7e-m+fp/hard\libc.a(lib_a-memmove.o)
 .debug_frame   0x00001108      0x280 c:/program files (x86)/gnu arm embedded toolchain/10 2021.10/bin/../lib/gcc/arm-none-eabi/10.3.1/../../../../arm-none-eabi/lib/thumb/v7e-m+fp/hard\libc.a(lib_a-mprec.o)
 .debug_frame   0x00001388       0x48 c:/program files (x86)/gnu arm embedded toolchain/10 2021.10/bin/../lib/gcc/arm-none-eabi/10.3.1/../../../../arm-none-eabi/lib/thumb/v7e-m+fp/hard\libc.a(lib_a-putc.o)
 .debug_frame   0x000013d0       0x2c c:/program files (x86)/gnu arm embedded toolchain/10 2021.10/bin/../lib/gcc/arm-none-eabi/10.3.1/../../../../arm-none-eabi/lib/thumb/v7e-m+fp/hard\libc.a(lib_a-readr.o)
 .debug_frame   0x000013fc       0x48 c:/program files (x86)/gnu arm embedded toolchain/10 2021.10/bin/../lib/gcc/arm-none-eabi/10.3.1/../../../../arm-none-eabi/lib/thumb/v7e-m+fp/hard\libc.a(lib_a-reallocr.o)
 .debug_frame   0x00001444       0x64 c:/program files (x86)/gnu arm embedded toolchain/10 2021.10/bin/../lib/gcc/arm-none-eabi/10.3.1/../../../../arm-none-eabi/lib/thumb/v7e-m+fp/hard\libc.a(lib_a-reent.o)
 .debug_frame   0x000014a8       0x2c c:/program files (x86)/gnu arm embedded toolchain/10 2021.10/bin/../lib/gcc/arm-none-eabi/10.3.1/../../../../arm-none-eabi/lib/thumb/v7e-m+fp/hard\libc.a(lib_a-s_frexp.o)
 .debug_frame   0x000014d4       0x2c c:/program files (x86)/gnu arm embedded toolchain/10 2021.10/bin/../lib/gcc/arm-none-eabi/10.3.1/../../../../arm-none-eabi/lib/thumb/v7e-m+fp/hard\libc.a(lib_a-strncpy.o)
 .debug_frame   0x00001500       0x88 c:/program files (x86)/gnu arm embedded toolchain/10 2021.10/bin/../lib/gcc/arm-none-eabi/10.3.1/../../../../arm-none-eabi/lib/thumb/v7e-m+fp/hard\libc.a(lib_a-svfiprintf.o)
 .debug_frame   0x00001588       0xf4 c:/program files (x86)/gnu arm embedded toolchain/10 2021.10/bin/../lib/gcc/arm-none-eabi/10.3.1/../../../../arm-none-eabi/lib/thumb/v7e-m+fp/hard\libc.a(lib_a-vfiprintf.o)
 .debug_frame   0x0000167c       0x4c c:/program files (x86)/gnu arm embedded toolchain/10 2021.10/bin/../lib/gcc/arm-none-eabi/10.3.1/../../../../arm-none-eabi/lib/thumb/v7e-m+fp/hard\libc.a(lib_a-wbuf.o)
 .debug_frame   0x000016c8       0x40 c:/program files (x86)/gnu arm embedded toolchain/10 2021.10/bin/../lib/gcc/arm-none-eabi/10.3.1/../../../../arm-none-eabi/lib/thumb/v7e-m+fp/hard\libc.a(lib_a-assert.o)
 .debug_frame   0x00001708       0x8c c:/program files (x86)/gnu arm embedded toolchain/10 2021.10/bin/../lib/gcc/arm-none-eabi/10.3.1/../../../../arm-none-eabi/lib/thumb/v7e-m+fp/hard\libc.a(lib_a-fputwc.o)
 .debug_frame   0x00001794       0x2c c:/program files (x86)/gnu arm embedded toolchain/10 2021.10/bin/../lib/gcc/arm-none-eabi/10.3.1/../../../../arm-none-eabi/lib/thumb/v7e-m+fp/hard\libc.a(lib_a-fstatr.o)
 .debug_frame   0x000017c0       0x2c c:/program files (x86)/gnu arm embedded toolchain/10 2021.10/bin/../lib/gcc/arm-none-eabi/10.3.1/../../../../arm-none-eabi/lib/thumb/v7e-m+fp/hard\libc.a(lib_a-isattyr.o)
 .debug_frame   0x000017ec       0x68 c:/program files (x86)/gnu arm embedded toolchain/10 2021.10/bin/../lib/gcc/arm-none-eabi/10.3.1/../../../../arm-none-eabi/lib/thumb/v7e-m+fp/hard\libc.a(lib_a-locale.o)
 .debug_frame   0x00001854       0x4c c:/program files (x86)/gnu arm embedded toolchain/10 2021.10/bin/../lib/gcc/arm-none-eabi/10.3.1/../../../../arm-none-eabi/lib/thumb/v7e-m+fp/hard\libc.a(lib_a-mbtowc_r.o)
 .debug_frame   0x000018a0       0x60 c:/program files (x86)/gnu arm embedded toolchain/10 2021.10/bin/../lib/gcc/arm-none-eabi/10.3.1/../../../../arm-none-eabi/lib/thumb/v7e-m+fp/hard\libc.a(lib_a-wcrtomb.o)
 .debug_frame   0x00001900       0x3c c:/program files (x86)/gnu arm embedded toolchain/10 2021.10/bin/../lib/gcc/arm-none-eabi/10.3.1/../../../../arm-none-eabi/lib/thumb/v7e-m+fp/hard\libc.a(lib_a-wctomb_r.o)
 .debug_frame   0x0000193c       0x28 c:/program files (x86)/gnu arm embedded toolchain/10 2021.10/bin/../lib/gcc/arm-none-eabi/10.3.1/../../../../arm-none-eabi/lib/thumb/v7e-m+fp/hard\libc.a(lib_a-abort.o)
 .debug_frame   0x00001964      0x114 c:/program files (x86)/gnu arm embedded toolchain/10 2021.10/bin/../lib/gcc/arm-none-eabi/10.3.1/../../../../arm-none-eabi/lib/thumb/v7e-m+fp/hard\libc.a(lib_a-signal.o)
 .debug_frame   0x00001a78       0x3c c:/program files (x86)/gnu arm embedded toolchain/10 2021.10/bin/../lib/gcc/arm-none-eabi/10.3.1/../../../../arm-none-eabi/lib/thumb/v7e-m+fp/hard\libc.a(lib_a-signalr.o)
 .debug_frame   0x00001ab4       0x20 c:/program files (x86)/gnu arm embedded toolchain/10 2021.10/bin/../lib/gcc/arm-none-eabi/10.3.1/../../../../arm-none-eabi/lib/thumb/v7e-m+fp/hard\libnosys.a(close.o)
 .debug_frame   0x00001ad4       0x20 c:/program files (x86)/gnu arm embedded toolchain/10 2021.10/bin/../lib/gcc/arm-none-eabi/10.3.1/../../../../arm-none-eabi/lib/thumb/v7e-m+fp/hard\libnosys.a(fstat.o)
 .debug_frame   0x00001af4       0x20 c:/program files (x86)/gnu arm embedded toolchain/10 2021.10/bin/../lib/gcc/arm-none-eabi/10.3.1/../../../../arm-none-eabi/lib/thumb/v7e-m+fp/hard\libnosys.a(getpid.o)
 .debug_frame   0x00001b14       0x20 c:/program files (x86)/gnu arm embedded toolchain/10 2021.10/bin/../lib/gcc/arm-none-eabi/10.3.1/../../../../arm-none-eabi/lib/thumb/v7e-m+fp/hard\libnosys.a(isatty.o)
 .debug_frame   0x00001b34       0x20 c:/program files (x86)/gnu arm embedded toolchain/10 2021.10/bin/../lib/gcc/arm-none-eabi/10.3.1/../../../../arm-none-eabi/lib/thumb/v7e-m+fp/hard\libnosys.a(kill.o)
 .debug_frame   0x00001b54       0x20 c:/program files (x86)/gnu arm embedded toolchain/10 2021.10/bin/../lib/gcc/arm-none-eabi/10.3.1/../../../../arm-none-eabi/lib/thumb/v7e-m+fp/hard\libnosys.a(lseek.o)
 .debug_frame   0x00001b74       0x20 c:/program files (x86)/gnu arm embedded toolchain/10 2021.10/bin/../lib/gcc/arm-none-eabi/10.3.1/../../../../arm-none-eabi/lib/thumb/v7e-m+fp/hard\libnosys.a(_exit.o)
 .debug_frame   0x00001b94       0x20 c:/program files (x86)/gnu arm embedded toolchain/10 2021.10/bin/../lib/gcc/arm-none-eabi/10.3.1/../../../../arm-none-eabi/lib/thumb/v7e-m+fp/hard\libsupc++.a(atexit_arm.o)

.debug_str      0x00000000      0x59a
 *(.debug_str)
 .debug_str     0x00000000      0x59a C:/Users/gsvn0/Desktop/Do_an/dwm1001_anchor/DWM1001-Real-Time-Localization-System/dwm-simple/output/compiler/dwm-simple.o
                                0x60d (size before relaxing)

.debug_loc
 *(.debug_loc)

.debug_macinfo
 *(.debug_macinfo)

.note.arm.ident
 *(.note.arm.ident)

/DISCARD/
 *(.fini_array*)

.rom_vectors    0x00044000        0x8
                0x00044000                __rom_vectors_vma = ABSOLUTE (.)
                0x00044000                . = .
 *(.vectors)
 .vectors       0x00044000        0x8 C:/Users/gsvn0/Desktop/Do_an/dwm1001_anchor/DWM1001-Real-Time-Localization-System/dwm-simple/../../lib\vectors.o
                0x00044000                __rom_vectors_lma = LOADADDR (.rom_vectors)

.rel.text
 *(.rel.text)
 *(.rel.text.*)
 *(.rel.gnu.linkonce.t*)

.rela.text
 *(.rela.text)
 *(.rela.text.*)
 *(.rela.gnu.linkonce.t*)

.rel.data
 *(.rel.data)
 *(.rel.data.*)
 *(.rel.gnu.linkonce.d*)

.rela.data
 *(.rela.data)
 *(.rela.data.*)
 *(.rela.gnu.linkonce.d*)

.rel.rodata
 *(.rel.rodata)
 *(.rel.rodata.*)
 *(.rel.gnu.linkonce.r*)

.rela.rodata
 *(.rela.rodata)
 *(.rela.rodata.*)
 *(.rela.gnu.linkonce.r*)

.rel.got
 *(.rel.got)

.rela.got
 *(.rela.got)

.rel.ctors
 *(.rel.ctors)

.rela.ctors
 *(.rela.ctors)

.rel.dtors
 *(.rel.dtors)

.rela.dtors
 *(.rela.dtors)

.rel.init
 *(.rel.init)

.rela.init
 *(.rela.init)

.rel.fini
 *(.rel.fini)

.rela.fini
 *(.rela.fini)

.rel.bss
 *(.rel.bss)

.rela.bss
 *(.rela.bss)

.rel.plt
 *(.rel.plt)

.rela.plt
 *(.rela.plt)

.rel.dyn        0x00044008        0x0
 *(.rel.dyn)
 .rel.iplt      0x00044008        0x0 C:/Users/gsvn0/Desktop/Do_an/dwm1001_anchor/DWM1001-Real-Time-Localization-System/dwm-simple/../../lib\vectors.o

.ARM.extab      0x00044008        0x0
                [!provide]                PROVIDE (__stext = ABSOLUTE (.))
                0x00044008                _stext = ABSOLUTE (.)
                0x00044008                . = .
 *(.ARM.extab* .gnu.linkonce.armextab.*)
                0x00044008                . = ALIGN (0x8)
                0x00044008                __exidx_start = ABSOLUTE (.)

.ARM.exidx      0x00044008        0x8
 *(.ARM.exidx* .gnu.linkonce.armexidx.*)
 .ARM.exidx     0x00044008        0x8 c:/program files (x86)/gnu arm embedded toolchain/10 2021.10/bin/../lib/gcc/arm-none-eabi/10.3.1/thumb/v7e-m+fp/hard\libgcc.a(_udivmoddi4.o)
 .ARM.exidx.text.__aeabi_atexit
                0x00044010        0x0 c:/program files (x86)/gnu arm embedded toolchain/10 2021.10/bin/../lib/gcc/arm-none-eabi/10.3.1/../../../../arm-none-eabi/lib/thumb/v7e-m+fp/hard\libsupc++.a(atexit_arm.o)
                                  0x8 (size before relaxing)
                0x00044010                . = .
                0x00044010                __exidx_end = ABSOLUTE (.)

.text           0x00044010    0x28994
 *(.text*)
 .text          0x00044010       0xec C:/Users/gsvn0/Desktop/Do_an/dwm1001_anchor/DWM1001-Real-Time-Localization-System/dwm-simple/../../lib\vectors.o
                0x00044010                reset_vector
                0x0004401c                hal_switch_state_vsr
                0x0004403c                hal_default_exception_vsr
                0x0004406e                hal_default_interrupt_vsr
                0x00044082                hal_pendable_svc_vsr
                0x000440a8                hal_interrupt_end_done
                0x000440ac                hal_interrupt_end_vsr
                0x000440ba                hal_call_dsrs_vsr
                0x000440be                hal_default_svc_vsr
                0x000440cc                hal_usagefault_exception_vsr
                0x000440f4                hal_boot_jump_asm
 .text.app_thread_entry
                0x000440fc      0x7f0 C:/Users/gsvn0/Desktop/Do_an/dwm1001_anchor/DWM1001-Real-Time-Localization-System/dwm-simple/output/compiler/dwm-simple.o
                0x000440fc                app_thread_entry
 .text.dwm_user_start
                0x000448ec       0x50 C:/Users/gsvn0/Desktop/Do_an/dwm1001_anchor/DWM1001-Real-Time-Localization-System/dwm-simple/output/compiler/dwm-simple.o
                0x000448ec                dwm_user_start
 .text.user_thread_create
                0x0004493c       0x84 C:/Users/gsvn0/Desktop/Do_an/dwm1001_anchor/DWM1001-Real-Time-Localization-System/dwm-simple/../../lib/dwm.o
                0x0004493c                user_thread_create
 .text.user_thread_resume
                0x000449c0       0x38 C:/Users/gsvn0/Desktop/Do_an/dwm1001_anchor/DWM1001-Real-Time-Localization-System/dwm-simple/../../lib/dwm.o
                0x000449c0                user_thread_resume
 .text.dwm_shell_add_commands
                0x000449f8       0x6c C:/Users/gsvn0/Desktop/Do_an/dwm1001_anchor/DWM1001-Real-Time-Localization-System/dwm-simple/../../lib/dwm.o
                0x000449f8                dwm_shell_add_commands
 .text.cyg_user_start
                0x00044a64      0x13c C:/Users/gsvn0/Desktop/Do_an/dwm1001_anchor/DWM1001-Real-Time-Localization-System/dwm-simple/../../lib/dwm.o
                0x00044a64                cyg_user_start
 .text.ble_adv_is_enabled
                0x00044ba0        0xc C:/Users/gsvn0/Desktop/Do_an/dwm1001_anchor/DWM1001-Real-Time-Localization-System/dwm-simple/../../lib/libdwm.a(ble-server.o)
                0x00044ba0                ble_adv_is_enabled
 .text.ble_add_shell_cmds
                0x00044bac       0x10 C:/Users/gsvn0/Desktop/Do_an/dwm1001_anchor/DWM1001-Real-Time-Localization-System/dwm-simple/../../lib/libdwm.a(ble-server.o)
                0x00044bac                ble_add_shell_cmds
 .text.ble_start
                0x00044bbc       0x10 C:/Users/gsvn0/Desktop/Do_an/dwm1001_anchor/DWM1001-Real-Time-Localization-System/dwm-simple/../../lib/libdwm.a(ble-server.o)
                0x00044bbc                ble_start
 .text.ble_stop
                0x00044bcc       0x10 C:/Users/gsvn0/Desktop/Do_an/dwm1001_anchor/DWM1001-Real-Time-Localization-System/dwm-simple/../../lib/libdwm.a(ble-server.o)
                0x00044bcc                ble_stop
 .text.ble_req_stop
                0x00044bdc       0x10 C:/Users/gsvn0/Desktop/Do_an/dwm1001_anchor/DWM1001-Real-Time-Localization-System/dwm-simple/../../lib/libdwm.a(ble-server.o)
                0x00044bdc                ble_req_stop
 .text.ble_stop_is_needed
                0x00044bec        0xc C:/Users/gsvn0/Desktop/Do_an/dwm1001_anchor/DWM1001-Real-Time-Localization-System/dwm-simple/../../lib/libdwm.a(ble-server.o)
                0x00044bec                ble_stop_is_needed
 .text.ble_autosuspend_disable
                0x00044bf8        0xc C:/Users/gsvn0/Desktop/Do_an/dwm1001_anchor/DWM1001-Real-Time-Localization-System/dwm-simple/../../lib/libdwm.a(ble-server.o)
                0x00044bf8                ble_autosuspend_disable
 .text.ble_autosuspend_enable
                0x00044c04        0xc C:/Users/gsvn0/Desktop/Do_an/dwm1001_anchor/DWM1001-Real-Time-Localization-System/dwm-simple/../../lib/libdwm.a(ble-server.o)
                0x00044c04                ble_autosuspend_enable
 .text.ble_label_set
                0x00044c10       0x10 C:/Users/gsvn0/Desktop/Do_an/dwm1001_anchor/DWM1001-Real-Time-Localization-System/dwm-simple/../../lib/libdwm.a(ble-server.o)
                0x00044c10                ble_label_set
 .text.ble_ur_set
                0x00044c20       0x10 C:/Users/gsvn0/Desktop/Do_an/dwm1001_anchor/DWM1001-Real-Time-Localization-System/dwm-simple/../../lib/libdwm.a(ble-server.o)
                0x00044c20                ble_ur_set
 .text.ble_pan_id_set
                0x00044c30       0x10 C:/Users/gsvn0/Desktop/Do_an/dwm1001_anchor/DWM1001-Real-Time-Localization-System/dwm-simple/../../lib/libdwm.a(ble-server.o)
                0x00044c30                ble_pan_id_set
 .text.ble_addr_set
                0x00044c40       0x14 C:/Users/gsvn0/Desktop/Do_an/dwm1001_anchor/DWM1001-Real-Time-Localization-System/dwm-simple/../../lib/libdwm.a(ble-server.o)
                0x00044c40                ble_addr_set
 .text.ble_addr_get
                0x00044c54       0x14 C:/Users/gsvn0/Desktop/Do_an/dwm1001_anchor/DWM1001-Real-Time-Localization-System/dwm-simple/../../lib/libdwm.a(ble-server.o)
                0x00044c54                ble_addr_get
 .text.ble_an_list_set
                0x00044c68       0x10 C:/Users/gsvn0/Desktop/Do_an/dwm1001_anchor/DWM1001-Real-Time-Localization-System/dwm-simple/../../lib/libdwm.a(ble-server.o)
                0x00044c68                ble_an_list_set
 .text.ble_mac_cl_info_set
                0x00044c78       0x10 C:/Users/gsvn0/Desktop/Do_an/dwm1001_anchor/DWM1001-Real-Time-Localization-System/dwm-simple/../../lib/libdwm.a(ble-server.o)
                0x00044c78                ble_mac_cl_info_set
 .text.ble_mac_stat_set
                0x00044c88       0x10 C:/Users/gsvn0/Desktop/Do_an/dwm1001_anchor/DWM1001-Real-Time-Localization-System/dwm-simple/../../lib/libdwm.a(ble-server.o)
                0x00044c88                ble_mac_stat_set
 .text.ble_proxy_set
                0x00044c98       0x14 C:/Users/gsvn0/Desktop/Do_an/dwm1001_anchor/DWM1001-Real-Time-Localization-System/dwm-simple/../../lib/libdwm.a(ble-server.o)
                0x00044c98                ble_proxy_set
 *fill*         0x00044cac        0x4 
 .text.dw_usec_to_devt
                0x00044cb0       0x20 C:/Users/gsvn0/Desktop/Do_an/dwm1001_anchor/DWM1001-Real-Time-Localization-System/dwm-simple/../../lib/libdwm.a(dw1000.o)
                0x00044cb0                dw_usec_to_devt
 .text.dw_read_sys_time
                0x00044cd0       0x40 C:/Users/gsvn0/Desktop/Do_an/dwm1001_anchor/DWM1001-Real-Time-Localization-System/dwm-simple/../../lib/libdwm.a(dw1000.o)
                0x00044cd0                dw_read_sys_time
 .text.dw_rand  0x00044d10       0x18 C:/Users/gsvn0/Desktop/Do_an/dwm1001_anchor/DWM1001-Real-Time-Localization-System/dwm-simple/../../lib/libdwm.a(dw1000.o)
                0x00044d10                dw_rand
 .text.dw_near_timeout
                0x00044d28       0x50 C:/Users/gsvn0/Desktop/Do_an/dwm1001_anchor/DWM1001-Real-Time-Localization-System/dwm-simple/../../lib/libdwm.a(dw1000.o)
                0x00044d28                dw_near_timeout
 .text.dw_tx_reset
                0x00044d78       0x3a C:/Users/gsvn0/Desktop/Do_an/dwm1001_anchor/DWM1001-Real-Time-Localization-System/dwm-simple/../../lib/libdwm.a(dw1000.o)
                0x00044d78                dw_tx_reset
 .text.dw_buf_write
                0x00044db2       0xd4 C:/Users/gsvn0/Desktop/Do_an/dwm1001_anchor/DWM1001-Real-Time-Localization-System/dwm-simple/../../lib/libdwm.a(dw1000.o)
                0x00044db2                dw_buf_write
 .text.dw_buf_start
                0x00044e86       0x90 C:/Users/gsvn0/Desktop/Do_an/dwm1001_anchor/DWM1001-Real-Time-Localization-System/dwm-simple/../../lib/libdwm.a(dw1000.o)
                0x00044e86                dw_buf_start
 .text.dw_buf_await_send
                0x00044f16       0x54 C:/Users/gsvn0/Desktop/Do_an/dwm1001_anchor/DWM1001-Real-Time-Localization-System/dwm-simple/../../lib/libdwm.a(dw1000.o)
                0x00044f16                dw_buf_await_send
 .text.dw_buf_send
                0x00044f6a       0x1e C:/Users/gsvn0/Desktop/Do_an/dwm1001_anchor/DWM1001-Real-Time-Localization-System/dwm-simple/../../lib/libdwm.a(dw1000.o)
                0x00044f6a                dw_buf_send
 .text.dw_rx_on
                0x00044f88       0x20 C:/Users/gsvn0/Desktop/Do_an/dwm1001_anchor/DWM1001-Real-Time-Localization-System/dwm-simple/../../lib/libdwm.a(dw1000.o)
                0x00044f88                dw_rx_on
 .text.dw_rxto_on
                0x00044fa8       0x40 C:/Users/gsvn0/Desktop/Do_an/dwm1001_anchor/DWM1001-Real-Time-Localization-System/dwm-simple/../../lib/libdwm.a(dw1000.o)
                0x00044fa8                dw_rxto_on
 .text.dw_get_preamble_len
                0x00044fe8       0x18 C:/Users/gsvn0/Desktop/Do_an/dwm1001_anchor/DWM1001-Real-Time-Localization-System/dwm-simple/../../lib/libdwm.a(dw1000.o)
                0x00044fe8                dw_get_preamble_len
 .text.dw_get_frame_len
                0x00045000      0x124 C:/Users/gsvn0/Desktop/Do_an/dwm1001_anchor/DWM1001-Real-Time-Localization-System/dwm-simple/../../lib/libdwm.a(dw1000.o)
                0x00045000                dw_get_frame_len
 *fill*         0x00045124        0x4 
 .text.dw_get_qf
                0x00045128      0x16c C:/Users/gsvn0/Desktop/Do_an/dwm1001_anchor/DWM1001-Real-Time-Localization-System/dwm-simple/../../lib/libdwm.a(dw1000.o)
                0x00045128                dw_get_qf
 *fill*         0x00045294        0x4 
 .text.dw_get_rssi
                0x00045298       0xb8 C:/Users/gsvn0/Desktop/Do_an/dwm1001_anchor/DWM1001-Real-Time-Localization-System/dwm-simple/../../lib/libdwm.a(dw1000.o)
                0x00045298                dw_get_rssi
 .text.dw_set_ch_cfg
                0x00045350        0xa C:/Users/gsvn0/Desktop/Do_an/dwm1001_anchor/DWM1001-Real-Time-Localization-System/dwm-simple/../../lib/libdwm.a(dw1000.o)
                0x00045350                dw_set_ch_cfg
 .text.dw_set_tx_cfg
                0x0004535a       0x1a C:/Users/gsvn0/Desktop/Do_an/dwm1001_anchor/DWM1001-Real-Time-Localization-System/dwm-simple/../../lib/libdwm.a(dw1000.o)
                0x0004535a                dw_set_tx_cfg
 .text.dw_set_ant_tx_delay
                0x00045374        0x8 C:/Users/gsvn0/Desktop/Do_an/dwm1001_anchor/DWM1001-Real-Time-Localization-System/dwm-simple/../../lib/libdwm.a(dw1000.o)
                0x00045374                dw_set_ant_tx_delay
 .text.dw_get_temp
                0x0004537c       0x36 C:/Users/gsvn0/Desktop/Do_an/dwm1001_anchor/DWM1001-Real-Time-Localization-System/dwm-simple/../../lib/libdwm.a(dw1000.o)
                0x0004537c                dw_get_temp
 .text.dw_rsl_workaround
                0x000453b2       0x1c C:/Users/gsvn0/Desktop/Do_an/dwm1001_anchor/DWM1001-Real-Time-Localization-System/dwm-simple/../../lib/libdwm.a(dw1000.o)
                0x000453b2                dw_rsl_workaround
 *fill*         0x000453ce        0x2 
 .text.dw_bw_txpwr_comp
                0x000453d0      0x1f8 C:/Users/gsvn0/Desktop/Do_an/dwm1001_anchor/DWM1001-Real-Time-Localization-System/dwm-simple/../../lib/libdwm.a(dw1000.o)
                0x000453d0                dw_bw_txpwr_comp
 .text.dw_tx_cb
                0x000455c8       0x7c C:/Users/gsvn0/Desktop/Do_an/dwm1001_anchor/DWM1001-Real-Time-Localization-System/dwm-simple/../../lib/libdwm.a(dw1000.o)
                0x000455c8                dw_tx_cb
 .text.dw_rx_cb
                0x00045644      0x18a C:/Users/gsvn0/Desktop/Do_an/dwm1001_anchor/DWM1001-Real-Time-Localization-System/dwm-simple/../../lib/libdwm.a(dw1000.o)
                0x00045644                dw_rx_cb
 .text.dw_sleep
                0x000457ce       0x54 C:/Users/gsvn0/Desktop/Do_an/dwm1001_anchor/DWM1001-Real-Time-Localization-System/dwm-simple/../../lib/libdwm.a(dw1000.o)
                0x000457ce                dw_sleep
 .text.dw_rxdata_read
                0x00045822       0x10 C:/Users/gsvn0/Desktop/Do_an/dwm1001_anchor/DWM1001-Real-Time-Localization-System/dwm-simple/../../lib/libdwm.a(dw1000.o)
                0x00045822                dw_rxdata_read
 *fill*         0x00045832        0x2 
 .text.dw_init  0x00045834       0xac C:/Users/gsvn0/Desktop/Do_an/dwm1001_anchor/DWM1001-Real-Time-Localization-System/dwm-simple/../../lib/libdwm.a(dw1000.o)
                0x00045834                dw_init
 .text.dw_set_src_addr
                0x000458e0       0x7a C:/Users/gsvn0/Desktop/Do_an/dwm1001_anchor/DWM1001-Real-Time-Localization-System/dwm-simple/../../lib/libdwm.a(dw1000.o)
                0x000458e0                dw_set_src_addr
 .text.dw_get_src_addr
                0x0004595a        0xc C:/Users/gsvn0/Desktop/Do_an/dwm1001_anchor/DWM1001-Real-Time-Localization-System/dwm-simple/../../lib/libdwm.a(dw1000.o)
                0x0004595a                dw_get_src_addr
 .text.dw_get_event
                0x00045966       0x70 C:/Users/gsvn0/Desktop/Do_an/dwm1001_anchor/DWM1001-Real-Time-Localization-System/dwm-simple/../../lib/libdwm.a(dw1000.o)
                0x00045966                dw_get_event
 *fill*         0x000459d6        0x2 
 .text.uwb_get_if
                0x000459d8       0x10 C:/Users/gsvn0/Desktop/Do_an/dwm1001_anchor/DWM1001-Real-Time-Localization-System/dwm-simple/../../lib/libdwm.a(dw1000.o)
                0x000459d8                uwb_get_if
 .text.dw1000_init
                0x000459e8       0xd8 C:/Users/gsvn0/Desktop/Do_an/dwm1001_anchor/DWM1001-Real-Time-Localization-System/dwm-simple/../../lib/libdwm.a(dw1000.o)
                0x000459e8                dw1000_init
 .text.fact     0x00045ac0       0x12 C:/Users/gsvn0/Desktop/Do_an/dwm1001_anchor/DWM1001-Real-Time-Localization-System/dwm-simple/../../lib/libdwm.a(dwm-math.o)
                0x00045ac0                fact
 *fill*         0x00045ad2        0x2 
 .text.flog10   0x00045ad4       0x28 C:/Users/gsvn0/Desktop/Do_an/dwm1001_anchor/DWM1001-Real-Time-Localization-System/dwm-simple/../../lib/libdwm.a(dwm-math.o)
                0x00045ad4                flog10
 .text.get_dist
                0x00045afc       0xc4 C:/Users/gsvn0/Desktop/Do_an/dwm1001_anchor/DWM1001-Real-Time-Localization-System/dwm-simple/../../lib/libdwm.a(dwm-math.o)
                0x00045afc                get_dist
 .text.dwm_thread_create
                0x00045bc0       0x20 C:/Users/gsvn0/Desktop/Do_an/dwm1001_anchor/DWM1001-Real-Time-Localization-System/dwm-simple/../../lib/libdwm.a(dwm.o)
                0x00045bc0                dwm_thread_create
 .text.dwm_thread_resume
                0x00045be0       0x10 C:/Users/gsvn0/Desktop/Do_an/dwm1001_anchor/DWM1001-Real-Time-Localization-System/dwm-simple/../../lib/libdwm.a(dwm.o)
                0x00045be0                dwm_thread_resume
 .text.dwm_ver_get
                0x00045bf0       0x4a C:/Users/gsvn0/Desktop/Do_an/dwm1001_anchor/DWM1001-Real-Time-Localization-System/dwm-simple/../../lib/libdwm.a(dwm.o)
                0x00045bf0                dwm_ver_get
 .text.dwm_cfg_anchor_set
                0x00045c3a       0x52 C:/Users/gsvn0/Desktop/Do_an/dwm1001_anchor/DWM1001-Real-Time-Localization-System/dwm-simple/../../lib/libdwm.a(dwm.o)
                0x00045c3a                dwm_cfg_anchor_set
 .text.dwm_cfg_tag_set
                0x00045c8c       0x66 C:/Users/gsvn0/Desktop/Do_an/dwm1001_anchor/DWM1001-Real-Time-Localization-System/dwm-simple/../../lib/libdwm.a(dwm.o)
                0x00045c8c                dwm_cfg_tag_set
 .text.dwm_cfg_get
                0x00045cf2       0x72 C:/Users/gsvn0/Desktop/Do_an/dwm1001_anchor/DWM1001-Real-Time-Localization-System/dwm-simple/../../lib/libdwm.a(dwm.o)
                0x00045cf2                dwm_cfg_get
 .text.dwm_pos_set
                0x00045d64       0x2e C:/Users/gsvn0/Desktop/Do_an/dwm1001_anchor/DWM1001-Real-Time-Localization-System/dwm-simple/../../lib/libdwm.a(dwm.o)
                0x00045d64                dwm_pos_set
 .text.dwm_pos_get
                0x00045d92       0x36 C:/Users/gsvn0/Desktop/Do_an/dwm1001_anchor/DWM1001-Real-Time-Localization-System/dwm-simple/../../lib/libdwm.a(dwm.o)
                0x00045d92                dwm_pos_get
 .text.dwm_loc_get
                0x00045dc8       0xee C:/Users/gsvn0/Desktop/Do_an/dwm1001_anchor/DWM1001-Real-Time-Localization-System/dwm-simple/../../lib/libdwm.a(dwm.o)
                0x00045dc8                dwm_loc_get
 .text.dwm_anchor_list_get
                0x00045eb6       0xb4 C:/Users/gsvn0/Desktop/Do_an/dwm1001_anchor/DWM1001-Real-Time-Localization-System/dwm-simple/../../lib/libdwm.a(dwm.o)
                0x00045eb6                dwm_anchor_list_get
 .text.dwm_upd_rate_set
                0x00045f6a       0x20 C:/Users/gsvn0/Desktop/Do_an/dwm1001_anchor/DWM1001-Real-Time-Localization-System/dwm-simple/../../lib/libdwm.a(dwm.o)
                0x00045f6a                dwm_upd_rate_set
 .text.dwm_upd_rate_get
                0x00045f8a       0x34 C:/Users/gsvn0/Desktop/Do_an/dwm1001_anchor/DWM1001-Real-Time-Localization-System/dwm-simple/../../lib/libdwm.a(dwm.o)
                0x00045f8a                dwm_upd_rate_get
 .text.dwm_panid_set
                0x00045fbe       0x22 C:/Users/gsvn0/Desktop/Do_an/dwm1001_anchor/DWM1001-Real-Time-Localization-System/dwm-simple/../../lib/libdwm.a(dwm.o)
                0x00045fbe                dwm_panid_set
 .text.dwm_nvm_usr_data_get
                0x00045fe0       0x2c C:/Users/gsvn0/Desktop/Do_an/dwm1001_anchor/DWM1001-Real-Time-Localization-System/dwm-simple/../../lib/libdwm.a(dwm.o)
                0x00045fe0                dwm_nvm_usr_data_get
 .text.dwm_nvm_usr_data_set
                0x0004600c       0x22 C:/Users/gsvn0/Desktop/Do_an/dwm1001_anchor/DWM1001-Real-Time-Localization-System/dwm-simple/../../lib/libdwm.a(dwm.o)
                0x0004600c                dwm_nvm_usr_data_set
 .text.dwm_le_compile
                0x0004602e        0x4 C:/Users/gsvn0/Desktop/Do_an/dwm1001_anchor/DWM1001-Real-Time-Localization-System/dwm-simple/../../lib/libdwm.a(dwm.o)
                0x0004602e                dwm_le_compile
 *fill*         0x00046032        0x2 
 .text.env_get_end
                0x00046034       0x28 C:/Users/gsvn0/Desktop/Do_an/dwm1001_anchor/DWM1001-Real-Time-Localization-System/dwm-simple/../../lib/libdwm.a(env-tlv.o)
 .text.env_save
                0x0004605c       0x60 C:/Users/gsvn0/Desktop/Do_an/dwm1001_anchor/DWM1001-Real-Time-Localization-System/dwm-simple/../../lib/libdwm.a(env-tlv.o)
                0x0004605c                env_save
 .text.env_load
                0x000460bc       0xe4 C:/Users/gsvn0/Desktop/Do_an/dwm1001_anchor/DWM1001-Real-Time-Localization-System/dwm-simple/../../lib/libdwm.a(env-tlv.o)
                0x000460bc                env_load
 .text.env_clear
                0x000461a0       0x48 C:/Users/gsvn0/Desktop/Do_an/dwm1001_anchor/DWM1001-Real-Time-Localization-System/dwm-simple/../../lib/libdwm.a(env-tlv.o)
                0x000461a0                env_clear
 .text.env_get  0x000461e8       0x30 C:/Users/gsvn0/Desktop/Do_an/dwm1001_anchor/DWM1001-Real-Time-Localization-System/dwm-simple/../../lib/libdwm.a(env-tlv.o)
                0x000461e8                env_get
 .text.env_set  0x00046218       0xa8 C:/Users/gsvn0/Desktop/Do_an/dwm1001_anchor/DWM1001-Real-Time-Localization-System/dwm-simple/../../lib/libdwm.a(env-tlv.o)
                0x00046218                env_set
 .text.fwup_reset
                0x000462c0        0x8 C:/Users/gsvn0/Desktop/Do_an/dwm1001_anchor/DWM1001-Real-Time-Localization-System/dwm-simple/../../lib/libdwm.a(fwup.o)
                0x000462c0                fwup_reset
 .text.fwup_sndr_init
                0x000462c8       0x6a C:/Users/gsvn0/Desktop/Do_an/dwm1001_anchor/DWM1001-Real-Time-Localization-System/dwm-simple/../../lib/libdwm.a(fwup.o)
                0x000462c8                fwup_sndr_init
 .text.fwup_rcvr_in_progress
                0x00046332       0x1a C:/Users/gsvn0/Desktop/Do_an/dwm1001_anchor/DWM1001-Real-Time-Localization-System/dwm-simple/../../lib/libdwm.a(fwup.o)
                0x00046332                fwup_rcvr_in_progress
 .text.fwup_rcvr_stop
                0x0004634c       0x16 C:/Users/gsvn0/Desktop/Do_an/dwm1001_anchor/DWM1001-Real-Time-Localization-System/dwm-simple/../../lib/libdwm.a(fwup.o)
                0x0004634c                fwup_rcvr_stop
 .text.fwup_rcvr_start
                0x00046362       0x4c C:/Users/gsvn0/Desktop/Do_an/dwm1001_anchor/DWM1001-Real-Time-Localization-System/dwm-simple/../../lib/libdwm.a(fwup.o)
                0x00046362                fwup_rcvr_start
 .text.fwup_rcvr_rxbuf_space
                0x000463ae       0x12 C:/Users/gsvn0/Desktop/Do_an/dwm1001_anchor/DWM1001-Real-Time-Localization-System/dwm-simple/../../lib/libdwm.a(fwup.o)
                0x000463ae                fwup_rcvr_rxbuf_space
 .text.fwup_rcvr_data_handler
                0x000463c0       0x60 C:/Users/gsvn0/Desktop/Do_an/dwm1001_anchor/DWM1001-Real-Time-Localization-System/dwm-simple/../../lib/libdwm.a(fwup.o)
                0x000463c0                fwup_rcvr_data_handler
 .text.fwup_rcvr_data_write
                0x00046420      0x160 C:/Users/gsvn0/Desktop/Do_an/dwm1001_anchor/DWM1001-Real-Time-Localization-System/dwm-simple/../../lib/libdwm.a(fwup.o)
                0x00046420                fwup_rcvr_data_write
 .text.fwup_rcvr_is_finished
                0x00046580       0x36 C:/Users/gsvn0/Desktop/Do_an/dwm1001_anchor/DWM1001-Real-Time-Localization-System/dwm-simple/../../lib/libdwm.a(fwup.o)
                0x00046580                fwup_rcvr_is_finished
 .text.nrf_gpio_pins_toggle
                0x000465b6       0x18 C:/Users/gsvn0/Desktop/Do_an/dwm1001_anchor/DWM1001-Real-Time-Localization-System/dwm-simple/../../lib/libdwm.a(hal.o)
 .text.sd_rand_application_bytes_available_get
                0x000465ce        0x4 C:/Users/gsvn0/Desktop/Do_an/dwm1001_anchor/DWM1001-Real-Time-Localization-System/dwm-simple/../../lib/libdwm.a(hal.o)
 .text.sd_rand_application_vector_get
                0x000465d2        0x4 C:/Users/gsvn0/Desktop/Do_an/dwm1001_anchor/DWM1001-Real-Time-Localization-System/dwm-simple/../../lib/libdwm.a(hal.o)
 .text.sd_clock_hfclk_request
                0x000465d6        0x4 C:/Users/gsvn0/Desktop/Do_an/dwm1001_anchor/DWM1001-Real-Time-Localization-System/dwm-simple/../../lib/libdwm.a(hal.o)
 .text.sd_clock_hfclk_release
                0x000465da        0x4 C:/Users/gsvn0/Desktop/Do_an/dwm1001_anchor/DWM1001-Real-Time-Localization-System/dwm-simple/../../lib/libdwm.a(hal.o)
 .text.sd_app_evt_wait
                0x000465de        0x4 C:/Users/gsvn0/Desktop/Do_an/dwm1001_anchor/DWM1001-Real-Time-Localization-System/dwm-simple/../../lib/libdwm.a(hal.o)
 .text.sd_ecb_block_encrypt
                0x000465e2        0x4 C:/Users/gsvn0/Desktop/Do_an/dwm1001_anchor/DWM1001-Real-Time-Localization-System/dwm-simple/../../lib/libdwm.a(hal.o)
 .text._led_dummy
                0x000465e6        0x2 C:/Users/gsvn0/Desktop/Do_an/dwm1001_anchor/DWM1001-Real-Time-Localization-System/dwm-simple/../../lib/libdwm.a(hal.o)
 .text._led_orange_on
                0x000465e8        0xe C:/Users/gsvn0/Desktop/Do_an/dwm1001_anchor/DWM1001-Real-Time-Localization-System/dwm-simple/../../lib/libdwm.a(hal.o)
 .text._led_orange_off
                0x000465f6        0xe C:/Users/gsvn0/Desktop/Do_an/dwm1001_anchor/DWM1001-Real-Time-Localization-System/dwm-simple/../../lib/libdwm.a(hal.o)
 .text._led_orange_toggle
                0x00046604        0x8 C:/Users/gsvn0/Desktop/Do_an/dwm1001_anchor/DWM1001-Real-Time-Localization-System/dwm-simple/../../lib/libdwm.a(hal.o)
 .text._led_red_on
                0x0004660c        0xe C:/Users/gsvn0/Desktop/Do_an/dwm1001_anchor/DWM1001-Real-Time-Localization-System/dwm-simple/../../lib/libdwm.a(hal.o)
 .text._led_red_off
                0x0004661a        0xe C:/Users/gsvn0/Desktop/Do_an/dwm1001_anchor/DWM1001-Real-Time-Localization-System/dwm-simple/../../lib/libdwm.a(hal.o)
 .text._led_red_toggle
                0x00046628        0x8 C:/Users/gsvn0/Desktop/Do_an/dwm1001_anchor/DWM1001-Real-Time-Localization-System/dwm-simple/../../lib/libdwm.a(hal.o)
 .text._led_green_on
                0x00046630        0xe C:/Users/gsvn0/Desktop/Do_an/dwm1001_anchor/DWM1001-Real-Time-Localization-System/dwm-simple/../../lib/libdwm.a(hal.o)
 .text._led_green_off
                0x0004663e        0xe C:/Users/gsvn0/Desktop/Do_an/dwm1001_anchor/DWM1001-Real-Time-Localization-System/dwm-simple/../../lib/libdwm.a(hal.o)
 .text._led_green_toggle
                0x0004664c        0x8 C:/Users/gsvn0/Desktop/Do_an/dwm1001_anchor/DWM1001-Real-Time-Localization-System/dwm-simple/../../lib/libdwm.a(hal.o)
 .text.wdt_handler
                0x00046654        0x2 C:/Users/gsvn0/Desktop/Do_an/dwm1001_anchor/DWM1001-Real-Time-Localization-System/dwm-simple/../../lib/libdwm.a(hal.o)
 *fill*         0x00046656        0x2 
 .text.hal_factory_reset
                0x00046658       0x30 C:/Users/gsvn0/Desktop/Do_an/dwm1001_anchor/DWM1001-Real-Time-Localization-System/dwm-simple/../../lib/libdwm.a(hal.o)
                0x00046658                hal_factory_reset
 .text.is_user_app_pin
                0x00046688       0x5c C:/Users/gsvn0/Desktop/Do_an/dwm1001_anchor/DWM1001-Real-Time-Localization-System/dwm-simple/../../lib/libdwm.a(hal.o)
                0x00046688                is_user_app_pin
 .text.hal_sd_enabled
                0x000466e4        0x8 C:/Users/gsvn0/Desktop/Do_an/dwm1001_anchor/DWM1001-Real-Time-Localization-System/dwm-simple/../../lib/libdwm.a(hal.o)
                0x000466e4                hal_sd_enabled
 .text.hal_flash_erase
                0x000466ec       0x14 C:/Users/gsvn0/Desktop/Do_an/dwm1001_anchor/DWM1001-Real-Time-Localization-System/dwm-simple/../../lib/libdwm.a(hal.o)
                0x000466ec                hal_flash_erase
 .text.hal_flash_write_page
                0x00046700        0x6 C:/Users/gsvn0/Desktop/Do_an/dwm1001_anchor/DWM1001-Real-Time-Localization-System/dwm-simple/../../lib/libdwm.a(hal.o)
                0x00046700                hal_flash_write_page
 .text.hal_fw_get_chksum
                0x00046706       0x42 C:/Users/gsvn0/Desktop/Do_an/dwm1001_anchor/DWM1001-Real-Time-Localization-System/dwm-simple/../../lib/libdwm.a(hal.o)
                0x00046706                hal_fw_get_chksum
 .text.hal_fw_is_compat
                0x00046748       0x10 C:/Users/gsvn0/Desktop/Do_an/dwm1001_anchor/DWM1001-Real-Time-Localization-System/dwm-simple/../../lib/libdwm.a(hal.o)
                0x00046748                hal_fw_is_compat
 .text.hal_time_hfclk_start
                0x00046758       0x1a C:/Users/gsvn0/Desktop/Do_an/dwm1001_anchor/DWM1001-Real-Time-Localization-System/dwm-simple/../../lib/libdwm.a(hal.o)
                0x00046758                hal_time_hfclk_start
 .text.hal_time_hfclk_stop
                0x00046772       0x1c C:/Users/gsvn0/Desktop/Do_an/dwm1001_anchor/DWM1001-Real-Time-Localization-System/dwm-simple/../../lib/libdwm.a(hal.o)
                0x00046772                hal_time_hfclk_stop
 *fill*         0x0004678e        0x2 
 .text.hal_wdt_app_init
                0x00046790       0x10 C:/Users/gsvn0/Desktop/Do_an/dwm1001_anchor/DWM1001-Real-Time-Localization-System/dwm-simple/../../lib/libdwm.a(hal.o)
                0x00046790                hal_wdt_app_init
 .text.hal_wdt_app_reset
                0x000467a0        0x4 C:/Users/gsvn0/Desktop/Do_an/dwm1001_anchor/DWM1001-Real-Time-Localization-System/dwm-simple/../../lib/libdwm.a(hal.o)
                0x000467a0                hal_wdt_app_reset
 .text.hal_sleep
                0x000467a4       0xe4 C:/Users/gsvn0/Desktop/Do_an/dwm1001_anchor/DWM1001-Real-Time-Localization-System/dwm-simple/../../lib/libdwm.a(hal.o)
                0x000467a4                hal_sleep
 .text.hal_uptime
                0x00046888       0x20 C:/Users/gsvn0/Desktop/Do_an/dwm1001_anchor/DWM1001-Real-Time-Localization-System/dwm-simple/../../lib/libdwm.a(hal.o)
                0x00046888                hal_uptime
 .text.hal_critical_region_enter
                0x000468a8       0x58 C:/Users/gsvn0/Desktop/Do_an/dwm1001_anchor/DWM1001-Real-Time-Localization-System/dwm-simple/../../lib/libdwm.a(hal.o)
                0x000468a8                hal_critical_region_enter
 .text.hal_critical_region_exit
                0x00046900       0x38 C:/Users/gsvn0/Desktop/Do_an/dwm1001_anchor/DWM1001-Real-Time-Localization-System/dwm-simple/../../lib/libdwm.a(hal.o)
                0x00046900                hal_critical_region_exit
 .text.leds_enable
                0x00046938       0xbc C:/Users/gsvn0/Desktop/Do_an/dwm1001_anchor/DWM1001-Real-Time-Localization-System/dwm-simple/../../lib/libdwm.a(hal.o)
                0x00046938                leds_enable
 .text.leds_disable
                0x000469f4       0x74 C:/Users/gsvn0/Desktop/Do_an/dwm1001_anchor/DWM1001-Real-Time-Localization-System/dwm-simple/../../lib/libdwm.a(hal.o)
                0x000469f4                leds_disable
 .text.hal_crypto_rng_get
                0x00046a68       0xa8 C:/Users/gsvn0/Desktop/Do_an/dwm1001_anchor/DWM1001-Real-Time-Localization-System/dwm-simple/../../lib/libdwm.a(hal.o)
                0x00046a68                hal_crypto_rng_get
 .text.hal_crypto_set_key
                0x00046b10       0x60 C:/Users/gsvn0/Desktop/Do_an/dwm1001_anchor/DWM1001-Real-Time-Localization-System/dwm-simple/../../lib/libdwm.a(hal.o)
                0x00046b10                hal_crypto_set_key
 .text.hal_crypto_mac_get
                0x00046b70      0x128 C:/Users/gsvn0/Desktop/Do_an/dwm1001_anchor/DWM1001-Real-Time-Localization-System/dwm-simple/../../lib/libdwm.a(hal.o)
                0x00046b70                hal_crypto_mac_get
 .text.hal_crypto_crypt
                0x00046c98       0xc8 C:/Users/gsvn0/Desktop/Do_an/dwm1001_anchor/DWM1001-Real-Time-Localization-System/dwm-simple/../../lib/libdwm.a(hal.o)
                0x00046c98                hal_crypto_crypt
 .text._read    0x00046d60        0x8 C:/Users/gsvn0/Desktop/Do_an/dwm1001_anchor/DWM1001-Real-Time-Localization-System/dwm-simple/../../lib/libdwm.a(hal.o)
                0x00046d60                _read
 .text._write   0x00046d68       0x2a C:/Users/gsvn0/Desktop/Do_an/dwm1001_anchor/DWM1001-Real-Time-Localization-System/dwm-simple/../../lib/libdwm.a(hal.o)
                0x00046d68                _write
 *fill*         0x00046d92        0x2 
 .text._sbrk    0x00046d94       0x2c C:/Users/gsvn0/Desktop/Do_an/dwm1001_anchor/DWM1001-Real-Time-Localization-System/dwm-simple/../../lib/libdwm.a(hal.o)
                0x00046d94                _sbrk
 .text.rng_isr  0x00046dc0       0x14 C:/Users/gsvn0/Desktop/Do_an/dwm1001_anchor/DWM1001-Real-Time-Localization-System/dwm-simple/../../lib/libdwm.a(nrf_drv_rng.o)
 .text.rng_start
                0x00046dd4       0x38 C:/Users/gsvn0/Desktop/Do_an/dwm1001_anchor/DWM1001-Real-Time-Localization-System/dwm-simple/../../lib/libdwm.a(nrf_drv_rng.o)
 .text.nrf_drv_rng_init
                0x00046e0c       0x98 C:/Users/gsvn0/Desktop/Do_an/dwm1001_anchor/DWM1001-Real-Time-Localization-System/dwm-simple/../../lib/libdwm.a(nrf_drv_rng.o)
                0x00046e0c                nrf_drv_rng_init
 .text.nrf_drv_rng_bytes_available
                0x00046ea4       0x14 C:/Users/gsvn0/Desktop/Do_an/dwm1001_anchor/DWM1001-Real-Time-Localization-System/dwm-simple/../../lib/libdwm.a(nrf_drv_rng.o)
                0x00046ea4                nrf_drv_rng_bytes_available
 .text.nrf_drv_rng_rand
                0x00046eb8       0x3c C:/Users/gsvn0/Desktop/Do_an/dwm1001_anchor/DWM1001-Real-Time-Localization-System/dwm-simple/../../lib/libdwm.a(nrf_drv_rng.o)
                0x00046eb8                nrf_drv_rng_rand
 .text.RNG_IRQHandler
                0x00046ef4       0x54 C:/Users/gsvn0/Desktop/Do_an/dwm1001_anchor/DWM1001-Real-Time-Localization-System/dwm-simple/../../lib/libdwm.a(nrf_drv_rng.o)
                0x00046ef4                RNG_IRQHandler
 .text.rng_dsr  0x00046f48       0x10 C:/Users/gsvn0/Desktop/Do_an/dwm1001_anchor/DWM1001-Real-Time-Localization-System/dwm-simple/../../lib/libdwm.a(nrf_drv_rng.o)
 .text.pm_can_sleep
                0x00046f58       0x44 C:/Users/gsvn0/Desktop/Do_an/dwm1001_anchor/DWM1001-Real-Time-Localization-System/dwm-simple/../../lib/libdwm.a(pm.o)
                0x00046f58                pm_can_sleep
 .text.pm_task_get_next
                0x00046f9c       0x54 C:/Users/gsvn0/Desktop/Do_an/dwm1001_anchor/DWM1001-Real-Time-Localization-System/dwm-simple/../../lib/libdwm.a(pm.o)
                0x00046f9c                pm_task_get_next
 .text.pm_sched_signal
                0x00046ff0        0xc C:/Users/gsvn0/Desktop/Do_an/dwm1001_anchor/DWM1001-Real-Time-Localization-System/dwm-simple/../../lib/libdwm.a(pm.o)
                0x00046ff0                pm_sched_signal
 .text.pm_sched_wait
                0x00046ffc        0xc C:/Users/gsvn0/Desktop/Do_an/dwm1001_anchor/DWM1001-Real-Time-Localization-System/dwm-simple/../../lib/libdwm.a(pm.o)
                0x00046ffc                pm_sched_wait
 .text.pm_task_lock
                0x00047008       0x26 C:/Users/gsvn0/Desktop/Do_an/dwm1001_anchor/DWM1001-Real-Time-Localization-System/dwm-simple/../../lib/libdwm.a(pm.o)
                0x00047008                pm_task_lock
 .text.pm_task_unlock
                0x0004702e       0x2c C:/Users/gsvn0/Desktop/Do_an/dwm1001_anchor/DWM1001-Real-Time-Localization-System/dwm-simple/../../lib/libdwm.a(pm.o)
                0x0004702e                pm_task_unlock
 *fill*         0x0004705a        0x2 
 .text.pm_task_unlock_set_alarm
                0x0004705c       0x98 C:/Users/gsvn0/Desktop/Do_an/dwm1001_anchor/DWM1001-Real-Time-Localization-System/dwm-simple/../../lib/libdwm.a(pm.o)
                0x0004705c                pm_task_unlock_set_alarm
 .text.pm_task_wakeup
                0x000470f4        0x4 C:/Users/gsvn0/Desktop/Do_an/dwm1001_anchor/DWM1001-Real-Time-Localization-System/dwm-simple/../../lib/libdwm.a(pm.o)
                0x000470f4                pm_task_wakeup
 .text.pm_task_alloc
                0x000470f8       0x64 C:/Users/gsvn0/Desktop/Do_an/dwm1001_anchor/DWM1001-Real-Time-Localization-System/dwm-simple/../../lib/libdwm.a(pm.o)
                0x000470f8                pm_task_alloc
 .text.pm_init  0x0004715c       0x54 C:/Users/gsvn0/Desktop/Do_an/dwm1001_anchor/DWM1001-Real-Time-Localization-System/dwm-simple/../../lib/libdwm.a(pm.o)
                0x0004715c                pm_init
 .text.api_thread_start
                0x000471b0       0x10 C:/Users/gsvn0/Desktop/Do_an/dwm1001_anchor/DWM1001-Real-Time-Localization-System/dwm-simple/../../lib/libdwm.a(process-api.o)
                0x000471b0                api_thread_start
 .text.api_thread_init
                0x000471c0       0x3c C:/Users/gsvn0/Desktop/Do_an/dwm1001_anchor/DWM1001-Real-Time-Localization-System/dwm-simple/../../lib/libdwm.a(process-api.o)
                0x000471c0                api_thread_init
 .text.ble_init_ready
                0x000471fc        0xc C:/Users/gsvn0/Desktop/Do_an/dwm1001_anchor/DWM1001-Real-Time-Localization-System/dwm-simple/../../lib/libdwm.a(process-ble.o)
                0x000471fc                ble_init_ready
 .text.le_print_disable
                0x00047208       0x10 C:/Users/gsvn0/Desktop/Do_an/dwm1001_anchor/DWM1001-Real-Time-Localization-System/dwm-simple/../../lib/libdwm.a(process-le.o)
 .text.nole_thread_entry
                0x00047218      0x2a8 C:/Users/gsvn0/Desktop/Do_an/dwm1001_anchor/DWM1001-Real-Time-Localization-System/dwm-simple/../../lib/libdwm.a(process-le.o)
 .text.le_thread_entry
                0x000474c0      0x48c C:/Users/gsvn0/Desktop/Do_an/dwm1001_anchor/DWM1001-Real-Time-Localization-System/dwm-simple/../../lib/libdwm.a(process-le.o)
 .text.le_post_loc_data
                0x0004794c       0x60 C:/Users/gsvn0/Desktop/Do_an/dwm1001_anchor/DWM1001-Real-Time-Localization-System/dwm-simple/../../lib/libdwm.a(process-le.o)
                0x0004794c                le_post_loc_data
 .text.le_init  0x000479ac       0x7c C:/Users/gsvn0/Desktop/Do_an/dwm1001_anchor/DWM1001-Real-Time-Localization-System/dwm-simple/../../lib/libdwm.a(process-le.o)
                0x000479ac                le_init
 .text.le_start
                0x00047a28       0x18 C:/Users/gsvn0/Desktop/Do_an/dwm1001_anchor/DWM1001-Real-Time-Localization-System/dwm-simple/../../lib/libdwm.a(process-le.o)
                0x00047a28                le_start
 .text.le_post_meas
                0x00047a40       0x78 C:/Users/gsvn0/Desktop/Do_an/dwm1001_anchor/DWM1001-Real-Time-Localization-System/dwm-simple/../../lib/libdwm.a(process-le.o)
                0x00047a40                le_post_meas
 .text.le_pos_get
                0x00047ab8       0x64 C:/Users/gsvn0/Desktop/Do_an/dwm1001_anchor/DWM1001-Real-Time-Localization-System/dwm-simple/../../lib/libdwm.a(process-le.o)
                0x00047ab8                le_pos_get
 .text.le_loc_get
                0x00047b1c      0x104 C:/Users/gsvn0/Desktop/Do_an/dwm1001_anchor/DWM1001-Real-Time-Localization-System/dwm-simple/../../lib/libdwm.a(process-le.o)
                0x00047b1c                le_loc_get
 .text.le_loc_print_toggle
                0x00047c20       0x28 C:/Users/gsvn0/Desktop/Do_an/dwm1001_anchor/DWM1001-Real-Time-Localization-System/dwm-simple/../../lib/libdwm.a(process-le.o)
                0x00047c20                le_loc_print_toggle
 .text.le_loc_ts_print_toggle
                0x00047c48       0x24 C:/Users/gsvn0/Desktop/Do_an/dwm1001_anchor/DWM1001-Real-Time-Localization-System/dwm-simple/../../lib/libdwm.a(process-le.o)
                0x00047c48                le_loc_ts_print_toggle
 .text.le_loc_csv_print_toggle
                0x00047c6c       0x28 C:/Users/gsvn0/Desktop/Do_an/dwm1001_anchor/DWM1001-Real-Time-Localization-System/dwm-simple/../../lib/libdwm.a(process-le.o)
                0x00047c6c                le_loc_csv_print_toggle
 .text.le_loc_csv_ts_print_toggle
                0x00047c94       0x28 C:/Users/gsvn0/Desktop/Do_an/dwm1001_anchor/DWM1001-Real-Time-Localization-System/dwm-simple/../../lib/libdwm.a(process-le.o)
                0x00047c94                le_loc_csv_ts_print_toggle
 .text.le_pos_csv_print_toggle
                0x00047cbc       0x24 C:/Users/gsvn0/Desktop/Do_an/dwm1001_anchor/DWM1001-Real-Time-Localization-System/dwm-simple/../../lib/libdwm.a(process-le.o)
                0x00047cbc                le_pos_csv_print_toggle
 .text.le_compile
                0x00047ce0       0x18 C:/Users/gsvn0/Desktop/Do_an/dwm1001_anchor/DWM1001-Real-Time-Localization-System/dwm-simple/../../lib/libdwm.a(process-le.o)
                0x00047ce0                le_compile
 .text.pm_thread_entry
                0x00047cf8       0x98 C:/Users/gsvn0/Desktop/Do_an/dwm1001_anchor/DWM1001-Real-Time-Localization-System/dwm-simple/../../lib/libdwm.a(process-pm.o)
 .text.hal_pm_init
                0x00047d90       0x70 C:/Users/gsvn0/Desktop/Do_an/dwm1001_anchor/DWM1001-Real-Time-Localization-System/dwm-simple/../../lib/libdwm.a(process-pm.o)
                0x00047d90                hal_pm_init
 .text.hal_pm_start
                0x00047e00        0xc C:/Users/gsvn0/Desktop/Do_an/dwm1001_anchor/DWM1001-Real-Time-Localization-System/dwm-simple/../../lib/libdwm.a(process-pm.o)
                0x00047e00                hal_pm_start
 .text.uwb0_recover.part.0
                0x00047e0c       0x1c C:/Users/gsvn0/Desktop/Do_an/dwm1001_anchor/DWM1001-Real-Time-Localization-System/dwm-simple/../../lib/libdwm.a(process-svc.o)
 .text.svc_thread_entry
                0x00047e28      0x2b0 C:/Users/gsvn0/Desktop/Do_an/dwm1001_anchor/DWM1001-Real-Time-Localization-System/dwm-simple/../../lib/libdwm.a(process-svc.o)
 .text.svc_init
                0x000480d8       0x3c C:/Users/gsvn0/Desktop/Do_an/dwm1001_anchor/DWM1001-Real-Time-Localization-System/dwm-simple/../../lib/libdwm.a(process-svc.o)
                0x000480d8                svc_init
 .text.svc_start
                0x00048114        0xc C:/Users/gsvn0/Desktop/Do_an/dwm1001_anchor/DWM1001-Real-Time-Localization-System/dwm-simple/../../lib/libdwm.a(process-svc.o)
                0x00048114                svc_start
 .text.svc_post_event
                0x00048120       0x64 C:/Users/gsvn0/Desktop/Do_an/dwm1001_anchor/DWM1001-Real-Time-Localization-System/dwm-simple/../../lib/libdwm.a(process-svc.o)
                0x00048120                svc_post_event
 .text.svc_suspend
                0x00048184       0x30 C:/Users/gsvn0/Desktop/Do_an/dwm1001_anchor/DWM1001-Real-Time-Localization-System/dwm-simple/../../lib/libdwm.a(process-svc.o)
                0x00048184                svc_suspend
 .text.svc_resume
                0x000481b4       0x28 C:/Users/gsvn0/Desktop/Do_an/dwm1001_anchor/DWM1001-Real-Time-Localization-System/dwm-simple/../../lib/libdwm.a(process-svc.o)
                0x000481b4                svc_resume
 .text.uwbmac_wkr_thread_entry
                0x000481dc       0x1c C:/Users/gsvn0/Desktop/Do_an/dwm1001_anchor/DWM1001-Real-Time-Localization-System/dwm-simple/../../lib/libdwm.a(process-uwbmac.o)
 .text.uwbmac_thread_entry
                0x000481f8      0x12c C:/Users/gsvn0/Desktop/Do_an/dwm1001_anchor/DWM1001-Real-Time-Localization-System/dwm-simple/../../lib/libdwm.a(process-uwbmac.o)
 .text.uwbmac_init
                0x00048324       0x6c C:/Users/gsvn0/Desktop/Do_an/dwm1001_anchor/DWM1001-Real-Time-Localization-System/dwm-simple/../../lib/libdwm.a(process-uwbmac.o)
                0x00048324                uwbmac_init
 .text.uwbmac_start
                0x00048390       0x18 C:/Users/gsvn0/Desktop/Do_an/dwm1001_anchor/DWM1001-Real-Time-Localization-System/dwm-simple/../../lib/libdwm.a(process-uwbmac.o)
                0x00048390                uwbmac_start
 .text.dw_intr  0x000483a8        0xc C:/Users/gsvn0/Desktop/Do_an/dwm1001_anchor/DWM1001-Real-Time-Localization-System/dwm-simple/../../lib/libdwm.a(process-uwb.o)
                0x000483a8                dw_intr
 .text.uwb_init_uwb0
                0x000483b4      0x42c C:/Users/gsvn0/Desktop/Do_an/dwm1001_anchor/DWM1001-Real-Time-Localization-System/dwm-simple/../../lib/libdwm.a(process-uwb.o)
                0x000483b4                uwb_init_uwb0
 .text.uwb_thread_entry
                0x000487e0       0xac C:/Users/gsvn0/Desktop/Do_an/dwm1001_anchor/DWM1001-Real-Time-Localization-System/dwm-simple/../../lib/libdwm.a(process-uwb.o)
 .text.uwb_init
                0x0004888c       0x3c C:/Users/gsvn0/Desktop/Do_an/dwm1001_anchor/DWM1001-Real-Time-Localization-System/dwm-simple/../../lib/libdwm.a(process-uwb.o)
                0x0004888c                uwb_init
 .text.uwb_start
                0x000488c8        0xc C:/Users/gsvn0/Desktop/Do_an/dwm1001_anchor/DWM1001-Real-Time-Localization-System/dwm-simple/../../lib/libdwm.a(process-uwb.o)
                0x000488c8                uwb_start
 .text.uwb_init_ready_await
                0x000488d4       0x18 C:/Users/gsvn0/Desktop/Do_an/dwm1001_anchor/DWM1001-Real-Time-Localization-System/dwm-simple/../../lib/libdwm.a(process-uwb.o)
                0x000488d4                uwb_init_ready_await
 .text.serial_sleep
                0x000488ec       0x10 C:/Users/gsvn0/Desktop/Do_an/dwm1001_anchor/DWM1001-Real-Time-Localization-System/dwm-simple/../../lib/libdwm.a(serial.o)
                0x000488ec                serial_sleep
 .text.serial_status_change_ntfy
                0x000488fc       0x10 C:/Users/gsvn0/Desktop/Do_an/dwm1001_anchor/DWM1001-Real-Time-Localization-System/dwm-simple/../../lib/libdwm.a(serial.o)
                0x000488fc                serial_status_change_ntfy
 .text.serial_start
                0x0004890c       0x10 C:/Users/gsvn0/Desktop/Do_an/dwm1001_anchor/DWM1001-Real-Time-Localization-System/dwm-simple/../../lib/libdwm.a(serial.o)
                0x0004890c                serial_start
 .text.serial_is_uart_compiled
                0x0004891c        0xc C:/Users/gsvn0/Desktop/Do_an/dwm1001_anchor/DWM1001-Real-Time-Localization-System/dwm-simple/../../lib/libdwm.a(serial.o)
                0x0004891c                serial_is_uart_compiled
 .text.serial_is_compiled
                0x00048928        0xc C:/Users/gsvn0/Desktop/Do_an/dwm1001_anchor/DWM1001-Real-Time-Localization-System/dwm-simple/../../lib/libdwm.a(serial.o)
                0x00048928                serial_is_compiled
 .text.cmd_enc_key_clear
                0x00048934       0x34 C:/Users/gsvn0/Desktop/Do_an/dwm1001_anchor/DWM1001-Real-Time-Localization-System/dwm-simple/../../lib/libdwm.a(shell-api.o)
                0x00048934                cmd_enc_key_clear
 .text.cmd_nvm_usr_data_clear
                0x00048968       0x38 C:/Users/gsvn0/Desktop/Do_an/dwm1001_anchor/DWM1001-Real-Time-Localization-System/dwm-simple/../../lib/libdwm.a(shell-api.o)
 .text.cmd_nvm_usr_data_set
                0x000489a0       0xb8 C:/Users/gsvn0/Desktop/Do_an/dwm1001_anchor/DWM1001-Real-Time-Localization-System/dwm-simple/../../lib/libdwm.a(shell-api.o)
 .text.cmd_tlv  0x00048a58       0xb0 C:/Users/gsvn0/Desktop/Do_an/dwm1001_anchor/DWM1001-Real-Time-Localization-System/dwm-simple/../../lib/libdwm.a(shell-api.o)
 .text.api_cb   0x00048b08       0x44 C:/Users/gsvn0/Desktop/Do_an/dwm1001_anchor/DWM1001-Real-Time-Localization-System/dwm-simple/../../lib/libdwm.a(shell-api.o)
 .text.cmd_enc_key_set
                0x00048b4c       0x94 C:/Users/gsvn0/Desktop/Do_an/dwm1001_anchor/DWM1001-Real-Time-Localization-System/dwm-simple/../../lib/libdwm.a(shell-api.o)
                0x00048b4c                cmd_enc_key_set
 .text.cmd_nvm_usr_data_get
                0x00048be0       0x64 C:/Users/gsvn0/Desktop/Do_an/dwm1001_anchor/DWM1001-Real-Time-Localization-System/dwm-simple/../../lib/libdwm.a(shell-api.o)
 .text.cmd_cfg_tn_set
                0x00048c44      0x120 C:/Users/gsvn0/Desktop/Do_an/dwm1001_anchor/DWM1001-Real-Time-Localization-System/dwm-simple/../../lib/libdwm.a(shell-api.o)
 .text.cmd_cfg_an_set
                0x00048d64       0xf4 C:/Users/gsvn0/Desktop/Do_an/dwm1001_anchor/DWM1001-Real-Time-Localization-System/dwm-simple/../../lib/libdwm.a(shell-api.o)
 .text.cmd_pos_set
                0x00048e58       0x88 C:/Users/gsvn0/Desktop/Do_an/dwm1001_anchor/DWM1001-Real-Time-Localization-System/dwm-simple/../../lib/libdwm.a(shell-api.o)
 .text.cmd_pos_get
                0x00048ee0       0x48 C:/Users/gsvn0/Desktop/Do_an/dwm1001_anchor/DWM1001-Real-Time-Localization-System/dwm-simple/../../lib/libdwm.a(shell-api.o)
 .text.cmd_ur_get
                0x00048f28       0x4c C:/Users/gsvn0/Desktop/Do_an/dwm1001_anchor/DWM1001-Real-Time-Localization-System/dwm-simple/../../lib/libdwm.a(shell-api.o)
 .text.cmd_ur_set
                0x00048f74       0x7c C:/Users/gsvn0/Desktop/Do_an/dwm1001_anchor/DWM1001-Real-Time-Localization-System/dwm-simple/../../lib/libdwm.a(shell-api.o)
 .text.cmd_le_show_loc
                0x00048ff0       0x2c C:/Users/gsvn0/Desktop/Do_an/dwm1001_anchor/DWM1001-Real-Time-Localization-System/dwm-simple/../../lib/libdwm.a(shell-le.o)
                0x00048ff0                cmd_le_show_loc
 .text.cmd_le_show_loc_csv
                0x0004901c       0x2c C:/Users/gsvn0/Desktop/Do_an/dwm1001_anchor/DWM1001-Real-Time-Localization-System/dwm-simple/../../lib/libdwm.a(shell-le.o)
                0x0004901c                cmd_le_show_loc_csv
 .text.cmd_le_show_pos_csv
                0x00049048        0x4 C:/Users/gsvn0/Desktop/Do_an/dwm1001_anchor/DWM1001-Real-Time-Localization-System/dwm-simple/../../lib/libdwm.a(shell-le.o)
                0x00049048                cmd_le_show_pos_csv
 .text.dwm_shell_init
                0x0004904c       0x10 C:/Users/gsvn0/Desktop/Do_an/dwm1001_anchor/DWM1001-Real-Time-Localization-System/dwm-simple/../../lib/libdwm.a(shell.o)
                0x0004904c                dwm_shell_init
 .text.shell_start
                0x0004905c       0x10 C:/Users/gsvn0/Desktop/Do_an/dwm1001_anchor/DWM1001-Real-Time-Localization-System/dwm-simple/../../lib/libdwm.a(shell.o)
                0x0004905c                shell_start
 .text.shell_delete_if_unused
                0x0004906c       0x10 C:/Users/gsvn0/Desktop/Do_an/dwm1001_anchor/DWM1001-Real-Time-Localization-System/dwm-simple/../../lib/libdwm.a(shell.o)
                0x0004906c                shell_delete_if_unused
 .text.shell_add_cmds
                0x0004907c       0x10 C:/Users/gsvn0/Desktop/Do_an/dwm1001_anchor/DWM1001-Real-Time-Localization-System/dwm-simple/../../lib/libdwm.a(shell.o)
                0x0004907c                shell_add_cmds
 .text.get_argc
                0x0004908c       0x10 C:/Users/gsvn0/Desktop/Do_an/dwm1001_anchor/DWM1001-Real-Time-Localization-System/dwm-simple/../../lib/libdwm.a(shell.o)
                0x0004908c                get_argc
 .text.shell_get_arg
                0x0004909c       0x10 C:/Users/gsvn0/Desktop/Do_an/dwm1001_anchor/DWM1001-Real-Time-Localization-System/dwm-simple/../../lib/libdwm.a(shell.o)
                0x0004909c                shell_get_arg
 .text.shell_get_arg_int
                0x000490ac       0x10 C:/Users/gsvn0/Desktop/Do_an/dwm1001_anchor/DWM1001-Real-Time-Localization-System/dwm-simple/../../lib/libdwm.a(shell.o)
                0x000490ac                shell_get_arg_int
 .text.shell_show_hidden
                0x000490bc       0x10 C:/Users/gsvn0/Desktop/Do_an/dwm1001_anchor/DWM1001-Real-Time-Localization-System/dwm-simple/../../lib/libdwm.a(shell.o)
                0x000490bc                shell_show_hidden
 .text.shell_show_hidden_enabled
                0x000490cc       0x14 C:/Users/gsvn0/Desktop/Do_an/dwm1001_anchor/DWM1001-Real-Time-Localization-System/dwm-simple/../../lib/libdwm.a(shell.o)
                0x000490cc                shell_show_hidden_enabled
 .text.shell_is_compiled
                0x000490e0        0xc C:/Users/gsvn0/Desktop/Do_an/dwm1001_anchor/DWM1001-Real-Time-Localization-System/dwm-simple/../../lib/libdwm.a(shell.o)
                0x000490e0                shell_is_compiled
 .text.cmd_twi  0x000490ec       0xc4 C:/Users/gsvn0/Desktop/Do_an/dwm1001_anchor/DWM1001-Real-Time-Localization-System/dwm-simple/../../lib/libdwm.a(shell-sens.o)
                0x000490ec                cmd_twi
 .text.cmd_stnry_cfg_get
                0x000491b0       0x2c C:/Users/gsvn0/Desktop/Do_an/dwm1001_anchor/DWM1001-Real-Time-Localization-System/dwm-simple/../../lib/libdwm.a(shell-sens.o)
                0x000491b0                cmd_stnry_cfg_get
 .text.cmd_acc_xyz
                0x000491dc       0x48 C:/Users/gsvn0/Desktop/Do_an/dwm1001_anchor/DWM1001-Real-Time-Localization-System/dwm-simple/../../lib/libdwm.a(shell-sens.o)
 .text.cmd_acc_id
                0x00049224       0x24 C:/Users/gsvn0/Desktop/Do_an/dwm1001_anchor/DWM1001-Real-Time-Localization-System/dwm-simple/../../lib/libdwm.a(shell-sens.o)
 .text.cmd_stnry_cfg_set
                0x00049248       0x60 C:/Users/gsvn0/Desktop/Do_an/dwm1001_anchor/DWM1001-Real-Time-Localization-System/dwm-simple/../../lib/libdwm.a(shell-sens.o)
                0x00049248                cmd_stnry_cfg_set
 .text.NVIC_SystemReset
                0x000492a8       0x24 C:/Users/gsvn0/Desktop/Do_an/dwm1001_anchor/DWM1001-Real-Time-Localization-System/dwm-simple/../../lib/libdwm.a(shell-uwbmac.o)
 .text.cmd_uwbmac_stats_clear
                0x000492cc       0x28 C:/Users/gsvn0/Desktop/Do_an/dwm1001_anchor/DWM1001-Real-Time-Localization-System/dwm-simple/../../lib/libdwm.a(shell-uwbmac.o)
 .text.cmd_test_udi
                0x000492f4       0x38 C:/Users/gsvn0/Desktop/Do_an/dwm1001_anchor/DWM1001-Real-Time-Localization-System/dwm-simple/../../lib/libdwm.a(shell-uwbmac.o)
 .text.cmd_uwbmac_stats_get
                0x0004932c        0xe C:/Users/gsvn0/Desktop/Do_an/dwm1001_anchor/DWM1001-Real-Time-Localization-System/dwm-simple/../../lib/libdwm.a(shell-uwbmac.o)
 *fill*         0x0004933a        0x2 
 .text.cmd_test_uui
                0x0004933c      0x170 C:/Users/gsvn0/Desktop/Do_an/dwm1001_anchor/DWM1001-Real-Time-Localization-System/dwm-simple/../../lib/libdwm.a(shell-uwbmac.o)
 .text.cmd_uwbmac_lrn
                0x000494ac       0xf4 C:/Users/gsvn0/Desktop/Do_an/dwm1001_anchor/DWM1001-Real-Time-Localization-System/dwm-simple/../../lib/libdwm.a(shell-uwbmac.o)
 .text.cmd_uwbmac_lr
                0x000495a0       0xf4 C:/Users/gsvn0/Desktop/Do_an/dwm1001_anchor/DWM1001-Real-Time-Localization-System/dwm-simple/../../lib/libdwm.a(shell-uwbmac.o)
 .text.cmd_uwbmac_lb
                0x00049694       0x18 C:/Users/gsvn0/Desktop/Do_an/dwm1001_anchor/DWM1001-Real-Time-Localization-System/dwm-simple/../../lib/libdwm.a(shell-uwbmac.o)
 .text.cmd_uwbmac_la
                0x000496ac       0x18 C:/Users/gsvn0/Desktop/Do_an/dwm1001_anchor/DWM1001-Real-Time-Localization-System/dwm-simple/../../lib/libdwm.a(shell-uwbmac.o)
 .text.cmd_uwbmac_reinit
                0x000496c4       0x64 C:/Users/gsvn0/Desktop/Do_an/dwm1001_anchor/DWM1001-Real-Time-Localization-System/dwm-simple/../../lib/libdwm.a(shell-uwbmac.o)
 .text.cmd_acf_toggle
                0x00049728       0x58 C:/Users/gsvn0/Desktop/Do_an/dwm1001_anchor/DWM1001-Real-Time-Localization-System/dwm-simple/../../lib/libdwm.a(shell-uwbmac.o)
 .text.cmd_bpc_toggle
                0x00049780       0x58 C:/Users/gsvn0/Desktop/Do_an/dwm1001_anchor/DWM1001-Real-Time-Localization-System/dwm-simple/../../lib/libdwm.a(shell-uwbmac.o)
 .text.cmd_node_mode_set_bn
                0x000497d8        0xe C:/Users/gsvn0/Desktop/Do_an/dwm1001_anchor/DWM1001-Real-Time-Localization-System/dwm-simple/../../lib/libdwm.a(shell-uwbmac.o)
 .text.cmd_node_mode_set_tn_lp
                0x000497e6        0xe C:/Users/gsvn0/Desktop/Do_an/dwm1001_anchor/DWM1001-Real-Time-Localization-System/dwm-simple/../../lib/libdwm.a(shell-uwbmac.o)
 .text.cmd_node_mode_set_tn
                0x000497f4        0xe C:/Users/gsvn0/Desktop/Do_an/dwm1001_anchor/DWM1001-Real-Time-Localization-System/dwm-simple/../../lib/libdwm.a(shell-uwbmac.o)
 .text.cmd_node_mode_set_ani
                0x00049802        0xe C:/Users/gsvn0/Desktop/Do_an/dwm1001_anchor/DWM1001-Real-Time-Localization-System/dwm-simple/../../lib/libdwm.a(shell-uwbmac.o)
 .text.cmd_node_mode_set_an
                0x00049810        0xe C:/Users/gsvn0/Desktop/Do_an/dwm1001_anchor/DWM1001-Real-Time-Localization-System/dwm-simple/../../lib/libdwm.a(shell-uwbmac.o)
 .text.cmd_node_mode_set_pn_off
                0x0004981e       0x10 C:/Users/gsvn0/Desktop/Do_an/dwm1001_anchor/DWM1001-Real-Time-Localization-System/dwm-simple/../../lib/libdwm.a(shell-uwbmac.o)
 .text.cmd_node_mode_set_pn_pasv
                0x0004982e       0x10 C:/Users/gsvn0/Desktop/Do_an/dwm1001_anchor/DWM1001-Real-Time-Localization-System/dwm-simple/../../lib/libdwm.a(shell-uwbmac.o)
 *fill*         0x0004983e        0x2 
 .text.cmd_node_mode_get
                0x00049840       0x24 C:/Users/gsvn0/Desktop/Do_an/dwm1001_anchor/DWM1001-Real-Time-Localization-System/dwm-simple/../../lib/libdwm.a(shell-uwbmac.o)
 .text.cmd_uwbmac_nls
                0x00049864       0x7c C:/Users/gsvn0/Desktop/Do_an/dwm1001_anchor/DWM1001-Real-Time-Localization-System/dwm-simple/../../lib/libdwm.a(shell-uwbmac.o)
 .text.cmd_uwbmac_nis
                0x000498e0       0x78 C:/Users/gsvn0/Desktop/Do_an/dwm1001_anchor/DWM1001-Real-Time-Localization-System/dwm-simple/../../lib/libdwm.a(shell-uwbmac.o)
 .text.sd_softdevice_disable
                0x00049958        0x4 C:/Users/gsvn0/Desktop/Do_an/dwm1001_anchor/DWM1001-Real-Time-Localization-System/dwm-simple/../../lib/libdwm.a(softdevice_handler.o)
 .text.softdevice_handler_is_enabled
                0x0004995c        0xc C:/Users/gsvn0/Desktop/Do_an/dwm1001_anchor/DWM1001-Real-Time-Localization-System/dwm-simple/../../lib/libdwm.a(softdevice_handler.o)
                0x0004995c                softdevice_handler_is_enabled
 .text.softdevice_handler_sd_disable
                0x00049968       0x1c C:/Users/gsvn0/Desktop/Do_an/dwm1001_anchor/DWM1001-Real-Time-Localization-System/dwm-simple/../../lib/libdwm.a(softdevice_handler.o)
                0x00049968                softdevice_handler_sd_disable
 .text.stats_get_data
                0x00049984        0x8 C:/Users/gsvn0/Desktop/Do_an/dwm1001_anchor/DWM1001-Real-Time-Localization-System/dwm-simple/../../lib/libdwm.a(stats.o)
                0x00049984                stats_get_data
 .text.stats_reset
                0x0004998c        0x8 C:/Users/gsvn0/Desktop/Do_an/dwm1001_anchor/DWM1001-Real-Time-Localization-System/dwm-simple/../../lib/libdwm.a(stats.o)
                0x0004998c                stats_reset
 .text.stats_get_tot_err
                0x00049994       0x4c C:/Users/gsvn0/Desktop/Do_an/dwm1001_anchor/DWM1001-Real-Time-Localization-System/dwm-simple/../../lib/libdwm.a(stats.o)
                0x00049994                stats_get_tot_err
 .text.stats_dump
                0x000499e0      0x2e8 C:/Users/gsvn0/Desktop/Do_an/dwm1001_anchor/DWM1001-Real-Time-Localization-System/dwm-simple/../../lib/libdwm.a(stats.o)
                0x000499e0                stats_dump
 .text.env_bytes_get
                0x00049cc8       0x28 C:/Users/gsvn0/Desktop/Do_an/dwm1001_anchor/DWM1001-Real-Time-Localization-System/dwm-simple/../../lib/libdwm.a(sys-cfg.o)
 .text.sys_cfg_type_is_valid
                0x00049cf0       0x14 C:/Users/gsvn0/Desktop/Do_an/dwm1001_anchor/DWM1001-Real-Time-Localization-System/dwm-simple/../../lib/libdwm.a(sys-cfg.o)
 .text.sys_cfg_type_load
                0x00049d04       0x24 C:/Users/gsvn0/Desktop/Do_an/dwm1001_anchor/DWM1001-Real-Time-Localization-System/dwm-simple/../../lib/libdwm.a(sys-cfg.o)
 .text.sys_cfg_node_save.constprop.8
                0x00049d28       0x1c C:/Users/gsvn0/Desktop/Do_an/dwm1001_anchor/DWM1001-Real-Time-Localization-System/dwm-simple/../../lib/libdwm.a(sys-cfg.o)
 .text.sys_cfg_uwbmac_save.constprop.2
                0x00049d44       0x1c C:/Users/gsvn0/Desktop/Do_an/dwm1001_anchor/DWM1001-Real-Time-Localization-System/dwm-simple/../../lib/libdwm.a(sys-cfg.o)
 .text.sys_cfg_uwb0_save.constprop.5
                0x00049d60       0x1c C:/Users/gsvn0/Desktop/Do_an/dwm1001_anchor/DWM1001-Real-Time-Localization-System/dwm-simple/../../lib/libdwm.a(sys-cfg.o)
 .text.sys_cfg_node_get
                0x00049d7c       0x14 C:/Users/gsvn0/Desktop/Do_an/dwm1001_anchor/DWM1001-Real-Time-Localization-System/dwm-simple/../../lib/libdwm.a(sys-cfg.o)
                0x00049d7c                sys_cfg_node_get
 .text.sys_cfg_fw_info_update
                0x00049d90       0x68 C:/Users/gsvn0/Desktop/Do_an/dwm1001_anchor/DWM1001-Real-Time-Localization-System/dwm-simple/../../lib/libdwm.a(sys-cfg.o)
                0x00049d90                sys_cfg_fw_info_update
 .text.sys_cfg_name_set
                0x00049df8       0x28 C:/Users/gsvn0/Desktop/Do_an/dwm1001_anchor/DWM1001-Real-Time-Localization-System/dwm-simple/../../lib/libdwm.a(sys-cfg.o)
                0x00049df8                sys_cfg_name_set
 .text.sys_cfg_usr_data_get
                0x00049e20        0x8 C:/Users/gsvn0/Desktop/Do_an/dwm1001_anchor/DWM1001-Real-Time-Localization-System/dwm-simple/../../lib/libdwm.a(sys-cfg.o)
                0x00049e20                sys_cfg_usr_data_get
 .text.sys_cfg_usr_data_set
                0x00049e28       0x28 C:/Users/gsvn0/Desktop/Do_an/dwm1001_anchor/DWM1001-Real-Time-Localization-System/dwm-simple/../../lib/libdwm.a(sys-cfg.o)
                0x00049e28                sys_cfg_usr_data_set
 .text.sys_cfg_uwb0_get
                0x00049e50       0x18 C:/Users/gsvn0/Desktop/Do_an/dwm1001_anchor/DWM1001-Real-Time-Localization-System/dwm-simple/../../lib/libdwm.a(sys-cfg.o)
                0x00049e50                sys_cfg_uwb0_get
 .text.sys_cfg_uwb0_set
                0x00049e68       0x34 C:/Users/gsvn0/Desktop/Do_an/dwm1001_anchor/DWM1001-Real-Time-Localization-System/dwm-simple/../../lib/libdwm.a(sys-cfg.o)
                0x00049e68                sys_cfg_uwb0_set
 .text.sys_cfg_uwb0_tx_get
                0x00049e9c       0x38 C:/Users/gsvn0/Desktop/Do_an/dwm1001_anchor/DWM1001-Real-Time-Localization-System/dwm-simple/../../lib/libdwm.a(sys-cfg.o)
                0x00049e9c                sys_cfg_uwb0_tx_get
 .text.sys_cfg_uwb0_tx_set
                0x00049ed4       0x2c C:/Users/gsvn0/Desktop/Do_an/dwm1001_anchor/DWM1001-Real-Time-Localization-System/dwm-simple/../../lib/libdwm.a(sys-cfg.o)
                0x00049ed4                sys_cfg_uwb0_tx_set
 .text.sys_cfg_uwb0_ant_get
                0x00049f00       0x2c C:/Users/gsvn0/Desktop/Do_an/dwm1001_anchor/DWM1001-Real-Time-Localization-System/dwm-simple/../../lib/libdwm.a(sys-cfg.o)
                0x00049f00                sys_cfg_uwb0_ant_get
 .text.sys_cfg_uwb0_xtaltrim_get
                0x00049f2c       0x20 C:/Users/gsvn0/Desktop/Do_an/dwm1001_anchor/DWM1001-Real-Time-Localization-System/dwm-simple/../../lib/libdwm.a(sys-cfg.o)
                0x00049f2c                sys_cfg_uwb0_xtaltrim_get
 .text.sys_cfg_panid_get
                0x00049f4c       0x1c C:/Users/gsvn0/Desktop/Do_an/dwm1001_anchor/DWM1001-Real-Time-Localization-System/dwm-simple/../../lib/libdwm.a(sys-cfg.o)
                0x00049f4c                sys_cfg_panid_get
 .text.sys_cfg_panid_set
                0x00049f68       0x20 C:/Users/gsvn0/Desktop/Do_an/dwm1001_anchor/DWM1001-Real-Time-Localization-System/dwm-simple/../../lib/libdwm.a(sys-cfg.o)
                0x00049f68                sys_cfg_panid_set
 .text.sys_cfg_uwbmac_get
                0x00049f88       0x18 C:/Users/gsvn0/Desktop/Do_an/dwm1001_anchor/DWM1001-Real-Time-Localization-System/dwm-simple/../../lib/libdwm.a(sys-cfg.o)
                0x00049f88                sys_cfg_uwbmac_get
 .text.sys_cfg_opt_get
                0x00049fa0       0x1c C:/Users/gsvn0/Desktop/Do_an/dwm1001_anchor/DWM1001-Real-Time-Localization-System/dwm-simple/../../lib/libdwm.a(sys-cfg.o)
                0x00049fa0                sys_cfg_opt_get
 .text.sys_cfg_opt_set
                0x00049fbc       0x20 C:/Users/gsvn0/Desktop/Do_an/dwm1001_anchor/DWM1001-Real-Time-Localization-System/dwm-simple/../../lib/libdwm.a(sys-cfg.o)
                0x00049fbc                sys_cfg_opt_set
 .text.sys_cfg_opt_enable
                0x00049fdc       0x20 C:/Users/gsvn0/Desktop/Do_an/dwm1001_anchor/DWM1001-Real-Time-Localization-System/dwm-simple/../../lib/libdwm.a(sys-cfg.o)
                0x00049fdc                sys_cfg_opt_enable
 .text.sys_cfg_intr_get
                0x00049ffc       0x1c C:/Users/gsvn0/Desktop/Do_an/dwm1001_anchor/DWM1001-Real-Time-Localization-System/dwm-simple/../../lib/libdwm.a(sys-cfg.o)
                0x00049ffc                sys_cfg_intr_get
 .text.sys_cfg_intr_set
                0x0004a018       0x20 C:/Users/gsvn0/Desktop/Do_an/dwm1001_anchor/DWM1001-Real-Time-Localization-System/dwm-simple/../../lib/libdwm.a(sys-cfg.o)
                0x0004a018                sys_cfg_intr_set
 .text.sys_cfg_pos_set
                0x0004a038       0x3c C:/Users/gsvn0/Desktop/Do_an/dwm1001_anchor/DWM1001-Real-Time-Localization-System/dwm-simple/../../lib/libdwm.a(sys-cfg.o)
                0x0004a038                sys_cfg_pos_set
 .text.sys_cfg_upd_per_get
                0x0004a074       0x20 C:/Users/gsvn0/Desktop/Do_an/dwm1001_anchor/DWM1001-Real-Time-Localization-System/dwm-simple/../../lib/libdwm.a(sys-cfg.o)
                0x0004a074                sys_cfg_upd_per_get
 .text.sys_cfg_upd_per_set
                0x0004a094       0x20 C:/Users/gsvn0/Desktop/Do_an/dwm1001_anchor/DWM1001-Real-Time-Localization-System/dwm-simple/../../lib/libdwm.a(sys-cfg.o)
                0x0004a094                sys_cfg_upd_per_set
 .text.sys_cfg_enc_key_get
                0x0004a0b4       0x34 C:/Users/gsvn0/Desktop/Do_an/dwm1001_anchor/DWM1001-Real-Time-Localization-System/dwm-simple/../../lib/libdwm.a(sys-cfg.o)
                0x0004a0b4                sys_cfg_enc_key_get
 .text.sys_cfg_enc_key_clear
                0x0004a0e8       0x18 C:/Users/gsvn0/Desktop/Do_an/dwm1001_anchor/DWM1001-Real-Time-Localization-System/dwm-simple/../../lib/libdwm.a(sys-cfg.o)
                0x0004a0e8                sys_cfg_enc_key_clear
 .text.sys_cfg_stat_det_get
                0x0004a100       0x30 C:/Users/gsvn0/Desktop/Do_an/dwm1001_anchor/DWM1001-Real-Time-Localization-System/dwm-simple/../../lib/libdwm.a(sys-cfg.o)
                0x0004a100                sys_cfg_stat_det_get
 .text.sys_cfg_bn_bind_get
                0x0004a130       0x28 C:/Users/gsvn0/Desktop/Do_an/dwm1001_anchor/DWM1001-Real-Time-Localization-System/dwm-simple/../../lib/libdwm.a(sys-cfg.o)
                0x0004a130                sys_cfg_bn_bind_get
 .text.sys_cfg_sync
                0x0004a158       0x18 C:/Users/gsvn0/Desktop/Do_an/dwm1001_anchor/DWM1001-Real-Time-Localization-System/dwm-simple/../../lib/libdwm.a(sys-cfg.o)
                0x0004a158                sys_cfg_sync
 .text.sys_cfg_name_get
                0x0004a170       0x5c C:/Users/gsvn0/Desktop/Do_an/dwm1001_anchor/DWM1001-Real-Time-Localization-System/dwm-simple/../../lib/libdwm.a(sys-cfg.o)
                0x0004a170                sys_cfg_name_get
 .text.sys_cfg_stat_det_set
                0x0004a1cc       0x40 C:/Users/gsvn0/Desktop/Do_an/dwm1001_anchor/DWM1001-Real-Time-Localization-System/dwm-simple/../../lib/libdwm.a(sys-cfg.o)
                0x0004a1cc                sys_cfg_stat_det_set
 .text.sys_cfg_load
                0x0004a20c      0x134 C:/Users/gsvn0/Desktop/Do_an/dwm1001_anchor/DWM1001-Real-Time-Localization-System/dwm-simple/../../lib/libdwm.a(sys-cfg.o)
                0x0004a20c                sys_cfg_load
 .text.sys_cfg_is_an
                0x0004a340       0x1c C:/Users/gsvn0/Desktop/Do_an/dwm1001_anchor/DWM1001-Real-Time-Localization-System/dwm-simple/../../lib/libdwm.a(sys-cfg.o)
                0x0004a340                sys_cfg_is_an
 .text.sys_cfg_is_tn
                0x0004a35c       0x20 C:/Users/gsvn0/Desktop/Do_an/dwm1001_anchor/DWM1001-Real-Time-Localization-System/dwm-simple/../../lib/libdwm.a(sys-cfg.o)
                0x0004a35c                sys_cfg_is_tn
 .text.sys_cfg_is_tn_lp
                0x0004a37c       0x24 C:/Users/gsvn0/Desktop/Do_an/dwm1001_anchor/DWM1001-Real-Time-Localization-System/dwm-simple/../../lib/libdwm.a(sys-cfg.o)
                0x0004a37c                sys_cfg_is_tn_lp
 .text.sys_cfg_is_pn
                0x0004a3a0       0x20 C:/Users/gsvn0/Desktop/Do_an/dwm1001_anchor/DWM1001-Real-Time-Localization-System/dwm-simple/../../lib/libdwm.a(sys-cfg.o)
                0x0004a3a0                sys_cfg_is_pn
 .text.sys_cfg_is_bn
                0x0004a3c0       0x1c C:/Users/gsvn0/Desktop/Do_an/dwm1001_anchor/DWM1001-Real-Time-Localization-System/dwm-simple/../../lib/libdwm.a(sys-cfg.o)
                0x0004a3c0                sys_cfg_is_bn
 .text.sys_cfg_is_initiator
                0x0004a3dc       0x1c C:/Users/gsvn0/Desktop/Do_an/dwm1001_anchor/DWM1001-Real-Time-Localization-System/dwm-simple/../../lib/libdwm.a(sys-cfg.o)
                0x0004a3dc                sys_cfg_is_initiator
 .text.sys_cfg_has_pasv
                0x0004a3f8       0x1c C:/Users/gsvn0/Desktop/Do_an/dwm1001_anchor/DWM1001-Real-Time-Localization-System/dwm-simple/../../lib/libdwm.a(sys-cfg.o)
                0x0004a3f8                sys_cfg_has_pasv
 .text.sys_cfg_has_off
                0x0004a414       0x1c C:/Users/gsvn0/Desktop/Do_an/dwm1001_anchor/DWM1001-Real-Time-Localization-System/dwm-simple/../../lib/libdwm.a(sys-cfg.o)
                0x0004a414                sys_cfg_has_off
 .text.sys_cfg_has_lp
                0x0004a430       0x1c C:/Users/gsvn0/Desktop/Do_an/dwm1001_anchor/DWM1001-Real-Time-Localization-System/dwm-simple/../../lib/libdwm.a(sys-cfg.o)
                0x0004a430                sys_cfg_has_lp
 .text.sys_cfg_has_twr
                0x0004a44c       0x1c C:/Users/gsvn0/Desktop/Do_an/dwm1001_anchor/DWM1001-Real-Time-Localization-System/dwm-simple/../../lib/libdwm.a(sys-cfg.o)
                0x0004a44c                sys_cfg_has_twr
 .text.sys_cfg_has_tdoa
                0x0004a468       0x1c C:/Users/gsvn0/Desktop/Do_an/dwm1001_anchor/DWM1001-Real-Time-Localization-System/dwm-simple/../../lib/libdwm.a(sys-cfg.o)
                0x0004a468                sys_cfg_has_tdoa
 .text.sys_cfg_has_le
                0x0004a484       0x1c C:/Users/gsvn0/Desktop/Do_an/dwm1001_anchor/DWM1001-Real-Time-Localization-System/dwm-simple/../../lib/libdwm.a(sys-cfg.o)
                0x0004a484                sys_cfg_has_le
 .text.sys_cfg_has_fwup
                0x0004a4a0       0x1c C:/Users/gsvn0/Desktop/Do_an/dwm1001_anchor/DWM1001-Real-Time-Localization-System/dwm-simple/../../lib/libdwm.a(sys-cfg.o)
                0x0004a4a0                sys_cfg_has_fwup
 .text.sys_cfg_has_ble
                0x0004a4bc       0x1c C:/Users/gsvn0/Desktop/Do_an/dwm1001_anchor/DWM1001-Real-Time-Localization-System/dwm-simple/../../lib/libdwm.a(sys-cfg.o)
                0x0004a4bc                sys_cfg_has_ble
 .text.sys_cfg_has_bpc
                0x0004a4d8       0x1c C:/Users/gsvn0/Desktop/Do_an/dwm1001_anchor/DWM1001-Real-Time-Localization-System/dwm-simple/../../lib/libdwm.a(sys-cfg.o)
                0x0004a4d8                sys_cfg_has_bpc
 .text.sys_cfg_has_dut
                0x0004a4f4       0x1c C:/Users/gsvn0/Desktop/Do_an/dwm1001_anchor/DWM1001-Real-Time-Localization-System/dwm-simple/../../lib/libdwm.a(sys-cfg.o)
                0x0004a4f4                sys_cfg_has_dut
 .text.sys_cfg_has_acf
                0x0004a510       0x1c C:/Users/gsvn0/Desktop/Do_an/dwm1001_anchor/DWM1001-Real-Time-Localization-System/dwm-simple/../../lib/libdwm.a(sys-cfg.o)
                0x0004a510                sys_cfg_has_acf
 .text.sys_cfg_has_enc
                0x0004a52c       0x1c C:/Users/gsvn0/Desktop/Do_an/dwm1001_anchor/DWM1001-Real-Time-Localization-System/dwm-simple/../../lib/libdwm.a(sys-cfg.o)
                0x0004a52c                sys_cfg_has_enc
 .text.sys_cfg_enc_key_set
                0x0004a548       0x60 C:/Users/gsvn0/Desktop/Do_an/dwm1001_anchor/DWM1001-Real-Time-Localization-System/dwm-simple/../../lib/libdwm.a(sys-cfg.o)
                0x0004a548                sys_cfg_enc_key_set
 .text.sys_cfg_has_acc
                0x0004a5a8       0x1c C:/Users/gsvn0/Desktop/Do_an/dwm1001_anchor/DWM1001-Real-Time-Localization-System/dwm-simple/../../lib/libdwm.a(sys-cfg.o)
                0x0004a5a8                sys_cfg_has_acc
 .text.sys_cfg_has_leds
                0x0004a5c4       0x1c C:/Users/gsvn0/Desktop/Do_an/dwm1001_anchor/DWM1001-Real-Time-Localization-System/dwm-simple/../../lib/libdwm.a(sys-cfg.o)
                0x0004a5c4                sys_cfg_has_leds
 .text.sys_cfg_mode_set_ani
                0x0004a5e0       0x26 C:/Users/gsvn0/Desktop/Do_an/dwm1001_anchor/DWM1001-Real-Time-Localization-System/dwm-simple/../../lib/libdwm.a(sys-cfg.o)
                0x0004a5e0                sys_cfg_mode_set_ani
 .text.sys_cfg_mode_set_an
                0x0004a606       0x26 C:/Users/gsvn0/Desktop/Do_an/dwm1001_anchor/DWM1001-Real-Time-Localization-System/dwm-simple/../../lib/libdwm.a(sys-cfg.o)
                0x0004a606                sys_cfg_mode_set_an
 .text.sys_cfg_mode_set_tn